05-14 06:13:50.692 10947-10991/com.askey.firefly.zwave.control D/zgw: bridge_virtual_node_commandhandler Handled
05-14 06:13:50.693 10947-10991/com.askey.firefly.zwave.control D/zgw: Sending first attempt
05-14 06:13:50.693 10947-10991/com.askey.firefly.zwave.control D/zgw: DeMangled src 6 dst 4:0
05-14 06:13:50.693 10947-10991/com.askey.firefly.zwave.control D/zgw: Packet from Z-wave side (nodeid: 6) to port:60907 IP addr: 
05-14 06:13:50.693 10947-10991/com.askey.firefly.zwave.control D/zgw: djnakata udp_send_wrap dtls ripaddr is 127.0.0.1 60397
05-14 06:13:50.694 10947-10997/com.askey.firefly.zwave.control I/ZWCONTROL: Receive frame from node:6, cmd:
05-14 06:13:50.694 10947-10997/com.askey.firefly.zwave.control I/ZWCONTROL: 59 02 03 09 42 75 74 74 6F 6E 
05-14 06:13:50.694 10947-10997/com.askey.firefly.zwave.control I/ZWCONTROL: 20 53 32 
05-14 06:13:50.694 10947-10997/com.askey.firefly.zwave.control I/ZWCONTROL: zwif_rep_hdlr, receives report from node:6, cmdclass: 59, cmd: 02
05-14 06:13:50.694 10947-10991/com.askey.firefly.zwave.control D/zgw: queue_send_done to node 6 queue 1
05-14 06:13:50.695 10947-10991/com.askey.firefly.zwave.control D/zgw: djnakata nodeId 6
05-14 06:13:50.695 10947-10991/com.askey.firefly.zwave.control D/zgw: djnakata124 udpconn.rport 60397, udpconn.lport 41230 uip_len is 64
05-14 06:13:50.695 10947-10991/com.askey.firefly.zwave.control D/zgw: zw.scheme: 255
05-14 06:13:50.695 10947-10991/com.askey.firefly.zwave.control D/zgw: Sending 4->6, class: 0x59, cmd: 0x3
05-14 06:13:50.695 10947-10991/com.askey.firefly.zwave.control I/zgw: Sending with scheme 255
05-14 06:13:50.737 10947-10991/com.askey.firefly.zwave.control D/zgw: unsolicited_senddata_callback status 0
05-14 06:13:50.737 10947-10991/com.askey.firefly.zwave.control D/zgw: djnakata udp_send_wrap dtls ripaddr is 127.0.0.1 60397
05-14 06:13:50.753 10947-10991/com.askey.firefly.zwave.control D/zgw: ApplicationCommandHandler 6->4 class 0x60 cmd 0x0d size 14
05-14 06:13:50.754 10947-10991/com.askey.firefly.zwave.control D/zgw: ApplicationCommandHandler 6->4 class 0x59 cmd 0x04 size 10
05-14 06:13:50.754 10947-10991/com.askey.firefly.zwave.control D/zgw: bridge_virtual_node_commandhandler Handled
05-14 06:13:50.755 10947-10991/com.askey.firefly.zwave.control D/zgw: Sending first attempt
05-14 06:13:50.755 10947-10991/com.askey.firefly.zwave.control D/zgw: DeMangled src 6 dst 4:0
05-14 06:13:50.755 10947-10991/com.askey.firefly.zwave.control D/zgw: Packet from Z-wave side (nodeid: 6) to port:60907 IP addr: 
05-14 06:13:50.755 10947-10991/com.askey.firefly.zwave.control D/zgw: djnakata udp_send_wrap dtls ripaddr is 127.0.0.1 60397
05-14 06:13:50.756 10947-10997/com.askey.firefly.zwave.control I/ZWCONTROL: Receive frame from node:6, cmd:
05-14 06:13:50.756 10947-10997/com.askey.firefly.zwave.control I/ZWCONTROL: 59 04 81 01 00 00 01 00 00 00 
05-14 06:13:50.756 10947-10997/com.askey.firefly.zwave.control I/ZWCONTROL: zwif_rep_hdlr, receives report from node:6, cmdclass: 59, cmd: 04
05-14 06:13:50.757 10947-10991/com.askey.firefly.zwave.control D/zgw: queue_send_done to node 6 queue 1
05-14 06:13:50.780 10947-10991/com.askey.firefly.zwave.control D/zgw: ApplicationCommandHandler 6->4 class 0x60 cmd 0x0d size 14
05-14 06:13:50.780 10947-10991/com.askey.firefly.zwave.control D/zgw: ApplicationCommandHandler 6->4 class 0x59 cmd 0x04 size 10
05-14 06:13:50.780 10947-10991/com.askey.firefly.zwave.control D/zgw: bridge_virtual_node_commandhandler Handled
05-14 06:13:50.782 10947-10991/com.askey.firefly.zwave.control D/zgw: Sending first attempt
05-14 06:13:50.782 10947-10991/com.askey.firefly.zwave.control D/zgw: DeMangled src 6 dst 4:0
05-14 06:13:50.782 10947-10991/com.askey.firefly.zwave.control D/zgw: Packet from Z-wave side (nodeid: 6) to port:60907 IP addr: 
05-14 06:13:50.782 10947-10991/com.askey.firefly.zwave.control D/zgw: djnakata udp_send_wrap dtls ripaddr is 127.0.0.1 60397
05-14 06:13:50.782 10947-10991/com.askey.firefly.zwave.control D/zgw: queue_send_done to node 6 queue 1
05-14 06:13:50.782 10947-10997/com.askey.firefly.zwave.control I/ZWCONTROL: Receive frame from node:6, cmd:
05-14 06:13:50.782 10947-10997/com.askey.firefly.zwave.control I/ZWCONTROL: 59 04 81 02 00 20 01 00 00 00 
05-14 06:13:50.783 10947-10997/com.askey.firefly.zwave.control I/ZWCONTROL: zwif_rep_hdlr, receives report from node:6, cmdclass: 59, cmd: 04
05-14 06:13:50.809 10947-10991/com.askey.firefly.zwave.control D/zgw: ApplicationCommandHandler 6->4 class 0x60 cmd 0x0d size 14
05-14 06:13:50.809 10947-10991/com.askey.firefly.zwave.control D/zgw: ApplicationCommandHandler 6->4 class 0x59 cmd 0x04 size 10
05-14 06:13:50.809 10947-10991/com.askey.firefly.zwave.control D/zgw: bridge_virtual_node_commandhandler Handled
05-14 06:13:50.810 10947-10991/com.askey.firefly.zwave.control D/zgw: Sending first attempt
05-14 06:13:50.810 10947-10991/com.askey.firefly.zwave.control D/zgw: DeMangled src 6 dst 4:0
05-14 06:13:50.810 10947-10991/com.askey.firefly.zwave.control D/zgw: Packet from Z-wave side (nodeid: 6) to port:60907 IP addr: 
05-14 06:13:50.810 10947-10991/com.askey.firefly.zwave.control D/zgw: djnakata udp_send_wrap dtls ripaddr is 127.0.0.1 60397
05-14 06:13:50.811 10947-10997/com.askey.firefly.zwave.control I/ZWCONTROL: Receive frame from node:6, cmd:
05-14 06:13:50.811 10947-10997/com.askey.firefly.zwave.control I/ZWCONTROL: 59 04 81 03 00 20 01 00 00 00 
05-14 06:13:50.811 10947-10997/com.askey.firefly.zwave.control I/ZWCONTROL: zwif_rep_hdlr, receives report from node:6, cmdclass: 59, cmd: 04
05-14 06:13:50.811 10947-10991/com.askey.firefly.zwave.control D/zgw: queue_send_done to node 6 queue 1
05-14 06:13:50.812 10947-10991/com.askey.firefly.zwave.control D/zgw: djnakata nodeId 6
05-14 06:13:50.812 10947-10991/com.askey.firefly.zwave.control D/zgw: djnakata124 udpconn.rport 60397, udpconn.lport 41230 uip_len is 62
05-14 06:13:50.812 10947-10991/com.askey.firefly.zwave.control D/zgw: zw.scheme: 255
05-14 06:13:50.812 10947-10991/com.askey.firefly.zwave.control D/zgw: Sending 4->6, class: 0x85, cmd: 0x5
05-14 06:13:50.812 10947-10991/com.askey.firefly.zwave.control I/zgw: Sending with scheme 255
05-14 06:13:50.863 10947-10991/com.askey.firefly.zwave.control D/zgw: unsolicited_senddata_callback status 0
05-14 06:13:50.863 10947-10991/com.askey.firefly.zwave.control D/zgw: djnakata udp_send_wrap dtls ripaddr is 127.0.0.1 60397
05-14 06:13:50.869 10947-10991/com.askey.firefly.zwave.control D/zgw: ApplicationCommandHandler 6->4 class 0x60 cmd 0x0d size 7
05-14 06:13:50.869 10947-10991/com.askey.firefly.zwave.control D/zgw: ApplicationCommandHandler 6->4 class 0x85 cmd 0x06 size 3
05-14 06:13:50.869 10947-10991/com.askey.firefly.zwave.control D/zgw: bridge_virtual_node_commandhandler Handled
05-14 06:13:50.870 10947-10991/com.askey.firefly.zwave.control D/zgw: Sending first attempt
05-14 06:13:50.870 10947-10991/com.askey.firefly.zwave.control D/zgw: DeMangled src 6 dst 4:0
05-14 06:13:50.870 10947-10991/com.askey.firefly.zwave.control D/zgw: Packet from Z-wave side (nodeid: 6) to port:60907 IP addr: 
05-14 06:13:50.870 10947-10991/com.askey.firefly.zwave.control D/zgw: djnakata udp_send_wrap dtls ripaddr is 127.0.0.1 60397
05-14 06:13:50.871 10947-10997/com.askey.firefly.zwave.control I/ZWCONTROL: Receive frame from node:6, cmd:
05-14 06:13:50.871 10947-10997/com.askey.firefly.zwave.control I/ZWCONTROL: 85 06 03 
05-14 06:13:50.871 10947-10997/com.askey.firefly.zwave.control I/ZWCONTROL: zwif_rep_hdlr, receives report from node:6, cmdclass: 85, cmd: 06
05-14 06:13:50.871 10947-10991/com.askey.firefly.zwave.control D/zgw: queue_send_done to node 6 queue 1
05-14 06:13:50.873 10947-10991/com.askey.firefly.zwave.control D/zgw: djnakata nodeId 6
05-14 06:13:50.873 10947-10991/com.askey.firefly.zwave.control D/zgw: djnakata124 udpconn.rport 60397, udpconn.lport 41230 uip_len is 63
05-14 06:13:50.873 10947-10991/com.askey.firefly.zwave.control D/zgw: zw.scheme: 255
05-14 06:13:50.873 10947-10991/com.askey.firefly.zwave.control D/zgw: Sending 4->6, class: 0x85, cmd: 0x2
05-14 06:13:50.873 10947-10991/com.askey.firefly.zwave.control I/zgw: Sending with scheme 255
05-14 06:13:50.913 10947-10991/com.askey.firefly.zwave.control D/zgw: unsolicited_senddata_callback status 0
05-14 06:13:50.913 10947-10991/com.askey.firefly.zwave.control D/zgw: djnakata udp_send_wrap dtls ripaddr is 127.0.0.1 60397
05-14 06:13:50.928 10947-10991/com.askey.firefly.zwave.control D/zgw: ApplicationCommandHandler 6->4 class 0x60 cmd 0x0d size 9
05-14 06:13:50.928 10947-10991/com.askey.firefly.zwave.control D/zgw: ApplicationCommandHandler 6->4 class 0x85 cmd 0x03 size 5
05-14 06:13:50.928 10947-10991/com.askey.firefly.zwave.control D/zgw: bridge_virtual_node_commandhandler Handled
05-14 06:13:50.929 10947-10991/com.askey.firefly.zwave.control D/zgw: Sending first attempt
05-14 06:13:50.929 10947-10991/com.askey.firefly.zwave.control D/zgw: DeMangled src 6 dst 4:0
05-14 06:13:50.929 10947-10991/com.askey.firefly.zwave.control D/zgw: Packet from Z-wave side (nodeid: 6) to port:60907 IP addr: 
05-14 06:13:50.929 10947-10991/com.askey.firefly.zwave.control D/zgw: djnakata udp_send_wrap dtls ripaddr is 127.0.0.1 60397
05-14 06:13:50.930 10947-10997/com.askey.firefly.zwave.control I/ZWCONTROL: Receive frame from node:6, cmd:
05-14 06:13:50.930 10947-10997/com.askey.firefly.zwave.control I/ZWCONTROL: 85 03 01 00 00 
05-14 06:13:50.930 10947-10997/com.askey.firefly.zwave.control I/ZWCONTROL: zwif_rep_hdlr, receives report from node:6, cmdclass: 85, cmd: 03
05-14 06:13:50.930 10947-10991/com.askey.firefly.zwave.control D/zgw: queue_send_done to node 6 queue 1
05-14 06:13:50.931 10947-10991/com.askey.firefly.zwave.control D/zgw: djnakata nodeId 6
05-14 06:13:50.931 10947-10991/com.askey.firefly.zwave.control D/zgw: djnakata124 udpconn.rport 60397, udpconn.lport 41230 uip_len is 62
05-14 06:13:50.931 10947-10991/com.askey.firefly.zwave.control D/zgw: zw.scheme: 255
05-14 06:13:50.931 10947-10991/com.askey.firefly.zwave.control D/zgw: Sending 4->6, class: 0x5e, cmd: 0x1
05-14 06:13:50.931 10947-10991/com.askey.firefly.zwave.control I/zgw: Sending with scheme 255
05-14 06:13:50.973 10947-10991/com.askey.firefly.zwave.control D/zgw: unsolicited_senddata_callback status 0
05-14 06:13:50.973 10947-10991/com.askey.firefly.zwave.control D/zgw: djnakata udp_send_wrap dtls ripaddr is 127.0.0.1 60397
05-14 06:13:50.987 10947-10991/com.askey.firefly.zwave.control D/zgw: ApplicationCommandHandler 6->4 class 0x60 cmd 0x0d size 13
05-14 06:13:50.987 10947-10991/com.askey.firefly.zwave.control D/zgw: ApplicationCommandHandler 6->4 class 0x5e cmd 0x02 size 9
05-14 06:13:50.987 10947-10991/com.askey.firefly.zwave.control D/zgw: bridge_virtual_node_commandhandler Handled
05-14 06:13:50.988 10947-10991/com.askey.firefly.zwave.control D/zgw: Sending first attempt
05-14 06:13:50.988 10947-10991/com.askey.firefly.zwave.control D/zgw: DeMangled src 6 dst 4:0
05-14 06:13:50.988 10947-10991/com.askey.firefly.zwave.control D/zgw: Packet from Z-wave side (nodeid: 6) to port:60907 IP addr: 
05-14 06:13:50.988 10947-10991/com.askey.firefly.zwave.control D/zgw: djnakata udp_send_wrap dtls ripaddr is 127.0.0.1 60397
05-14 06:13:50.989 10947-10991/com.askey.firefly.zwave.control D/zgw: queue_send_done to node 6 queue 1
05-14 06:13:50.989 10947-10997/com.askey.firefly.zwave.control I/ZWCONTROL: Receive frame from node:6, cmd:
05-14 06:13:50.989 10947-10997/com.askey.firefly.zwave.control I/ZWCONTROL: 5E 02 01 05 00 16 00 16 00 
05-14 06:13:50.989 10947-10997/com.askey.firefly.zwave.control I/ZWCONTROL: zwif_rep_hdlr, receives report from node:6, cmdclass: 5E, cmd: 02
05-14 06:13:50.990 10947-10991/com.askey.firefly.zwave.control D/zgw: djnakata nodeId 6
05-14 06:13:50.990 10947-10991/com.askey.firefly.zwave.control D/zgw: djnakata124 udpconn.rport 60397, udpconn.lport 41230 uip_len is 64
05-14 06:13:50.990 10947-10991/com.askey.firefly.zwave.control D/zgw: zw.scheme: 255
05-14 06:13:50.990 10947-10991/com.askey.firefly.zwave.control D/zgw: Sending 4->6, class: 0x59, cmd: 0x5
05-14 06:13:50.990 10947-10991/com.askey.firefly.zwave.control I/zgw: Sending with scheme 255
05-14 06:13:51.041 10947-10991/com.askey.firefly.zwave.control D/zgw: unsolicited_senddata_callback status 0
05-14 06:13:51.041 10947-10991/com.askey.firefly.zwave.control D/zgw: djnakata udp_send_wrap dtls ripaddr is 127.0.0.1 60397
05-14 06:13:51.048 10947-10991/com.askey.firefly.zwave.control D/zgw: ApplicationCommandHandler 6->4 class 0x60 cmd 0x0d size 10
05-14 06:13:51.048 10947-10991/com.askey.firefly.zwave.control D/zgw: ApplicationCommandHandler 6->4 class 0x59 cmd 0x06 size 6
05-14 06:13:51.048 10947-10991/com.askey.firefly.zwave.control D/zgw: bridge_virtual_node_commandhandler Handled
05-14 06:13:51.049 10947-10991/com.askey.firefly.zwave.control D/zgw: Sending first attempt
05-14 06:13:51.049 10947-10991/com.askey.firefly.zwave.control D/zgw: DeMangled src 6 dst 4:0
05-14 06:13:51.049 10947-10991/com.askey.firefly.zwave.control D/zgw: Packet from Z-wave side (nodeid: 6) to port:60907 IP addr: 
05-14 06:13:51.049 10947-10991/com.askey.firefly.zwave.control D/zgw: djnakata udp_send_wrap dtls ripaddr is 127.0.0.1 60397
05-14 06:13:51.050 10947-10991/com.askey.firefly.zwave.control D/zgw: queue_send_done to node 6 queue 1
05-14 06:13:51.050 10947-10997/com.askey.firefly.zwave.control I/ZWCONTROL: Receive frame from node:6, cmd:
05-14 06:13:51.050 10947-10997/com.askey.firefly.zwave.control I/ZWCONTROL: 59 06 01 02 5B 03 
05-14 06:13:51.050 10947-10997/com.askey.firefly.zwave.control I/ZWCONTROL: zwif_rep_hdlr, receives report from node:6, cmdclass: 59, cmd: 06
05-14 06:13:51.051 10947-10991/com.askey.firefly.zwave.control D/zgw: djnakata nodeId 6
05-14 06:13:51.051 10947-10991/com.askey.firefly.zwave.control D/zgw: djnakata124 udpconn.rport 60397, udpconn.lport 41230 uip_len is 64
05-14 06:13:51.051 10947-10991/com.askey.firefly.zwave.control D/zgw: zw.scheme: 255
05-14 06:13:51.051 10947-10991/com.askey.firefly.zwave.control D/zgw: Sending 4->6, class: 0x59, cmd: 0x5
05-14 06:13:51.051 10947-10991/com.askey.firefly.zwave.control I/zgw: Sending with scheme 255
05-14 06:13:51.092 10947-10991/com.askey.firefly.zwave.control D/zgw: unsolicited_senddata_callback status 0
05-14 06:13:51.092 10947-10991/com.askey.firefly.zwave.control D/zgw: djnakata udp_send_wrap dtls ripaddr is 127.0.0.1 60397
05-14 06:13:51.106 10947-10991/com.askey.firefly.zwave.control D/zgw: ApplicationCommandHandler 6->4 class 0x60 cmd 0x0d size 10
05-14 06:13:51.106 10947-10991/com.askey.firefly.zwave.control D/zgw: ApplicationCommandHandler 6->4 class 0x59 cmd 0x06 size 6
05-14 06:13:51.106 10947-10991/com.askey.firefly.zwave.control D/zgw: bridge_virtual_node_commandhandler Handled
05-14 06:13:51.107 10947-10991/com.askey.firefly.zwave.control D/zgw: Sending first attempt
05-14 06:13:51.107 10947-10991/com.askey.firefly.zwave.control D/zgw: DeMangled src 6 dst 4:0
05-14 06:13:51.107 10947-10991/com.askey.firefly.zwave.control D/zgw: Packet from Z-wave side (nodeid: 6) to port:60907 IP addr: 
05-14 06:13:51.107 10947-10991/com.askey.firefly.zwave.control D/zgw: djnakata udp_send_wrap dtls ripaddr is 127.0.0.1 60397
05-14 06:13:51.107 10947-10997/com.askey.firefly.zwave.control I/ZWCONTROL: Receive frame from node:6, cmd:
05-14 06:13:51.107 10947-10991/com.askey.firefly.zwave.control D/zgw: queue_send_done to node 6 queue 1
05-14 06:13:51.107 10947-10997/com.askey.firefly.zwave.control I/ZWCONTROL: 59 06 02 02 20 01 
05-14 06:13:51.108 10947-10997/com.askey.firefly.zwave.control I/ZWCONTROL: zwif_rep_hdlr, receives report from node:6, cmdclass: 59, cmd: 06
05-14 06:13:51.109 10947-10991/com.askey.firefly.zwave.control D/zgw: djnakata nodeId 6
05-14 06:13:51.109 10947-10991/com.askey.firefly.zwave.control D/zgw: djnakata124 udpconn.rport 60397, udpconn.lport 41230 uip_len is 64
05-14 06:13:51.109 10947-10991/com.askey.firefly.zwave.control D/zgw: zw.scheme: 255
05-14 06:13:51.109 10947-10991/com.askey.firefly.zwave.control D/zgw: Sending 4->6, class: 0x59, cmd: 0x5
05-14 06:13:51.109 10947-10991/com.askey.firefly.zwave.control I/zgw: Sending with scheme 255
05-14 06:13:51.161 10947-10991/com.askey.firefly.zwave.control D/zgw: unsolicited_senddata_callback status 0
05-14 06:13:51.161 10947-10991/com.askey.firefly.zwave.control D/zgw: djnakata udp_send_wrap dtls ripaddr is 127.0.0.1 60397
05-14 06:13:51.168 10947-10991/com.askey.firefly.zwave.control D/zgw: ApplicationCommandHandler 6->4 class 0x60 cmd 0x0d size 10
05-14 06:13:51.168 10947-10991/com.askey.firefly.zwave.control D/zgw: ApplicationCommandHandler 6->4 class 0x59 cmd 0x06 size 6
05-14 06:13:51.168 10947-10991/com.askey.firefly.zwave.control D/zgw: bridge_virtual_node_commandhandler Handled
05-14 06:13:51.169 10947-10991/com.askey.firefly.zwave.control D/zgw: Sending first attempt
05-14 06:13:51.169 10947-10991/com.askey.firefly.zwave.control D/zgw: DeMangled src 6 dst 4:0
05-14 06:13:51.169 10947-10991/com.askey.firefly.zwave.control D/zgw: Packet from Z-wave side (nodeid: 6) to port:60907 IP addr: 
05-14 06:13:51.169 10947-10991/com.askey.firefly.zwave.control D/zgw: djnakata udp_send_wrap dtls ripaddr is 127.0.0.1 60397
05-14 06:13:51.170 10947-10997/com.askey.firefly.zwave.control I/ZWCONTROL: Receive frame from node:6, cmd:
05-14 06:13:51.170 10947-10997/com.askey.firefly.zwave.control I/ZWCONTROL: 59 06 03 02 26 01 
05-14 06:13:51.170 10947-10997/com.askey.firefly.zwave.control I/ZWCONTROL: zwif_rep_hdlr, receives report from node:6, cmdclass: 59, cmd: 06
05-14 06:13:51.170 10947-10991/com.askey.firefly.zwave.control D/zgw: queue_send_done to node 6 queue 1
05-14 06:13:51.172 10947-10991/com.askey.firefly.zwave.control D/zgw: djnakata nodeId 6
05-14 06:13:51.172 10947-10991/com.askey.firefly.zwave.control D/zgw: djnakata124 udpconn.rport 60397, udpconn.lport 41230 uip_len is 63
05-14 06:13:51.172 10947-10991/com.askey.firefly.zwave.control D/zgw: zw.scheme: 255
05-14 06:13:51.172 10947-10991/com.askey.firefly.zwave.control D/zgw: Sending 4->6, class: 0x59, cmd: 0x1
05-14 06:13:51.172 10947-10991/com.askey.firefly.zwave.control I/zgw: Sending with scheme 255
05-14 06:13:51.214 10947-10991/com.askey.firefly.zwave.control D/zgw: unsolicited_senddata_callback status 0
05-14 06:13:51.214 10947-10991/com.askey.firefly.zwave.control D/zgw: djnakata udp_send_wrap dtls ripaddr is 127.0.0.1 60397
05-14 06:13:51.228 10947-10991/com.askey.firefly.zwave.control D/zgw: ApplicationCommandHandler 6->4 class 0x60 cmd 0x0d size 20
05-14 06:13:51.228 10947-10991/com.askey.firefly.zwave.control D/zgw: ApplicationCommandHandler 6->4 class 0x59 cmd 0x02 size 16
05-14 06:13:51.228 10947-10991/com.askey.firefly.zwave.control D/zgw: bridge_virtual_node_commandhandler Handled
05-14 06:13:51.229 10947-10991/com.askey.firefly.zwave.control D/zgw: Sending first attempt
05-14 06:13:51.229 10947-10991/com.askey.firefly.zwave.control D/zgw: DeMangled src 6 dst 4:0
05-14 06:13:51.229 10947-10991/com.askey.firefly.zwave.control D/zgw: Packet from Z-wave side (nodeid: 6) to port:60907 IP addr: 
05-14 06:13:51.229 10947-10991/com.askey.firefly.zwave.control D/zgw: djnakata udp_send_wrap dtls ripaddr is 127.0.0.1 60397
05-14 06:13:51.230 10947-10997/com.askey.firefly.zwave.control I/ZWCONTROL: Receive frame from node:6, cmd:
05-14 06:13:51.230 10947-10997/com.askey.firefly.zwave.control I/ZWCONTROL: 59 02 01 0C 45 50 32 20 4E 4F 
05-14 06:13:51.230 10947-10997/com.askey.firefly.zwave.control I/ZWCONTROL: 54 20 55 53 45 44 
05-14 06:13:51.230 10947-10997/com.askey.firefly.zwave.control I/ZWCONTROL: zwif_rep_hdlr, receives report from node:6, cmdclass: 59, cmd: 02
05-14 06:13:51.230 10947-10991/com.askey.firefly.zwave.control D/zgw: queue_send_done to node 6 queue 1
05-14 06:13:51.232 10947-10991/com.askey.firefly.zwave.control D/zgw: djnakata nodeId 6
05-14 06:13:51.232 10947-10991/com.askey.firefly.zwave.control D/zgw: djnakata124 udpconn.rport 60397, udpconn.lport 41230 uip_len is 63
05-14 06:13:51.232 10947-10991/com.askey.firefly.zwave.control D/zgw: zw.scheme: 255
05-14 06:13:51.232 10947-10991/com.askey.firefly.zwave.control D/zgw: Sending 4->6, class: 0x59, cmd: 0x1
05-14 06:13:51.232 10947-10991/com.askey.firefly.zwave.control I/zgw: Sending with scheme 255
05-14 06:13:51.275 10947-10991/com.askey.firefly.zwave.control D/zgw: unsolicited_senddata_callback status 0
05-14 06:13:51.275 10947-10991/com.askey.firefly.zwave.control D/zgw: djnakata udp_send_wrap dtls ripaddr is 127.0.0.1 60397
05-14 06:13:51.289 10947-10991/com.askey.firefly.zwave.control D/zgw: ApplicationCommandHandler 6->4 class 0x60 cmd 0x0d size 16
05-14 06:13:51.289 10947-10991/com.askey.firefly.zwave.control D/zgw: ApplicationCommandHandler 6->4 class 0x59 cmd 0x02 size 12
05-14 06:13:51.289 10947-10991/com.askey.firefly.zwave.control D/zgw: bridge_virtual_node_commandhandler Handled
05-14 06:13:51.290 10947-10991/com.askey.firefly.zwave.control D/zgw: Sending first attempt
05-14 06:13:51.290 10947-10991/com.askey.firefly.zwave.control D/zgw: DeMangled src 6 dst 4:0
05-14 06:13:51.290 10947-10991/com.askey.firefly.zwave.control D/zgw: Packet from Z-wave side (nodeid: 6) to port:60907 IP addr: 
05-14 06:13:51.290 10947-10991/com.askey.firefly.zwave.control D/zgw: djnakata udp_send_wrap dtls ripaddr is 127.0.0.1 60397
05-14 06:13:51.291 10947-10997/com.askey.firefly.zwave.control I/ZWCONTROL: Receive frame from node:6, cmd:
05-14 06:13:51.291 10947-10997/com.askey.firefly.zwave.control I/ZWCONTROL: 59 02 02 08 4E 4F 54 20 55 53 
05-14 06:13:51.291 10947-10997/com.askey.firefly.zwave.control I/ZWCONTROL: 45 44 
05-14 06:13:51.291 10947-10997/com.askey.firefly.zwave.control I/ZWCONTROL: zwif_rep_hdlr, receives report from node:6, cmdclass: 59, cmd: 02
05-14 06:13:51.291 10947-10991/com.askey.firefly.zwave.control D/zgw: queue_send_done to node 6 queue 1
05-14 06:13:51.293 10947-10991/com.askey.firefly.zwave.control D/zgw: djnakata nodeId 6
05-14 06:13:51.293 10947-10991/com.askey.firefly.zwave.control D/zgw: djnakata124 udpconn.rport 60397, udpconn.lport 41230 uip_len is 63
05-14 06:13:51.293 10947-10991/com.askey.firefly.zwave.control D/zgw: zw.scheme: 255
05-14 06:13:51.293 10947-10991/com.askey.firefly.zwave.control D/zgw: Sending 4->6, class: 0x59, cmd: 0x1
05-14 06:13:51.293 10947-10991/com.askey.firefly.zwave.control I/zgw: Sending with scheme 255
05-14 06:13:51.336 10947-10991/com.askey.firefly.zwave.control D/zgw: unsolicited_senddata_callback status 0
05-14 06:13:51.336 10947-10991/com.askey.firefly.zwave.control D/zgw: djnakata udp_send_wrap dtls ripaddr is 127.0.0.1 60397
05-14 06:13:51.349 10947-10991/com.askey.firefly.zwave.control D/zgw: ApplicationCommandHandler 6->4 class 0x60 cmd 0x0d size 16
05-14 06:13:51.349 10947-10991/com.askey.firefly.zwave.control D/zgw: ApplicationCommandHandler 6->4 class 0x59 cmd 0x02 size 12
05-14 06:13:51.349 10947-10991/com.askey.firefly.zwave.control D/zgw: bridge_virtual_node_commandhandler Handled
05-14 06:13:51.351 10947-10991/com.askey.firefly.zwave.control D/zgw: Sending first attempt
05-14 06:13:51.351 10947-10991/com.askey.firefly.zwave.control D/zgw: DeMangled src 6 dst 4:0
05-14 06:13:51.351 10947-10991/com.askey.firefly.zwave.control D/zgw: Packet from Z-wave side (nodeid: 6) to port:60907 IP addr: 
05-14 06:13:51.351 10947-10991/com.askey.firefly.zwave.control D/zgw: djnakata udp_send_wrap dtls ripaddr is 127.0.0.1 60397
05-14 06:13:51.352 10947-10997/com.askey.firefly.zwave.control I/ZWCONTROL: Receive frame from node:6, cmd:
05-14 06:13:51.352 10947-10997/com.askey.firefly.zwave.control I/ZWCONTROL: 59 02 03 08 4E 4F 54 20 55 53 
05-14 06:13:51.352 10947-10997/com.askey.firefly.zwave.control I/ZWCONTROL: 45 44 
05-14 06:13:51.352 10947-10997/com.askey.firefly.zwave.control I/ZWCONTROL: zwif_rep_hdlr, receives report from node:6, cmdclass: 59, cmd: 02
05-14 06:13:51.352 10947-10991/com.askey.firefly.zwave.control D/zgw: queue_send_done to node 6 queue 1
05-14 06:13:51.354 10947-10991/com.askey.firefly.zwave.control D/zgw: djnakata nodeId 6
05-14 06:13:51.354 10947-10991/com.askey.firefly.zwave.control D/zgw: djnakata124 udpconn.rport 60397, udpconn.lport 41230 uip_len is 64
05-14 06:13:51.354 10947-10991/com.askey.firefly.zwave.control D/zgw: zw.scheme: 255
05-14 06:13:51.354 10947-10991/com.askey.firefly.zwave.control D/zgw: Sending 4->6, class: 0x59, cmd: 0x3
05-14 06:13:51.354 10947-10991/com.askey.firefly.zwave.control I/zgw: Sending with scheme 255
05-14 06:13:51.396 10947-10991/com.askey.firefly.zwave.control D/zgw: unsolicited_senddata_callback status 0
05-14 06:13:51.396 10947-10991/com.askey.firefly.zwave.control D/zgw: djnakata udp_send_wrap dtls ripaddr is 127.0.0.1 60397
05-14 06:13:51.410 10947-10991/com.askey.firefly.zwave.control D/zgw: ApplicationCommandHandler 6->4 class 0x60 cmd 0x0d size 14
05-14 06:13:51.410 10947-10991/com.askey.firefly.zwave.control D/zgw: ApplicationCommandHandler 6->4 class 0x59 cmd 0x04 size 10
05-14 06:13:51.410 10947-10991/com.askey.firefly.zwave.control D/zgw: bridge_virtual_node_commandhandler Handled
05-14 06:13:51.411 10947-10991/com.askey.firefly.zwave.control D/zgw: Sending first attempt
05-14 06:13:51.411 10947-10991/com.askey.firefly.zwave.control D/zgw: DeMangled src 6 dst 4:0
05-14 06:13:51.411 10947-10991/com.askey.firefly.zwave.control D/zgw: Packet from Z-wave side (nodeid: 6) to port:60907 IP addr: 
05-14 06:13:51.411 10947-10991/com.askey.firefly.zwave.control D/zgw: djnakata udp_send_wrap dtls ripaddr is 127.0.0.1 60397
05-14 06:13:51.412 10947-10997/com.askey.firefly.zwave.control I/ZWCONTROL: Receive frame from node:6, cmd:
05-14 06:13:51.412 10947-10997/com.askey.firefly.zwave.control I/ZWCONTROL: 59 04 81 01 00 00 01 00 00 00 
05-14 06:13:51.412 10947-10997/com.askey.firefly.zwave.control I/ZWCONTROL: zwif_rep_hdlr, receives report from node:6, cmdclass: 59, cmd: 04
05-14 06:13:51.412 10947-10991/com.askey.firefly.zwave.control D/zgw: queue_send_done to node 6 queue 1
05-14 06:13:51.439 10947-10991/com.askey.firefly.zwave.control D/zgw: ApplicationCommandHandler 6->4 class 0x60 cmd 0x0d size 14
05-14 06:13:51.439 10947-10991/com.askey.firefly.zwave.control D/zgw: ApplicationCommandHandler 6->4 class 0x59 cmd 0x04 size 10
05-14 06:13:51.439 10947-10991/com.askey.firefly.zwave.control D/zgw: bridge_virtual_node_commandhandler Handled
05-14 06:13:51.440 10947-10991/com.askey.firefly.zwave.control D/zgw: Sending first attempt
05-14 06:13:51.440 10947-10991/com.askey.firefly.zwave.control D/zgw: DeMangled src 6 dst 4:0
05-14 06:13:51.441 10947-10991/com.askey.firefly.zwave.control D/zgw: Packet from Z-wave side (nodeid: 6) to port:60907 IP addr: 
05-14 06:13:51.441 10947-10991/com.askey.firefly.zwave.control D/zgw: djnakata udp_send_wrap dtls ripaddr is 127.0.0.1 60397
05-14 06:13:51.442 10947-10997/com.askey.firefly.zwave.control I/ZWCONTROL: Receive frame from node:6, cmd:
05-14 06:13:51.442 10947-10991/com.askey.firefly.zwave.control D/zgw: queue_send_done to node 6 queue 1
05-14 06:13:51.442 10947-10997/com.askey.firefly.zwave.control I/ZWCONTROL: 59 04 81 02 00 20 02 00 00 00 
05-14 06:13:51.442 10947-10997/com.askey.firefly.zwave.control I/ZWCONTROL: zwif_rep_hdlr, receives report from node:6, cmdclass: 59, cmd: 04
05-14 06:13:51.474 10947-10991/com.askey.firefly.zwave.control D/zgw: ApplicationCommandHandler 6->4 class 0x60 cmd 0x0d size 14
05-14 06:13:51.474 10947-10991/com.askey.firefly.zwave.control D/zgw: ApplicationCommandHandler 6->4 class 0x59 cmd 0x04 size 10
05-14 06:13:51.474 10947-10991/com.askey.firefly.zwave.control D/zgw: bridge_virtual_node_commandhandler Handled
05-14 06:13:51.475 10947-10991/com.askey.firefly.zwave.control D/zgw: Sending first attempt
05-14 06:13:51.475 10947-10991/com.askey.firefly.zwave.control D/zgw: DeMangled src 6 dst 4:0
05-14 06:13:51.475 10947-10991/com.askey.firefly.zwave.control D/zgw: Packet from Z-wave side (nodeid: 6) to port:60907 IP addr: 
05-14 06:13:51.475 10947-10991/com.askey.firefly.zwave.control D/zgw: djnakata udp_send_wrap dtls ripaddr is 127.0.0.1 60397
05-14 06:13:51.476 10947-10991/com.askey.firefly.zwave.control D/zgw: queue_send_done to node 6 queue 1
05-14 06:13:51.476 10947-10997/com.askey.firefly.zwave.control I/ZWCONTROL: Receive frame from node:6, cmd:
05-14 06:13:51.476 10947-10997/com.askey.firefly.zwave.control I/ZWCONTROL: 59 04 81 03 00 20 02 00 00 00 
05-14 06:13:51.476 10947-10997/com.askey.firefly.zwave.control I/ZWCONTROL: zwif_rep_hdlr, receives report from node:6, cmdclass: 59, cmd: 04
05-14 06:13:51.477 10947-10991/com.askey.firefly.zwave.control D/zgw: djnakata nodeId 6
05-14 06:13:51.477 10947-10991/com.askey.firefly.zwave.control D/zgw: djnakata124 udpconn.rport 60397, udpconn.lport 41230 uip_len is 62
05-14 06:13:51.477 10947-10991/com.askey.firefly.zwave.control D/zgw: zw.scheme: 255
05-14 06:13:51.477 10947-10991/com.askey.firefly.zwave.control D/zgw: Sending 4->6, class: 0x85, cmd: 0x5
05-14 06:13:51.477 10947-10991/com.askey.firefly.zwave.control I/zgw: Sending with scheme 255
05-14 06:13:51.518 10947-10991/com.askey.firefly.zwave.control D/zgw: unsolicited_senddata_callback status 0
05-14 06:13:51.518 10947-10991/com.askey.firefly.zwave.control D/zgw: djnakata udp_send_wrap dtls ripaddr is 127.0.0.1 60397
05-14 06:13:51.531 10947-10991/com.askey.firefly.zwave.control D/zgw: ApplicationCommandHandler 6->4 class 0x60 cmd 0x0d size 7
05-14 06:13:51.531 10947-10991/com.askey.firefly.zwave.control D/zgw: ApplicationCommandHandler 6->4 class 0x85 cmd 0x06 size 3
05-14 06:13:51.531 10947-10991/com.askey.firefly.zwave.control D/zgw: bridge_virtual_node_commandhandler Handled
05-14 06:13:51.532 10947-10991/com.askey.firefly.zwave.control D/zgw: Sending first attempt
05-14 06:13:51.532 10947-10991/com.askey.firefly.zwave.control D/zgw: DeMangled src 6 dst 4:0
05-14 06:13:51.532 10947-10991/com.askey.firefly.zwave.control D/zgw: Packet from Z-wave side (nodeid: 6) to port:60907 IP addr: 
05-14 06:13:51.532 10947-10991/com.askey.firefly.zwave.control D/zgw: djnakata udp_send_wrap dtls ripaddr is 127.0.0.1 60397
05-14 06:13:51.533 10947-10997/com.askey.firefly.zwave.control I/ZWCONTROL: Receive frame from node:6, cmd:
05-14 06:13:51.533 10947-10997/com.askey.firefly.zwave.control I/ZWCONTROL: 85 06 03 
05-14 06:13:51.533 10947-10997/com.askey.firefly.zwave.control I/ZWCONTROL: zwif_rep_hdlr, receives report from node:6, cmdclass: 85, cmd: 06
05-14 06:13:51.534 10947-10991/com.askey.firefly.zwave.control D/zgw: queue_send_done to node 6 queue 1
05-14 06:13:51.535 10947-10991/com.askey.firefly.zwave.control D/zgw: djnakata nodeId 6
05-14 06:13:51.535 10947-10991/com.askey.firefly.zwave.control D/zgw: djnakata124 udpconn.rport 60397, udpconn.lport 41230 uip_len is 63
05-14 06:13:51.536 10947-10991/com.askey.firefly.zwave.control D/zgw: zw.scheme: 255
05-14 06:13:51.536 10947-10991/com.askey.firefly.zwave.control D/zgw: Sending 4->6, class: 0x85, cmd: 0x2
05-14 06:13:51.536 10947-10991/com.askey.firefly.zwave.control I/zgw: Sending with scheme 255
05-14 06:13:51.586 10947-10991/com.askey.firefly.zwave.control D/zgw: unsolicited_senddata_callback status 0
05-14 06:13:51.586 10947-10991/com.askey.firefly.zwave.control D/zgw: djnakata udp_send_wrap dtls ripaddr is 127.0.0.1 60397
05-14 06:13:51.593 10947-10991/com.askey.firefly.zwave.control D/zgw: ApplicationCommandHandler 6->4 class 0x60 cmd 0x0d size 9
05-14 06:13:51.594 10947-10991/com.askey.firefly.zwave.control D/zgw: ApplicationCommandHandler 6->4 class 0x85 cmd 0x03 size 5
05-14 06:13:51.594 10947-10991/com.askey.firefly.zwave.control D/zgw: bridge_virtual_node_commandhandler Handled
05-14 06:13:51.595 10947-10991/com.askey.firefly.zwave.control D/zgw: Sending first attempt
05-14 06:13:51.595 10947-10991/com.askey.firefly.zwave.control D/zgw: DeMangled src 6 dst 4:0
05-14 06:13:51.595 10947-10991/com.askey.firefly.zwave.control D/zgw: Packet from Z-wave side (nodeid: 6) to port:60907 IP addr: 
05-14 06:13:51.595 10947-10991/com.askey.firefly.zwave.control D/zgw: djnakata udp_send_wrap dtls ripaddr is 127.0.0.1 60397
05-14 06:13:51.595 10947-10997/com.askey.firefly.zwave.control I/ZWCONTROL: Receive frame from node:6, cmd:
05-14 06:13:51.595 10947-10991/com.askey.firefly.zwave.control D/zgw: queue_send_done to node 6 queue 1
05-14 06:13:51.595 10947-10997/com.askey.firefly.zwave.control I/ZWCONTROL: 85 03 01 00 00 
05-14 06:13:51.595 10947-10997/com.askey.firefly.zwave.control I/ZWCONTROL: zwif_rep_hdlr, receives report from node:6, cmdclass: 85, cmd: 03
05-14 06:13:51.597 10947-10991/com.askey.firefly.zwave.control D/zgw: djnakata nodeId 6
05-14 06:13:51.597 10947-10991/com.askey.firefly.zwave.control D/zgw: djnakata124 udpconn.rport 60397, udpconn.lport 41230 uip_len is 62
05-14 06:13:51.597 10947-10991/com.askey.firefly.zwave.control D/zgw: zw.scheme: 255
05-14 06:13:51.597 10947-10991/com.askey.firefly.zwave.control D/zgw: Sending 4->6, class: 0x5e, cmd: 0x1
05-14 06:13:51.597 10947-10991/com.askey.firefly.zwave.control I/zgw: Sending with scheme 255
05-14 06:13:51.638 10947-10991/com.askey.firefly.zwave.control D/zgw: unsolicited_senddata_callback status 0
05-14 06:13:51.638 10947-10991/com.askey.firefly.zwave.control D/zgw: djnakata udp_send_wrap dtls ripaddr is 127.0.0.1 60397
05-14 06:13:51.652 10947-10991/com.askey.firefly.zwave.control D/zgw: ApplicationCommandHandler 6->4 class 0x60 cmd 0x0d size 13
05-14 06:13:51.652 10947-10991/com.askey.firefly.zwave.control D/zgw: ApplicationCommandHandler 6->4 class 0x5e cmd 0x02 size 9
05-14 06:13:51.652 10947-10991/com.askey.firefly.zwave.control D/zgw: bridge_virtual_node_commandhandler Handled
05-14 06:13:51.653 10947-10991/com.askey.firefly.zwave.control D/zgw: Sending first attempt
05-14 06:13:51.653 10947-10991/com.askey.firefly.zwave.control D/zgw: DeMangled src 6 dst 4:0
05-14 06:13:51.653 10947-10991/com.askey.firefly.zwave.control D/zgw: Packet from Z-wave side (nodeid: 6) to port:60907 IP addr: 
05-14 06:13:51.653 10947-10991/com.askey.firefly.zwave.control D/zgw: djnakata udp_send_wrap dtls ripaddr is 127.0.0.1 60397
05-14 06:13:51.654 10947-10997/com.askey.firefly.zwave.control I/ZWCONTROL: Receive frame from node:6, cmd:
05-14 06:13:51.654 10947-10997/com.askey.firefly.zwave.control I/ZWCONTROL: 5E 02 01 05 00 16 00 16 00 
05-14 06:13:51.654 10947-10997/com.askey.firefly.zwave.control I/ZWCONTROL: zwif_rep_hdlr, receives report from node:6, cmdclass: 5E, cmd: 02
05-14 06:13:51.654 10947-10991/com.askey.firefly.zwave.control D/zgw: queue_send_done to node 6 queue 1
05-14 06:13:51.656 10947-10991/com.askey.firefly.zwave.control D/zgw: djnakata nodeId 6
05-14 06:13:51.656 10947-10991/com.askey.firefly.zwave.control D/zgw: djnakata124 udpconn.rport 60397, udpconn.lport 41230 uip_len is 64
05-14 06:13:51.656 10947-10991/com.askey.firefly.zwave.control D/zgw: zw.scheme: 255
05-14 06:13:51.656 10947-10991/com.askey.firefly.zwave.control D/zgw: Sending 4->6, class: 0x59, cmd: 0x5
05-14 06:13:51.656 10947-10991/com.askey.firefly.zwave.control I/zgw: Sending with scheme 255
05-14 06:13:51.708 10947-10991/com.askey.firefly.zwave.control D/zgw: unsolicited_senddata_callback status 0
05-14 06:13:51.708 10947-10991/com.askey.firefly.zwave.control D/zgw: djnakata udp_send_wrap dtls ripaddr is 127.0.0.1 60397
05-14 06:13:51.716 10947-10991/com.askey.firefly.zwave.control D/zgw: ApplicationCommandHandler 6->4 class 0x60 cmd 0x0d size 10
05-14 06:13:51.716 10947-10991/com.askey.firefly.zwave.control D/zgw: ApplicationCommandHandler 6->4 class 0x59 cmd 0x06 size 6
05-14 06:13:51.716 10947-10991/com.askey.firefly.zwave.control D/zgw: bridge_virtual_node_commandhandler Handled
05-14 06:13:51.717 10947-10991/com.askey.firefly.zwave.control D/zgw: Sending first attempt
05-14 06:13:51.717 10947-10991/com.askey.firefly.zwave.control D/zgw: DeMangled src 6 dst 4:0
05-14 06:13:51.717 10947-10991/com.askey.firefly.zwave.control D/zgw: Packet from Z-wave side (nodeid: 6) to port:60907 IP addr: 
05-14 06:13:51.717 10947-10991/com.askey.firefly.zwave.control D/zgw: djnakata udp_send_wrap dtls ripaddr is 127.0.0.1 60397
05-14 06:13:51.718 10947-10997/com.askey.firefly.zwave.control I/ZWCONTROL: Receive frame from node:6, cmd:
05-14 06:13:51.718 10947-10997/com.askey.firefly.zwave.control I/ZWCONTROL: 59 06 01 02 5B 03 
05-14 06:13:51.718 10947-10997/com.askey.firefly.zwave.control I/ZWCONTROL: zwif_rep_hdlr, receives report from node:6, cmdclass: 59, cmd: 06
05-14 06:13:51.718 10947-10991/com.askey.firefly.zwave.control D/zgw: queue_send_done to node 6 queue 1
05-14 06:13:51.720 10947-10991/com.askey.firefly.zwave.control D/zgw: djnakata nodeId 6
05-14 06:13:51.720 10947-10991/com.askey.firefly.zwave.control D/zgw: djnakata124 udpconn.rport 60397, udpconn.lport 41230 uip_len is 64
05-14 06:13:51.720 10947-10991/com.askey.firefly.zwave.control D/zgw: zw.scheme: 255
05-14 06:13:51.720 10947-10991/com.askey.firefly.zwave.control D/zgw: Sending 4->6, class: 0x59, cmd: 0x5
05-14 06:13:51.720 10947-10991/com.askey.firefly.zwave.control I/zgw: Sending with scheme 255
05-14 06:13:51.890 10947-10991/com.askey.firefly.zwave.control D/zgw: unsolicited_senddata_callback status 0
05-14 06:13:51.890 10947-10991/com.askey.firefly.zwave.control D/zgw: djnakata udp_send_wrap dtls ripaddr is 127.0.0.1 60397
05-14 06:13:51.892 10947-10991/com.askey.firefly.zwave.control D/zgw: ApplicationCommandHandler 6->4 class 0x60 cmd 0x0d size 10
05-14 06:13:51.892 10947-10991/com.askey.firefly.zwave.control D/zgw: ApplicationCommandHandler 6->4 class 0x59 cmd 0x06 size 6
05-14 06:13:51.892 10947-10991/com.askey.firefly.zwave.control D/zgw: bridge_virtual_node_commandhandler Handled
05-14 06:13:51.893 10947-10991/com.askey.firefly.zwave.control D/zgw: Sending first attempt
05-14 06:13:51.893 10947-10991/com.askey.firefly.zwave.control D/zgw: DeMangled src 6 dst 4:0
05-14 06:13:51.893 10947-10991/com.askey.firefly.zwave.control D/zgw: Packet from Z-wave side (nodeid: 6) to port:60907 IP addr: 
05-14 06:13:51.893 10947-10991/com.askey.firefly.zwave.control D/zgw: djnakata udp_send_wrap dtls ripaddr is 127.0.0.1 60397
05-14 06:13:51.895 10947-10991/com.askey.firefly.zwave.control D/zgw: queue_send_done to node 6 queue 1
05-14 06:13:51.895 10947-10997/com.askey.firefly.zwave.control I/ZWCONTROL: Receive frame from node:6, cmd:
05-14 06:13:51.896 10947-10997/com.askey.firefly.zwave.control I/ZWCONTROL: 59 06 02 02 20 01 
05-14 06:13:51.896 10947-10997/com.askey.firefly.zwave.control I/ZWCONTROL: zwif_rep_hdlr, receives report from node:6, cmdclass: 59, cmd: 06
05-14 06:13:51.897 10947-10991/com.askey.firefly.zwave.control D/zgw: djnakata nodeId 6
05-14 06:13:51.897 10947-10991/com.askey.firefly.zwave.control D/zgw: djnakata124 udpconn.rport 60397, udpconn.lport 41230 uip_len is 64
05-14 06:13:51.897 10947-10991/com.askey.firefly.zwave.control D/zgw: zw.scheme: 255
05-14 06:13:51.897 10947-10991/com.askey.firefly.zwave.control D/zgw: Sending 4->6, class: 0x59, cmd: 0x5
05-14 06:13:51.897 10947-10991/com.askey.firefly.zwave.control I/zgw: Sending with scheme 255
05-14 06:13:51.938 10947-10991/com.askey.firefly.zwave.control D/zgw: unsolicited_senddata_callback status 0
05-14 06:13:51.938 10947-10991/com.askey.firefly.zwave.control D/zgw: djnakata udp_send_wrap dtls ripaddr is 127.0.0.1 60397
05-14 06:13:51.951 10947-10991/com.askey.firefly.zwave.control D/zgw: ApplicationCommandHandler 6->4 class 0x60 cmd 0x0d size 10
05-14 06:13:51.951 10947-10991/com.askey.firefly.zwave.control D/zgw: ApplicationCommandHandler 6->4 class 0x59 cmd 0x06 size 6
05-14 06:13:51.951 10947-10991/com.askey.firefly.zwave.control D/zgw: bridge_virtual_node_commandhandler Handled
05-14 06:13:51.952 10947-10991/com.askey.firefly.zwave.control D/zgw: Sending first attempt
05-14 06:13:51.952 10947-10991/com.askey.firefly.zwave.control D/zgw: DeMangled src 6 dst 4:0
05-14 06:13:51.952 10947-10991/com.askey.firefly.zwave.control D/zgw: Packet from Z-wave side (nodeid: 6) to port:60907 IP addr: 
05-14 06:13:51.952 10947-10991/com.askey.firefly.zwave.control D/zgw: djnakata udp_send_wrap dtls ripaddr is 127.0.0.1 60397
05-14 06:13:51.953 10947-10997/com.askey.firefly.zwave.control I/ZWCONTROL: Receive frame from node:6, cmd:
05-14 06:13:51.953 10947-10997/com.askey.firefly.zwave.control I/ZWCONTROL: 59 06 03 02 26 01 
05-14 06:13:51.953 10947-10997/com.askey.firefly.zwave.control I/ZWCONTROL: zwif_rep_hdlr, receives report from node:6, cmdclass: 59, cmd: 06
05-14 06:13:51.953 10947-10991/com.askey.firefly.zwave.control D/zgw: queue_send_done to node 6 queue 1
05-14 06:13:51.955 10947-10991/com.askey.firefly.zwave.control D/zgw: djnakata nodeId 6
05-14 06:13:51.955 10947-10991/com.askey.firefly.zwave.control D/zgw: djnakata124 udpconn.rport 60397, udpconn.lport 41230 uip_len is 63
05-14 06:13:51.955 10947-10991/com.askey.firefly.zwave.control D/zgw: zw.scheme: 255
05-14 06:13:51.955 10947-10991/com.askey.firefly.zwave.control D/zgw: Sending 4->6, class: 0x59, cmd: 0x1
05-14 06:13:51.955 10947-10991/com.askey.firefly.zwave.control I/zgw: Sending with scheme 255
05-14 06:13:51.997 10947-10991/com.askey.firefly.zwave.control D/zgw: unsolicited_senddata_callback status 0
05-14 06:13:51.997 10947-10991/com.askey.firefly.zwave.control D/zgw: djnakata udp_send_wrap dtls ripaddr is 127.0.0.1 60397
05-14 06:13:52.011 10947-10991/com.askey.firefly.zwave.control D/zgw: ApplicationCommandHandler 6->4 class 0x60 cmd 0x0d size 18
05-14 06:13:52.011 10947-10991/com.askey.firefly.zwave.control D/zgw: ApplicationCommandHandler 6->4 class 0x59 cmd 0x02 size 14
05-14 06:13:52.011 10947-10991/com.askey.firefly.zwave.control D/zgw: bridge_virtual_node_commandhandler Handled
05-14 06:13:52.012 10947-10991/com.askey.firefly.zwave.control D/zgw: Sending first attempt
05-14 06:13:52.012 10947-10991/com.askey.firefly.zwave.control D/zgw: DeMangled src 6 dst 4:0
05-14 06:13:52.012 10947-10991/com.askey.firefly.zwave.control D/zgw: Packet from Z-wave side (nodeid: 6) to port:60907 IP addr: 
05-14 06:13:52.012 10947-10991/com.askey.firefly.zwave.control D/zgw: djnakata udp_send_wrap dtls ripaddr is 127.0.0.1 60397
05-14 06:13:52.012 10947-10997/com.askey.firefly.zwave.control I/ZWCONTROL: Receive frame from node:6, cmd:
05-14 06:13:52.012 10947-10997/com.askey.firefly.zwave.control I/ZWCONTROL: 59 02 01 0A 45 50 33 20 73 77 
05-14 06:13:52.013 10947-10997/com.askey.firefly.zwave.control I/ZWCONTROL: 69 74 63 68 
05-14 06:13:52.013 10947-10997/com.askey.firefly.zwave.control I/ZWCONTROL: zwif_rep_hdlr, receives report from node:6, cmdclass: 59, cmd: 02
05-14 06:13:52.013 10947-10991/com.askey.firefly.zwave.control D/zgw: queue_send_done to node 6 queue 1
05-14 06:13:52.015 10947-10991/com.askey.firefly.zwave.control D/zgw: djnakata nodeId 6
05-14 06:13:52.015 10947-10991/com.askey.firefly.zwave.control D/zgw: djnakata124 udpconn.rport 60397, udpconn.lport 41230 uip_len is 63
05-14 06:13:52.015 10947-10991/com.askey.firefly.zwave.control D/zgw: zw.scheme: 255
05-14 06:13:52.015 10947-10991/com.askey.firefly.zwave.control D/zgw: Sending 4->6, class: 0x59, cmd: 0x1
05-14 06:13:52.015 10947-10991/com.askey.firefly.zwave.control I/zgw: Sending with scheme 255
05-14 06:13:52.057 10947-10991/com.askey.firefly.zwave.control D/zgw: unsolicited_senddata_callback status 0
05-14 06:13:52.057 10947-10991/com.askey.firefly.zwave.control D/zgw: djnakata udp_send_wrap dtls ripaddr is 127.0.0.1 60397
05-14 06:13:52.071 10947-10991/com.askey.firefly.zwave.control D/zgw: ApplicationCommandHandler 6->4 class 0x60 cmd 0x0d size 17
05-14 06:13:52.071 10947-10991/com.askey.firefly.zwave.control D/zgw: ApplicationCommandHandler 6->4 class 0x59 cmd 0x02 size 13
05-14 06:13:52.071 10947-10991/com.askey.firefly.zwave.control D/zgw: bridge_virtual_node_commandhandler Handled
05-14 06:13:52.072 10947-10991/com.askey.firefly.zwave.control D/zgw: Sending first attempt
05-14 06:13:52.072 10947-10991/com.askey.firefly.zwave.control D/zgw: DeMangled src 6 dst 4:0
05-14 06:13:52.072 10947-10991/com.askey.firefly.zwave.control D/zgw: Packet from Z-wave side (nodeid: 6) to port:60907 IP addr: 
05-14 06:13:52.072 10947-10991/com.askey.firefly.zwave.control D/zgw: djnakata udp_send_wrap dtls ripaddr is 127.0.0.1 60397
05-14 06:13:52.073 10947-10991/com.askey.firefly.zwave.control D/zgw: queue_send_done to node 6 queue 1
05-14 06:13:52.073 10947-10997/com.askey.firefly.zwave.control I/ZWCONTROL: Receive frame from node:6, cmd:
05-14 06:13:52.073 10947-10997/com.askey.firefly.zwave.control I/ZWCONTROL: 59 02 02 09 42 75 74 74 6F 6E 
05-14 06:13:52.073 10947-10997/com.askey.firefly.zwave.control I/ZWCONTROL: 20 53 34 
05-14 06:13:52.073 10947-10997/com.askey.firefly.zwave.control I/ZWCONTROL: zwif_rep_hdlr, receives report from node:6, cmdclass: 59, cmd: 02
05-14 06:13:52.074 10947-10991/com.askey.firefly.zwave.control D/zgw: djnakata nodeId 6
05-14 06:13:52.074 10947-10991/com.askey.firefly.zwave.control D/zgw: djnakata124 udpconn.rport 60397, udpconn.lport 41230 uip_len is 63
05-14 06:13:52.074 10947-10991/com.askey.firefly.zwave.control D/zgw: zw.scheme: 255
05-14 06:13:52.074 10947-10991/com.askey.firefly.zwave.control D/zgw: Sending 4->6, class: 0x59, cmd: 0x1
05-14 06:13:52.074 10947-10991/com.askey.firefly.zwave.control I/zgw: Sending with scheme 255
05-14 06:13:52.115 10947-10991/com.askey.firefly.zwave.control D/zgw: unsolicited_senddata_callback status 0
05-14 06:13:52.115 10947-10991/com.askey.firefly.zwave.control D/zgw: djnakata udp_send_wrap dtls ripaddr is 127.0.0.1 60397
05-14 06:13:52.128 10947-10991/com.askey.firefly.zwave.control D/zgw: ApplicationCommandHandler 6->4 class 0x60 cmd 0x0d size 17
05-14 06:13:52.128 10947-10991/com.askey.firefly.zwave.control D/zgw: ApplicationCommandHandler 6->4 class 0x59 cmd 0x02 size 13
05-14 06:13:52.128 10947-10991/com.askey.firefly.zwave.control D/zgw: bridge_virtual_node_commandhandler Handled
05-14 06:13:52.129 10947-10991/com.askey.firefly.zwave.control D/zgw: Sending first attempt
05-14 06:13:52.129 10947-10991/com.askey.firefly.zwave.con