05-14 06:13:13.137 10947-10991/com.askey.firefly.zwave.control D/zgw: djnakata nodeId 1
05-14 06:13:13.137 10947-10991/com.askey.firefly.zwave.control D/zgw: djnakata123 udpconn.rport 60397, udpconn.lport 41230 uip_len is 61
05-14 06:13:13.137 10947-10991/com.askey.firefly.zwave.control D/zgw: djnakata udp_send_wrap dtls ripaddr is 127.0.0.1 60397
05-14 06:13:13.138 10947-10991/com.askey.firefly.zwave.control D/zgw: nm_fsm_post_event event: NM_EV_FRAME_RECEIVED state: NM_IDLE
05-14 06:13:13.148 10947-10991/com.askey.firefly.zwave.control I/zgw: Command classes updated
05-14 06:13:13.152 10947-10991/com.askey.firefly.zwave.control D/zgw:  nodeid=1 0x00
05-14 06:13:13.152 10947-10991/com.askey.firefly.zwave.control D/zgw: re-probing node 1 old state STATUS_DONE
05-14 06:13:13.152 10947-10991/com.askey.firefly.zwave.control D/zgw: rd_node_probe_update state STATUS_CREATED node =1
05-14 06:13:13.152 10947-10991/com.askey.firefly.zwave.control D/zgw: rd_node_probe_update state STATUS_PROBE_NODE_INFO node =1
05-14 06:13:13.152 10947-10991/com.askey.firefly.zwave.control D/zgw: EP probe nd=1 (flags 0x71) ep =0 state=EP_STATE_PROBE_INFO
05-14 06:13:13.152 10947-10991/com.askey.firefly.zwave.control D/zgw: EP probe nd=1 (flags 0x71) ep =0 state=EP_STATE_MDNS_PROBE
05-14 06:13:13.152 10947-10991/com.askey.firefly.zwave.control D/zgw: EP probe nd=1 (flags 0x71) ep =0 state=EP_STATE_PROBE_DONE
05-14 06:13:13.152 10947-10991/com.askey.firefly.zwave.control D/zgw: rd_node_probe_update state STATUS_PROBE_NODE_INFO node =1
05-14 06:13:13.152 10947-10991/com.askey.firefly.zwave.control D/zgw: rd_node_probe_update state STATUS_PROBE_PRODUCT_ID node =1
05-14 06:13:13.152 10947-10991/com.askey.firefly.zwave.control D/zgw: rd_node_probe_update state STATUS_ENUMERATE_ENDPOINTS node =1
05-14 06:13:13.152 10947-10991/com.askey.firefly.zwave.control D/zgw: rd_node_probe_update state STATUS_CHECK_WU_CC_VERSION node =1
05-14 06:13:13.152 10947-10991/com.askey.firefly.zwave.control D/zgw: rd_node_probe_update state STATUS_PROBE_ENDPOINTS node =1
05-14 06:13:13.152 10947-10991/com.askey.firefly.zwave.control D/zgw: rd_node_probe_update state STATUS_MDNS_PROBE node =1
05-14 06:13:13.152 10947-10991/com.askey.firefly.zwave.control D/zgw: rd_node_name_probe_done status: 1
05-14 06:13:13.153 10947-10991/com.askey.firefly.zwave.control D/zgw: rd_node_probe_update state STATUS_MDNS_EP_PROBE node =1
05-14 06:13:13.153 10947-10991/com.askey.firefly.zwave.control D/zgw: rd_node_probe_update state STATUS_DONE node =1
05-14 06:13:13.153 10947-10991/com.askey.firefly.zwave.control I/zgw: Probe of node 1 is done
05-14 06:13:13.153 10947-10991/com.askey.firefly.zwave.control I/zgw: Info len 32
05-14 06:13:13.153 10947-10991/com.askey.firefly.zwave.control I/zgw: All nodes have been probed
05-14 06:13:13.153 10947-10991/com.askey.firefly.zwave.control D/zgw: nm_fsm_post_event event: NM_EV_ALL_PROBED state: NM_IDLE
05-14 06:13:13.153 10947-10991/com.askey.firefly.zwave.control D/zgw: update flag 2 134

05-14 06:13:13.798 10947-10983/com.askey.firefly.zwave.control I/MQTTBroker: Public LOACAL MESSAGE:{"MessageType":"Controller Reset Status","Status":"Success"}
05-14 06:13:13.798 10947-10983/com.askey.firefly.zwave.control I/MQTTBroker: Public LOACAL MESSAGE:{"reported":{"MessageType":"Controller Reset Status","Status":"Success"}}
05-14 06:13:13.798 10947-10983/com.askey.firefly.zwave.control I/MQTTBroker: 0123456789abcdef:{"MessageType":"Controller Reset Status","Status":"Success"}
05-14 06:13:13.903 10947-10947/com.askey.firefly.zwave.control I/MQTTBroker: Local MQTT Incoming [0123456789abcdef] : {"reported":{"MessageType":"Controller Reset Status","Status":"Success"}}
05-14 06:13:13.916 10947-10947/com.askey.firefly.zwave.control I/MQTTBroker: Local MQTT Incoming [0123456789abcdef] : {"reported":{"MessageType":"Controller Reset Status","Status":"Success"}}
05-14 06:13:14.759 10947-10966/com.askey.firefly.zwave.control I/WelcomeActivity: deviceService.getDeviceInfo
05-14 06:13:14.759 10947-10966/com.askey.firefly.zwave.control D/ZwaveControlService: into getDeviceInfo
05-14 06:13:14.759 10947-10966/com.askey.firefly.zwave.control I/ZWCONTROL: __________________________________________________________________________
05-14 06:13:14.759 10947-10966/com.askey.firefly.zwave.control I/ZWCONTROL: Node id:1[251], Home id:C060D65E
05-14 06:13:14.759 10947-10966/com.askey.firefly.zwave.control I/ZWCONTROL: Node security inclusion status:[S2]
05-14 06:13:14.760 10947-10966/com.askey.firefly.zwave.control I/ZWCONTROL: Vendor id:0000
05-14 06:13:14.760 10947-10966/com.askey.firefly.zwave.control I/ZWCONTROL: Product type id:0003
05-14 06:13:14.760 10947-10966/com.askey.firefly.zwave.control I/ZWCONTROL: Product id:0008
05-14 06:13:14.760 10947-10966/com.askey.firefly.zwave.control I/ZWCONTROL: Z-wave library type:7
05-14 06:13:14.760 10947-10966/com.askey.firefly.zwave.control I/ZWCONTROL: Z-wave protocol version:6.02
05-14 06:13:14.760 10947-10966/com.askey.firefly.zwave.control I/ZWCONTROL: Application version:6.01
05-14 06:13:14.760 10947-10966/com.askey.firefly.zwave.control I/ZWCONTROL: Hardware version:1
05-14 06:13:14.760 10947-10966/com.askey.firefly.zwave.control I/ZWCONTROL: Firmware 1 version:2.81
05-14 06:13:14.760 10947-10966/com.askey.firefly.zwave.control I/ZWCONTROL: Firmware 2 version:1.00
05-14 06:13:14.760 10947-10966/com.askey.firefly.zwave.control I/ZWCONTROL: Firmware 3 version:1.00
05-14 06:13:14.760 10947-10966/com.askey.firefly.zwave.control I/ZWCONTROL: Device serial number:h'00 1E 32 17 7C E0 
05-14 06:13:14.760 10947-10966/com.askey.firefly.zwave.control I/ZWCONTROL: Endpoint id:0[252]
05-14 06:13:14.760 10947-10966/com.askey.firefly.zwave.control I/ZWCONTROL: Device class: generic:02, specific:07
05-14 06:13:14.760 10947-10966/com.askey.firefly.zwave.control I/ZWCONTROL: __________________________________________________________________________
05-14 06:13:14.760 10947-10966/com.askey.firefly.zwave.control I/ZwaveControlService: =======deleteDevice==
05-14 06:13:14.841 10947-10966/com.askey.firefly.zwave.control I/ZwaveControlService: ===deleteDevice====temp.size()==1
05-14 06:13:14.841 10947-10966/com.askey.firefly.zwave.control I/ZwaveControlService: ==deleteDevice=====list.size()==2
05-14 06:13:14.848 10947-10966/com.askey.firefly.zwave.control I/ZwaveControlService: ==deleteDevice==BULB===removeResult==removeDevice:Zwave:7
05-14 06:13:14.872 10947-10966/com.askey.firefly.zwave.control I/WelcomeActivity: class name = [removeDevice]| result = removeDevice:Zwave:7
05-14 06:13:14.872 10947-10947/com.askey.firefly.zwave.control I/WelcomeActivity: removeDevice HomeId = Zwave | NodeId = 7
05-14 06:13:15.821 10947-10983/com.askey.firefly.zwave.control I/TCPServer: TCP sendMessage : [0]:removeDevice:Zwave:7 #index=-1
05-14 06:13:15.821 10947-10983/com.askey.firefly.zwave.control I/MQTTBroker: into addRemoveDevice
05-14 06:13:15.821 10947-10983/com.askey.firefly.zwave.control I/MQTTBroker: addRemoveDevice length > 3
05-14 06:13:15.821 10947-10983/com.askey.firefly.zwave.control I/MQTTBroker: Interface  NodeId  Result
05-14 06:13:15.872 10947-10966/com.askey.firefly.zwave.control I/WelcomeActivity: deviceService.getDevices tRoom= My Home
05-14 06:13:15.876 10947-10966/com.askey.firefly.zwave.control I/ZwaveControlService: get room My Home | LIST SIZE = 1
05-14 06:13:15.876 10947-10966/com.askey.firefly.zwave.control I/WelcomeActivity: class name = [getDeviceList]| result = {"Interface":"getDeviceList","deviceList":[]}
05-14 06:13:16.821 10947-10983/com.askey.firefly.zwave.control I/MQTTBroker: into getDeviceList
05-14 06:13:16.822 10947-10983/com.askey.firefly.zwave.control I/MQTTBroker: Node id (0) = []}
05-14 06:13:16.822 10947-10983/com.askey.firefly.zwave.control I/MQTTBroker: Public LOACAL MESSAGE:{"Interface":"getDeviceList","deviceList":[]}
05-14 06:13:16.823 10947-10983/com.askey.firefly.zwave.control I/MQTTBroker: Public LOACAL MESSAGE:{"reported":{"Interface":"getDeviceList","deviceList":[]}}
05-14 06:13:16.823 10947-10983/com.askey.firefly.zwave.control I/MQTTBroker: 0123456789abcdef:{"Interface":"getDeviceList","deviceList":[]}
05-14 06:13:16.923 10947-10947/com.askey.firefly.zwave.control I/MQTTBroker: Local MQTT Incoming [0123456789abcdef] : {"reported":{"Interface":"getDeviceList","deviceList":[]}}
05-14 06:13:16.936 10947-10947/com.askey.firefly.zwave.control I/MQTTBroker: Local MQTT Incoming [0123456789abcdef] : {"reported":{"Interface":"getDeviceList","deviceList":[]}}



05-14 06:13:29.291 10947-10947/com.askey.firefly.zwave.control I/WelcomeActivity: call zwaveService.removeDevice()
05-14 06:13:29.291 10947-10947/com.askey.firefly.zwave.control I/ZwaveControlService: removeDevice devType = Zwave | nodeId = 0
05-14 06:13:29.291 10947-10947/com.askey.firefly.zwave.control D/ZWCONTROL: Controller remove node
05-14 06:13:29.293 10947-10991/com.askey.firefly.zwave.control D/zgw: djnakata nodeId 1
05-14 06:13:29.294 10947-10991/com.askey.firefly.zwave.control D/zgw: djnakata123 udpconn.rport 60397, udpconn.lport 41230 uip_len is 60
05-14 06:13:29.294 10947-10991/com.askey.firefly.zwave.control D/zgw: djnakata udp_send_wrap dtls ripaddr is 127.0.0.1 60397
05-14 06:13:29.294 10947-10991/com.askey.firefly.zwave.control D/zgw: nm_fsm_post_event event: NM_EV_FRAME_RECEIVED state: NM_IDLE
05-14 06:13:29.295 10947-10991/com.askey.firefly.zwave.control D/zgw: NetworkManagementCommandHandler 34 3
05-14 06:13:29.332 10947-10991/com.askey.firefly.zwave.control D/zgw: RemoveNodeStatusUpdate status=1 node 0
05-14 06:13:31.130 10947-10991/com.askey.firefly.zwave.control D/zgw: RemoveNodeStatusUpdate status=2 node 0
05-14 06:13:31.632 10947-10991/com.askey.firefly.zwave.control D/zgw: RemoveNodeStatusUpdate status=3 node 0
05-14 06:13:31.633 10947-10991/com.askey.firefly.zwave.control D/zgw: RemoveNodeStatusUpdate status=6 node 0
05-14 06:13:31.633 10947-10991/com.askey.firefly.zwave.control D/zgw: Node Removed 0
05-14 06:13:31.633 10947-10991/com.askey.firefly.zwave.control I/zgw: ApplicationControllerUpdate: status=0x20 node=0 NIF len=0
05-14 06:13:31.633 10947-10991/com.askey.firefly.zwave.control E/zgw: Controller update from invalid nodeID 0
05-14 06:13:31.637 10947-10991/com.askey.firefly.zwave.control D/zgw: Sending network management reply
05-14 06:13:31.637 10947-10991/com.askey.firefly.zwave.control D/zgw: djnakata udp_send_wrap dtls ripaddr is 127.0.0.1 60397
05-14 06:13:31.637 10947-10997/com.askey.firefly.zwave.control I/ZWCONTROL: zwnet_node_rm_cb: status:6 (OK)
05-14 06:13:31.637 10947-11002/com.askey.firefly.zwave.control I/ZWCONTROL: hl_nw_notify_cb op:3, status:0
05-14 06:13:31.639 10947-11002/com.askey.firefly.zwave.control I/WelcomeActivity: class name = [removeDevice]| result = {
                                                                                  	"MessageType":	"Node Remove Status",
                                                                                  	"Status":	"Success"
                                                                                  }
05-14 06:13:31.639 10947-11002/com.askey.firefly.zwave.control I/ZwaveControlService: =======Node Remove Status=Success=
05-14 06:13:31.639 10947-11002/com.askey.firefly.zwave.control D/ZWCONTROL: zwcontrol_save_nodeinfo started
05-14 06:13:31.640 10947-11002/com.askey.firefly.zwave.control D/ZWCONTROL: save nodeinfo successfully
05-14 06:13:31.640 10947-11002/com.askey.firefly.zwave.control I/ZWCONTROL: __________________________________________________________________________
05-14 06:13:31.640 10947-11002/com.askey.firefly.zwave.control I/ZWCONTROL: Node id:1[251], Home id:C060D65E
05-14 06:13:31.640 10947-11002/com.askey.firefly.zwave.control I/ZWCONTROL: Node security inclusion status:[S2]
05-14 06:13:31.640 10947-11002/com.askey.firefly.zwave.control I/ZWCONTROL: Vendor id:0000
05-14 06:13:31.640 10947-11002/com.askey.firefly.zwave.control I/ZWCONTROL: Product type id:0003
05-14 06:13:31.640 10947-11002/com.askey.firefly.zwave.control I/ZWCONTROL: Product id:0008
05-14 06:13:31.640 10947-11002/com.askey.firefly.zwave.control I/ZWCONTROL: Z-wave library type:7
05-14 06:13:31.640 10947-11002/com.askey.firefly.zwave.control I/ZWCONTROL: Z-wave protocol version:6.02
05-14 06:13:31.640 10947-11002/com.askey.firefly.zwave.control I/ZWCONTROL: Application version:6.01
05-14 06:13:31.640 10947-11002/com.askey.firefly.zwave.control I/ZWCONTROL: Hardware version:1
05-14 06:13:31.640 10947-11002/com.askey.firefly.zwave.control I/ZWCONTROL: Firmware 1 version:2.81
05-14 06:13:31.640 10947-11002/com.askey.firefly.zwave.control I/ZWCONTROL: Firmware 2 version:1.00
05-14 06:13:31.640 10947-11002/com.askey.firefly.zwave.control I/ZWCONTROL: Firmware 3 version:1.00
05-14 06:13:31.640 10947-11002/com.askey.firefly.zwave.control I/ZWCONTROL: Device serial number:h'00 1E 32 17 7C E0 
05-14 06:13:31.640 10947-11002/com.askey.firefly.zwave.control I/ZWCONTROL: Endpoint id:0[252]
05-14 06:13:31.640 10947-11002/com.askey.firefly.zwave.control I/ZWCONTROL: Device class: generic:02, specific:07
05-14 06:13:31.640 10947-11002/com.askey.firefly.zwave.control I/ZWCONTROL: __________________________________________________________________________
05-14 06:13:31.641 10947-11002/com.askey.firefly.zwave.control I/ZwaveControlService: =======deleteDevice==
05-14 06:13:31.724 10947-11002/com.askey.firefly.zwave.control I/ZwaveControlService: ===deleteDevice====temp.size()==1
05-14 06:13:31.724 10947-11002/com.askey.firefly.zwave.control I/ZwaveControlService: ==deleteDevice=====list.size()==1
05-14 06:13:31.836 10947-10983/com.askey.firefly.zwave.control I/TCPServer: TCP sendMessage : [0]:{
                                                                            	"MessageType":	"Node Remove Status",
                                                                            	"Status":	"Success"
                                                                            } #index=-1
05-14 06:13:31.836 10947-10983/com.askey.firefly.zwave.control I/MQTTBroker: into addRemoveDevice
05-14 06:13:34.249 10947-10956/com.askey.firefly.zwave.control V/UsbRequest: endpoint still open in finalize(): android.hardware.usb.UsbRequest@a3e553c
05-14 06:13:34.249 10947-10956/com.askey.firefly.zwave.control D/UsbRequestJNI: close
05-14 06:13:37.767 10947-10947/com.askey.firefly.zwave.control D/AlarmPingSender: Sending Ping at:1526278417767
05-14 06:13:37.769 10947-10947/com.askey.firefly.zwave.control D/AlarmPingSender: Schedule next alarm at 1526278456839
05-14 06:13:37.769 10947-10947/com.askey.firefly.zwave.control D/AlarmPingSender: Alarm scheule using setExactAndAllowWhileIdle, next: 39070
05-14 06:13:38.719 10947-11032/com.askey.firefly.zwave.control I/MQTTBroker: TCP received , client ID = 48693 |  message : mobile_zwave:addDevice:Zwave
05-14 06:13:38.720 10947-11032/com.askey.firefly.zwave.control I/MQTTBroker: deviceService.addDevice(mCallback)
05-14 06:13:38.880 10947-10966/com.askey.firefly.zwave.control I/WelcomeActivity: deviceService.addDevice
05-14 06:13:38.880 10947-10966/com.askey.firefly.zwave.control D/ZWCONTROL: Controller supports security 2 inclusion.
05-14 06:13:38.882 10947-10991/com.askey.firefly.zwave.control D/zgw: djnakata nodeId 1
05-14 06:13:38.882 10947-10991/com.askey.firefly.zwave.control D/zgw: djnakata123 udpconn.rport 60397, udpconn.lport 41230 uip_len is 59
05-14 06:13:38.882 10947-10991/com.askey.firefly.zwave.control D/zgw: djnakata udp_send_wrap dtls ripaddr is 127.0.0.1 60397
05-14 06:13:38.883 10947-10991/com.askey.firefly.zwave.control D/zgw: nm_fsm_post_event event: NM_EV_FRAME_RECEIVED state: NM_IDLE
05-14 06:13:38.883 10947-10991/com.askey.firefly.zwave.control D/zgw: NetworkManagementCommandHandler 4d 8
05-14 06:13:38.883 10947-10991/com.askey.firefly.zwave.control D/zgw: DSK_GET for add
05-14 06:13:38.980 10947-10991/com.askey.firefly.zwave.control D/zgw: Sending network management reply
05-14 06:13:38.980 10947-10991/com.askey.firefly.zwave.control D/zgw: djnakata udp_send_wrap dtls ripaddr is 127.0.0.1 60397
05-14 06:13:38.987 10947-10991/com.askey.firefly.zwave.control D/zgw: djnakata nodeId 1
05-14 06:13:38.987 10947-10991/com.askey.firefly.zwave.control D/zgw: djnakata123 udpconn.rport 60397, udpconn.lport 41230 uip_len is 61
05-14 06:13:38.987 10947-10991/com.askey.firefly.zwave.control D/zgw: djnakata udp_send_wrap dtls ripaddr is 127.0.0.1 60397
05-14 06:13:38.988 10947-10991/com.askey.firefly.zwave.control D/zgw: nm_fsm_post_event event: NM_EV_FRAME_RECEIVED state: NM_IDLE
05-14 06:13:38.988 10947-10991/com.askey.firefly.zwave.control D/zgw: NetworkManagementCommandHandler 34 1
05-14 06:13:38.996 10947-10991/com.askey.firefly.zwave.control D/zgw: nm_fsm_post_event event: NM_EV_NODE_ADD_S2 state: NM_IDLE
05-14 06:13:39.006 10947-10991/com.askey.firefly.zwave.control D/zgw: nm_fsm_post_event event: NM_EV_ADD_LEARN_READY state: NM_WAITING_FOR_ADD
05-14 06:13:42.903 10947-10991/com.askey.firefly.zwave.control D/zgw: nm_fsm_post_event event: NM_EV_ADD_NODE_FOUND state: NM_WAITING_FOR_ADD
05-14 06:13:43.105 10947-10991/com.askey.firefly.zwave.control D/zgw: nm_fsm_post_event event: NM_EV_ADD_SLAVE state: NM_NODE_FOUND
05-14 06:13:43.619 10947-10991/com.askey.firefly.zwave.control D/zgw: nm_fsm_post_event event: NM_EV_ADD_PROTOCOL_DONE state: NM_WIAT_FOR_PROTOCOL
05-14 06:13:43.679 10947-10991/com.askey.firefly.zwave.control D/zgw: nm_fsm_post_event event: NM_EV_ADD_NODE_STATUS_DONE state: NM_WIAT_FOR_PROTOCOL
05-14 06:13:43.696 10947-10991/com.askey.firefly.zwave.control D/zgw: Probe machine is locked
05-14 06:13:43.696 10947-10991/com.askey.firefly.zwave.control D/zgw:  nodeid=6 0x84
05-14 06:13:43.703 10947-10991/com.askey.firefly.zwave.control D/zgw: probe machine is locked
05-14 06:13:43.703 10947-10991/com.askey.firefly.zwave.control I/zgw: ApplicationControllerUpdate: status=0x40 node=6 NIF len=0
05-14 06:13:43.703 10947-10991/com.askey.firefly.zwave.control I/zgw:  Sending S2_send_frame 2
05-14 06:13:43.703 10947-10991/com.askey.firefly.zwave.control D/zgw: s2_inclusion_set_timeout interval =10000 ms
05-14 06:13:43.704 10947-10991/com.askey.firefly.zwave.control I/zgw: DHCP pass completed
05-14 06:13:43.704 10947-10991/com.askey.firefly.zwave.control D/zgw: update flag 1 133
05-14 06:13:43.744 10947-10991/com.askey.firefly.zwave.control D/zgw: Route change
05-14 06:13:43.757 10947-10991/com.askey.firefly.zwave.control D/zgw: ApplicationCommandHandler 6->1 class 0x9f cmd 0x05 size 6
05-14 06:13:43.757 10947-10991/com.askey.firefly.zwave.control I/zgw: S2 inclusion event 1
05-14 06:13:43.757 10947-10991/com.askey.firefly.zwave.control I/zgw: csa 0 keys 131
05-14 06:13:43.757 10947-10991/com.askey.firefly.zwave.control D/zgw: nm_fsm_post_event event: NM_EV_ADD_SECURITY_REQ_KEYS state: NM_WAIT_FOR_SECURE_ADD
05-14 06:13:43.757 10947-10991/com.askey.firefly.zwave.control D/zgw: djnakata udp_send_wrap dtls ripaddr is 127.0.0.1 60397
05-14 06:13:43.758 10947-10991/com.askey.firefly.zwave.control D/zgw: s2_inclusion_set_timeout interval =240000 ms
05-14 06:13:43.758 10947-11002/com.askey.firefly.zwave.control D/ZWCONTROL: Device requested keys bit-mask: 83h
05-14 06:13:43.758 10947-11002/com.askey.firefly.zwave.control D/ZWCONTROL: Key (bit-mask in hex) :
05-14 06:13:43.758 10947-11002/com.askey.firefly.zwave.control D/ZWCONTROL:                    Security 2 key 0    (01)
05-14 06:13:43.758 10947-11002/com.askey.firefly.zwave.control D/ZWCONTROL:                    Security 2 key 1    (02)
05-14 06:13:43.758 10947-11002/com.askey.firefly.zwave.control D/ZWCONTROL:                    Security 2 key 2    (04)
05-14 06:13:43.758 10947-11002/com.askey.firefly.zwave.control D/ZWCONTROL:                    Security 2 key All  (07)
05-14 06:13:43.758 10947-11002/com.askey.firefly.zwave.control D/ZWCONTROL:                    Security 0 key      (80)
05-14 06:13:43.758 10947-11002/com.askey.firefly.zwave.control D/ZWCONTROL:                    Security   key All  (87)
05-14 06:13:43.759 10947-11002/com.askey.firefly.zwave.control D/ZwaveControlService: zwaveControlReq_CallBack jniResult==={
                                                                                      	"Grant Keys Msg":	"Request Keys",
                                                                                      	"Keys":	"131"
                                                                                      }
05-14 06:13:43.759 10947-11002/com.askey.firefly.zwave.control I/WelcomeActivity: class name = [Grant Keys Msg]| result = {
                                                                                  	"Grant Keys Msg":	"Request Keys",
                                                                                  	"Keys":	"131"
                                                                                  }
05-14 06:13:43.840 10947-10983/com.askey.firefly.zwave.control D/MQTTBroker: 131
05-14 06:13:43.840 10947-10983/com.askey.firefly.zwave.control I/TCPServer: TCP sendMessage : [48693]:GrantKeys:131 #index=0
05-14 06:13:46.083 10947-11032/com.askey.firefly.zwave.control I/MQTTBroker: TCP received , client ID = 48693 |  message : GrantKeys:87
05-14 06:13:46.083 10947-11032/com.askey.firefly.zwave.control I/MQTTBroker: req grant : 87
05-14 06:13:46.163 10947-11002/com.askey.firefly.zwave.control D/ZWCONTROL: User granted keys: 87
05-14 06:13:46.165 10947-10991/com.askey.firefly.zwave.control D/zgw: djnakata nodeId 1
05-14 06:13:46.165 10947-10991/com.askey.firefly.zwave.control D/zgw: djnakata123 udpconn.rport 60397, udpconn.lport 41230 uip_len is 60
05-14 06:13:46.165 10947-10991/com.askey.firefly.zwave.control D/zgw: djnakata udp_send_wrap dtls ripaddr is 127.0.0.1 60397
05-14 06:13:46.165 10947-10991/com.askey.firefly.zwave.control D/zgw: nm_fsm_post_event event: NM_EV_FRAME_RECEIVED state: NM_WAIT_FOR_SECURE_ADD
05-14 06:13:46.165 10947-10991/com.askey.firefly.zwave.control D/zgw: NetworkManagementCommandHandler 34 12
05-14 06:13:46.173 10947-10991/com.askey.firefly.zwave.control D/zgw: nm_fsm_post_event event: NM_EV_ADD_SECURITY_KEYS_SET state: NM_WAIT_FOR_SECURE_ADD
05-14 06:13:46.173 10947-10991/com.askey.firefly.zwave.control I/zgw:  Sending S2_send_frame 6
05-14 06:13:46.173 10947-10991/com.askey.firefly.zwave.control D/zgw: s2_inclusion_set_timeout interval =10000 ms
05-14 06:13:46.232 10947-10991/com.askey.firefly.zwave.control D/zgw: ApplicationCommandHandler 6->1 class 0x9f cmd 0x07 size 3
05-14 06:13:46.250 10947-10991/com.askey.firefly.zwave.control D/zgw: Key  class  1 
05-14 06:13:46.268 10947-10991/com.askey.firefly.zwave.control D/zgw: Key  class  2 
05-14 06:13:46.285 10947-10991/com.askey.firefly.zwave.control D/zgw: Key  class  4 
05-14 06:13:46.286 10947-10991/com.askey.firefly.zwave.control I/zgw: S2 inclusion event 5
05-14 06:13:46.286 10947-10991/com.askey.firefly.zwave.control D/zgw: nm_fsm_post_event event: NM_EV_SECURITY_DONE state: NM_WAIT_FOR_SECURE_ADD
05-14 06:13:46.286 10947-10991/com.askey.firefly.zwave.control D/zgw: Probe machine is unlocked
05-14 06:13:46.286 10947-10991/com.askey.firefly.zwave.control D/zgw: rd_node_probe_update state STATUS_CREATED node =6
05-14 06:13:46.286 10947-10991/com.askey.firefly.zwave.control D/zgw: rd_node_probe_update state STATUS_PROBE_NODE_INFO node =6
05-14 06:13:46.286 10947-10991/com.askey.firefly.zwave.control D/zgw: EP probe nd=6 (flags 0x86) ep =0 state=EP_STATE_PROBE_INFO
05-14 06:13:46.340 10947-10991/com.askey.firefly.zwave.control I/zgw: ApplicationControllerUpdate: status=0x84 node=6 NIF len=18
05-14 06:13:46.340 10947-10991/com.askey.firefly.zwave.control D/zgw: EP probe nd=6 (flags 0x86) ep =0 state=EP_STATE_PROBE_SEC2_C2_INFO
05-14 06:13:46.340 10947-10991/com.askey.firefly.zwave.control D/zgw: EP probe nd=6 (flags 0x86) ep =0 state=EP_STATE_PROBE_ZWAVE_PLUS
05-14 06:13:46.340 10947-10991/com.askey.firefly.zwave.control D/zgw: Sending 1->6, class: 0x5e, cmd: 0x1
05-14 06:13:46.340 10947-10991/com.askey.firefly.zwave.control D/zgw: nm_fsm_post_event event: NM_EV_NODE_INFO state: NM_WAIT_FOR_PROBE_AFTER_ADD
05-14 06:13:46.341 10947-10991/com.askey.firefly.zwave.control I/zgw: Sending with scheme 255
05-14 06:13:46.397 10947-10991/com.askey.firefly.zwave.control D/zgw: EP probe nd=6 (flags 0x86) ep =0 state=EP_STATE_MDNS_PROBE
05-14 06:13:46.398 10947-10991/com.askey.firefly.zwave.control D/zgw: EP probe nd=6 (flags 0x86) ep =0 state=EP_STATE_PROBE_DONE
05-14 06:13:46.398 10947-10991/com.askey.firefly.zwave.control D/zgw: rd_node_probe_update state STATUS_PROBE_NODE_INFO node =6
05-14 06:13:46.398 10947-10991/com.askey.firefly.zwave.control D/zgw: rd_node_probe_update state STATUS_PROBE_PRODUCT_ID node =6
05-14 06:13:46.398 10947-10991/com.askey.firefly.zwave.control D/zgw: Sending 1->6, class: 0x72, cmd: 0x4
05-14 06:13:46.399 10947-10991/com.askey.firefly.zwave.control I/zgw: Sending with scheme 255
05-14 06:13:46.566 10947-10991/com.askey.firefly.zwave.control D/zgw: rd_node_probe_update state STATUS_ENUMERATE_ENDPOINTS node =6
05-14 06:13:46.566 10947-10991/com.askey.firefly.zwave.control D/zgw: Sending 1->6, class: 0x60, cmd: 0x7
05-14 06:13:46.567 10947-10991/com.askey.firefly.zwave.control I/zgw: Sending with scheme 255
05-14 06:13:46.623 10947-10991/com.askey.firefly.zwave.control D/zgw: rd_node_probe_update state STATUS_CHECK_WU_CC_VERSION node =6
05-14 06:13:46.623 10947-10991/com.askey.firefly.zwave.control D/zgw: rd_node_probe_update state STATUS_PROBE_ENDPOINTS node =6
05-14 06:13:46.623 10947-10991/com.askey.firefly.zwave.control D/zgw: EP probe nd=6 (flags 0x86) ep =1 state=EP_STATE_PROBE_INFO
05-14 06:13:46.623 10947-10991/com.askey.firefly.zwave.control D/zgw: Sending 1->6, class: 0x60, cmd: 0x9
05-14 06:13:46.624 10947-10991/com.askey.firefly.zwave.control I/zgw: Sending with scheme 255
05-14 06:13:46.678 10947-10991/com.askey.firefly.zwave.control W/zgw: Storing 7 bytes epid = 1
05-14 06:13:46.678 10947-10991/com.askey.firefly.zwave.control D/zgw: State selected is 2
05-14 06:13:46.678 10947-10991/com.askey.firefly.zwave.control D/zgw: EP probe nd=6 (flags 0x86) ep =1 state=EP_STATE_PROBE_SEC2_C2_INFO
05-14 06:13:46.678 10947-10991/com.askey.firefly.zwave.control D/zgw: EP probe nd=6 (flags 0x86) ep =1 state=EP_STATE_PROBE_ZWAVE_PLUS
05-14 06:13:46.678 10947-10991/com.askey.firefly.zwave.control D/zgw: Sending 1->6, class: 0x5e, cmd: 0x1
05-14 06:13:46.679 10947-10991/com.askey.firefly.zwave.control I/zgw: Sending with scheme 255
05-14 06:13:46.737 10947-10991/com.askey.firefly.zwave.control D/zgw: ApplicationCommandHandler 6->1 class 0x60 cmd 0x0d size 13
05-14 06:13:46.737 10947-10991/com.askey.firefly.zwave.control D/zgw: EP probe nd=6 (flags 0x86) ep =1 state=EP_STATE_MDNS_PROBE
05-14 06:13:46.737 10947-10991/com.askey.firefly.zwave.control D/zgw: EP probe nd=6 (flags 0x86) ep =1 state=EP_STATE_PROBE_DONE
05-14 06:13:46.737 10947-10991/com.askey.firefly.zwave.control D/zgw: rd_node_probe_update state STATUS_PROBE_ENDPOINTS node =6
05-14 06:13:46.737 10947-10991/com.askey.firefly.zwave.control D/zgw: EP probe nd=6 (flags 0x86) ep =2 state=EP_STATE_PROBE_INFO
05-14 06:13:46.737 10947-10991/com.askey.firefly.zwave.control D/zgw: Sending 1->6, class: 0x60, cmd: 0x9
05-14 06:13:46.738 10947-10991/com.askey.firefly.zwave.control I/zgw: Sending with scheme 255
05-14 06:13:46.797 10947-10991/com.askey.firefly.zwave.control W/zgw: Storing 7 bytes epid = 2
05-14 06:13:46.797 10947-10991/com.askey.firefly.zwave.control D/zgw: State selected is 2
05-14 06:13:46.797 10947-10991/com.askey.firefly.zwave.control D/zgw: EP probe nd=6 (flags 0x86) ep =2 state=EP_STATE_PROBE_SEC2_C2_INFO
05-14 06:13:46.797 10947-10991/com.askey.firefly.zwave.control D/zgw: EP probe nd=6 (flags 0x86) ep =2 state=EP_STATE_PROBE_ZWAVE_PLUS
05-14 06:13:46.797 10947-10991/com.askey.firefly.zwave.control D/zgw: Sending 1->6, class: 0x5e, cmd: 0x1
05-14 06:13:46.798 10947-10991/com.askey.firefly.zwave.control I/zgw: Sending with scheme 255
05-14 06:13:46.857 10947-10991/com.askey.firefly.zwave.control D/zgw: ApplicationCommandHandler 6->1 class 0x60 cmd 0x0d size 13
05-14 06:13:46.857 10947-10991/com.askey.firefly.zwave.control D/zgw: EP probe nd=6 (flags 0x86) ep =2 state=EP_STATE_MDNS_PROBE
05-14 06:13:46.857 10947-10991/com.askey.firefly.zwave.control D/zgw: EP probe nd=6 (flags 0x86) ep =2 state=EP_STATE_PROBE_DONE
05-14 06:13:46.857 10947-10991/com.askey.firefly.zwave.control D/zgw: rd_node_probe_update state STATUS_PROBE_ENDPOINTS node =6
05-14 06:13:46.857 10947-10991/com.askey.firefly.zwave.control D/zgw: EP probe nd=6 (flags 0x86) ep =3 state=EP_STATE_PROBE_INFO
05-14 06:13:46.857 10947-10991/com.askey.firefly.zwave.control D/zgw: Sending 1->6, class: 0x60, cmd: 0x9
05-14 06:13:46.858 10947-10991/com.askey.firefly.zwave.control I/zgw: Sending with scheme 255
05-14 06:13:46.915 10947-10991/com.askey.firefly.zwave.control W/zgw: Storing 7 bytes epid = 3
05-14 06:13:46.915 10947-10991/com.askey.firefly.zwave.control D/zgw: State selected is 2
05-14 06:13:46.915 10947-10991/com.askey.firefly.zwave.control D/zgw: EP probe nd=6 (flags 0x86) ep =3 state=EP_STATE_PROBE_SEC2_C2_INFO
05-14 06:13:46.915 10947-10991/com.askey.firefly.zwave.control D/zgw: EP probe nd=6 (flags 0x86) ep =3 state=EP_STATE_PROBE_ZWAVE_PLUS
05-14 06:13:46.915 10947-10991/com.askey.firefly.zwave.control D/zgw: Sending 1->6, class: 0x5e, cmd: 0x1
05-14 06:13:46.916 10947-10991/com.askey.firefly.zwave.control I/zgw: Sending with scheme 255
05-14 06:13:46.971 10947-10991/com.askey.firefly.zwave.control D/zgw: ApplicationCommandHandler 6->1 class 0x60 cmd 0x0d size 13
05-14 06:13:46.971 10947-10991/com.askey.firefly.zwave.control D/zgw: EP probe nd=6 (flags 0x86) ep =3 state=EP_STATE_MDNS_PROBE
05-14 06:13:46.971 10947-10991/com.askey.firefly.zwave.control D/zgw: EP probe nd=6 (flags 0x86) ep =3 state=EP_STATE_PROBE_DONE
05-14 06:13:46.971 10947-10991/com.askey.firefly.zwave.control D/zgw: rd_node_probe_update state STATUS_PROBE_ENDPOINTS node =6
05-14 06:13:46.971 10947-10991/com.askey.firefly.zwave.control D/zgw: EP probe nd=6 (flags 0x86) ep =4 state=EP_STATE_PROBE_INFO
05-14 06:13:46.971 10947-10991/com.askey.firefly.zwave.control D/zgw: Sending 1->6, class: 0x60, cmd: 0x9
05-14 06:13:46.972 10947-10991/com.askey.firefly.zwave.control I/zgw: Sending with scheme 255
05-14 06:13:47.029 10947-10991/com.askey.firefly.zwave.control W/zgw: Storing 7 bytes epid = 4
05-14 06:13:47.030 10947-10991/com.askey.firefly.zwave.control D/zgw: State selected is 2
05-14 06:13:47.030 10947-10991/com.askey.firefly.zwave.control D/zgw: EP probe nd=6 (flags 0x86) ep =4 state=EP_STATE_PROBE_SEC2_C2_INFO
05-14 06:13:47.030 10947-10991/com.askey.firefly.zwave.control D/zgw: EP probe nd=6 (flags 0x86) ep =4 state=EP_STATE_PROBE_ZWAVE_PLUS
05-14 06:13:47.030 10947-10991/com.askey.firefly.zwave.control D/zgw: Sending 1->6, class: 0x5e, cmd: 0x1
05-14 06:13:47.031 10947-10991/com.askey.firefly.zwave.control I/zgw: Sending with scheme 255
05-14 06:13:47.089 10947-10991/com.askey.firefly.zwave.control D/zgw: ApplicationCommandHandler 6->1 class 0x60 cmd 0x0d size 13
05-14 06:13:47.089 10947-10991/com.askey.firefly.zwave.control D/zgw: EP probe nd=6 (flags 0x86) ep =4 state=EP_STATE_MDNS_PROBE
05-14 06:13:47.089 10947-10991/com.askey.firefly.zwave.control D/zgw: EP probe nd=6 (flags 0x86) ep =4 state=EP_STATE_PROBE_DONE
05-14 06:13:47.089 10947-10991/com.askey.firefly.zwave.control D/zgw: rd_node_probe_update state STATUS_PROBE_ENDPOINTS node =6
05-14 06:13:47.089 10947-10991/com.askey.firefly.zwave.control D/zgw: rd_node_probe_update state STATUS_MDNS_PROBE node =6
05-14 06:13:47.089 10947-10991/com.askey.firefly.zwave.control D/zgw: rd_node_name_probe_done status: 1
05-14 06:13:47.089 10947-10991/com.askey.firefly.zwave.control D/zgw: rd_node_probe_update state STATUS_MDNS_EP_PROBE node =6
05-14 06:13:47.089 10947-10991/com.askey.firefly.zwave.control D/zgw: rd_node_probe_update state STATUS_DONE node =6
05-14 06:13:47.089 10947-10991/com.askey.firefly.zwave.control I/zgw: Probe of node 6 is done
05-14 06:13:47.089 10947-10991/com.askey.firefly.zwave.control I/zgw: Info len 19
05-14 06:13:47.089 10947-10991/com.askey.firefly.zwave.control I/zgw: Info len 7
05-14 06:13:47.089 10947-10991/com.askey.firefly.zwave.control I/zgw: Info len 7
05-14 06:13:47.089 10947-10991/com.askey.firefly.zwave.control I/zgw: Info len 7
05-14 06:13:47.089 10947-10991/com.askey.firefly.zwave.control I/zgw: Info len 7
05-14 06:13:47.089 10947-10991/com.askey.firefly.zwave.control D/zgw: nm_fsm_post_event event: NM_EV_NODE_PROBE_DONE state: NM_WAIT_FOR_PROBE_AFTER_ADD
05-14 06:13:47.089 10947-10991/com.askey.firefly.zwave.control W/zgw: Could not find provisioning list entry. Skipping name/location setting
05-14 06:13:47.089 10947-10991/com.askey.firefly.zwave.control D/zgw: Sending network management reply
05-14 06:13:47.089 10947-10991/com.askey.firefly.zwave.control D/zgw: djnakata udp_send_wrap dtls ripaddr is 127.0.0.1 60397
05-14 06:13:47.090 10947-10997/com.askey.firefly.zwave.control I/ZWCONTROL: add_node_nw_cb: status:9 (Added but insecure)
05-14 06:13:47.090 10947-10997/com.askey.firefly.zwave.control I/ZWCONTROL: node supported S2 CC
05-14 06:13:47.090 10947-10997/com.askey.firefly.zwave.control I/ZWCONTROL: Node added but insecure!
05-14 06:13:47.090 10947-10997/com.askey.firefly.zwave.control I/ZWCONTROL: zwnet_node_cb, node_id:6, mode:0
05-14 06:13:47.090 10947-11002/com.askey.firefly.zwave.control I/ZWCONTROL: hl_nw_node_cb node:6 added
05-14 06:13:47.090 10947-11002/com.askey.firefly.zwave.control I/ZWCONTROL: hl_nw_notify_cb op:2, status:4
05-14 06:13:47.091 10947-11002/com.askey.firefly.zwave.control I/WelcomeActivity: class name = [addDevice]| result = {
                                                                                  	"MessageType":	"Node Add Status",
                                                                                  	"Status":	"Protocol Done"
                                                                                  }
05-14 06:13:47.198 10947-10991/com.askey.firefly.zwave.control D/zgw: Sending network management reply
05-14 06:13:47.199 10947-10991/com.askey.firefly.zwave.control D/zgw: djnakata udp_send_wrap dtls ripaddr is 127.0.0.1 41230
05-14 06:13:47.203 10947-10991/com.askey.firefly.zwave.control D/zgw: Sending node list to Unsolicited Destination 1
05-14 06:13:47.203 10947-10991/com.askey.firefly.zwave.control I/zgw: All nodes have been probed
05-14 06:13:47.203 10947-10991/com.askey.firefly.zwave.control D/zgw: nm_fsm_post_event event: NM_EV_ALL_PROBED state: NM_IDLE
05-14 06:13:47.203 10947-10991/com.askey.firefly.zwave.control D/zgw: update flag 2 134
05-14 06:13:47.209 10947-10991/com.askey.firefly.zwave.control D/zgw: djnakata nodeId 1
05-14 06:13:47.209 10947-10991/com.askey.firefly.zwave.control D/zgw: djnakata123 udpconn.rport 60397, udpconn.lport 41230 uip_len is 52
05-14 06:13:47.209 10947-10991/com.askey.firefly.zwave.control D/zgw: ND for ipv6 address
05-14 06:13:47.209 10947-10991/com.askey.firefly.zwave.control D/zgw: djnakata udp_send_wrap dtls ripaddr is 127.0.0.1 60397
05-14 06:13:47.210 10947-10997/com.askey.firefly.zwave.control I/ZWCONTROL: FD 00 BB BB 00 00 00 00 00 00 
05-14 06:13:47.210 10947-10997/com.askey.firefly.zwave.control I/ZWCONTROL: 00 00 00 00 00 06 
05-14 06:13:47.210 10947-11002/com.askey.firefly.zwave.control I/ZWCONTROL: hl_nw_notify_cb op:2, status:5
05-14 06:13:47.211 10947-11002/com.askey.firefly.zwave.control I/WelcomeActivity: class name = [addDevice]| result = {
                                                                                  	"MessageType":	"Node Add Status",
                                                                                  	"Status":	"Getting Node Information"
                                                                                  }
05-14 06:13:47.214 10947-10991/com.askey.firefly.zwave.control D/zgw: djnakata nodeId 1
05-14 06:13:47.215 10947-10991/com.askey.firefly.zwave.control D/zgw: djnakata123 udpconn.rport 60397, udpconn.lport 41230 uip_len is 59
05-14 06:13:47.215 10947-10991/com.askey.firefly.zwave.control D/zgw: djnakata udp_send_wrap dtls ripaddr is 127.0.0.1 60397
05-14 06:13:47.215 10947-10991/com.askey.firefly.zwave.control D/zgw: nm_fsm_post_event event: NM_EV_FRAME_RECEIVED state: NM_IDLE
05-14 06:13:47.215 10947-10991/com.askey.firefly.zwave.control D/zgw: NetworkManagementCommandHandler 4d 8
05-14 06:13:47.215 10947-10991/com.askey.firefly.zwave.control D/zgw: DSK_GET for add
05-14 06:13:47.316 10947-10991/com.askey.firefly.zwave.control D/zgw: Sending network management reply
05-14 06:13:47.316 10947-10991/com.askey.firefly.zwave.control D/zgw: djnakata udp_send_wrap dtls ripaddr is 127.0.0.1 60397
05-14 06:13:47.816 10947-10991/com.askey.firefly.zwave.control D/zgw: djnakata nodeId 1
05-14 06:13:47.816 10947-10991/com.askey.firefly.zwave.control D/zgw: djnakata123 udpconn.rport 60397, udpconn.lport 41230 uip_len is 60
05-14 06:13:47.816 10947-10991/com.askey.firefly.zwave.control D/zgw: djnakata udp_send_wrap dtls ripaddr is 127.0.0.1 60397
05-14 06:13:47.817 10947-10991/com.askey.firefly.zwave.control D/zgw: nm_fsm_post_event event: NM_EV_FRAME_RECEIVED state: NM_IDLE
05-14 06:13:47.817 10947-10991/com.askey.firefly.zwave.control D/zgw: NetworkManagementCommandHandler 34 d
05-14 06:13:47.841 10947-10983/com.askey.firefly.zwave.control I/TCPServer: TCP sendMessage : [48693]:{
                                                                            	"MessageType":	"Node Add Status",
                                                                            	"Status":	"Getting Node Information"
                                                                            } #index=0
05-14 06:13:47.842 10947-10983/com.askey.firefly.zwave.control I/MQTTBroker: into addRemoveDevice
05-14 06:13:48.077 10947-10991/com.askey.firefly.zwave.control D/zgw: Sending network management reply
05-14 06:13:48.077 10947-10991/com.askey.firefly.zwave.control D/zgw: djnakata udp_send_wrap dtls ripaddr is 127.0.0.1 60397
05-14 06:13:48.084 10947-10991/com.askey.firefly.zwave.control D/zgw: djnakata nodeId 6
05-14 06:13:48.084 10947-10991/com.askey.firefly.zwave.control D/zgw: djnakata124 udpconn.rport 60397, udpconn.lport 41230 uip_len is 63
05-14 06:13:48.084 10947-10991/com.askey.firefly.zwave.control D/zgw: zw.scheme: 255
05-14 06:13:48.084 10947-10991/com.askey.firefly.zwave.control D/zgw: create_bridge_association of temporary type
05-14 06:13:48.084 10947-10991/com.askey.firefly.zwave.control D/zgw: Re-using oldest temporary association with virtual nodeid 0
05-14 06:13:48.084 10947-10991/com.askey.firefly.zwave.control D/zgw: Sending 4->6, class: 0x86, cmd: 0x13
05-14 06:13:48.084 10947-10991/com.askey.firefly.zwave.control I/zgw: Sending with scheme 255
05-14 06:13:48.252 10947-10991/com.askey.firefly.zwave.control D/zgw: unsolicited_senddata_callback status 0
05-14 06:13:48.252 10947-10991/com.askey.firefly.zwave.control D/zgw: djnakata udp_send_wrap dtls ripaddr is 127.0.0.1 60397
05-14 06:13:48.254 10947-10991/com.askey.firefly.zwave.control D/zgw: ApplicationCommandHandler 6->4 class 0x86 cmd 0x14 size 4
05-14 06:13:48.254 10947-10991/com.askey.firefly.zwave.control D/zgw: bridge_virtual_node_commandhandler Handled
05-14 06:13:48.256 10947-10991/com.askey.firefly.zwave.control D/zgw: Sending first attempt
05-14 06:13:48.256 10947-10991/com.askey.firefly.zwave.control D/zgw: DeMangled src 6 dst 4:0
05-14 06:13:48.256 10947-10991/com.askey.firefly.zwave.control D/zgw: Packet from Z-wave side (nodeid: 6) to port:60907 IP addr: 
05-14 06:13:48.256 10947-10991/com.askey.firefly.zwave.control D/zgw: djnakata udp_send_wrap dtls ripaddr is 127.0.0.1 60397
05-14 06:13:48.257 10947-10997/com.askey.firefly.zwave.control I/ZWCONTROL: Receive frame from node:6, cmd:
05-14 06:13:48.257 10947-10997/com.askey.firefly.zwave.control I/ZWCONTROL: 86 14 5E 02 
05-14 06:13:48.257 10947-10997/com.askey.firefly.zwave.control I/ZWCONTROL: zwif_rep_hdlr, receives report from node:6, cmdclass: 86, cmd: 14
05-14 06:13:48.258 10947-10991/com.askey.firefly.zwave.control D/zgw: queue_send_done to node 6 queue 1
05-14 06:13:48.260 10947-10991/com.askey.firefly.zwave.control D/zgw: djnakata nodeId 6
05-14 06:13:48.260 10947-10991/com.askey.firefly.zwave.control D/zgw: djnakata124 udpconn.rport 60397, udpconn.lport 41230 uip_len is 63
05-14 06:13:48.260 10947-10991/com.askey.firefly.zwave.control D/zgw: zw.scheme: 255
05-14 06:13:48.260 10947-10991/com.askey.firefly.zwave.control D/zgw: Sending 4->6, class: 0x86, cmd: 0x13
05-14 06:13:48.260 10947-10991/com.askey.firefly.zwave.control I/zgw: Sending with scheme 255
05-14 06:13:48.427 10947-10991/com.askey.firefly.zwave.control D/zgw: unsolicited_senddata_callback status 0
05-14 06:13:48.427 10947-10991/com.askey.firefly.zwave.control D/zgw: djnakata udp_send_wrap dtls ripaddr is 127.0.0.1 60397
05-14 06:13:48.429 10947-10991/com.askey.firefly.zwave.control D/zgw: ApplicationCommandHandler 6->4 class 0x86 cmd 0x14 size 4
05-14 06:13:48.429 10947-10991/com.askey.firefly.zwave.control D/zgw: bridge_virtual_node_commandhandler Handled
05-14 06:13:48.431 10947-10991/com.askey.firefly.zwave.control D/zgw: Sending first attempt
05-14 06:13:48.431 10947-10991/com.askey.firefly.zwave.control D/zgw: DeMangled src 6 dst 4:0
05-14 06:13:48.431 10947-10991/com.askey.firefly.zwave.control D/zgw: Packet from Z-wave side (nodeid: 6) to port:60907 IP addr: 
05-14 06:13:48.431 10947-10991/com.askey.firefly.zwave.control D/zgw: djnakata udp_send_wrap dtls ripaddr is 127.0.0.1 60397
05-14 06:13:48.431 10947-10997/com.askey.firefly.zwave.control I/ZWCONTROL: Receive frame from node:6, cmd:
05-14 06:13:48.431 10947-10997/com.askey.firefly.zwave.control I/ZWCONTROL: 86 14 85 02 
05-14 06:13:48.431 10947-10997/com.askey.firefly.zwave.control I/ZWCONTROL: zwif_rep_hdlr, receives report from node:6, cmdclass: 86, cmd: 14
05-14 06:13:48.432 10947-10991/com.askey.firefly.zwave.control D/zgw: queue_send_done to node 6 queue 1
05-14 06:13:48.434 10947-10991/com.askey.firefly.zwave.control D/zgw: djnakata nodeId 6
05-14 06:13:48.434 10947-10991/com.askey.firefly.zwave.control D/zgw: djnakata124 udpconn.rport 60397, udpconn.lport 41230 uip_len is 63
05-14 06:13:48.434 10947-10991/com.askey.firefly.zwave.control D/zgw: zw.scheme: 255
05-14 06:13:48.434 10947-10991/com.askey.firefly.zwave.control D/zgw: djnakata udp_send_wrap dtls ripaddr is 127.0.0.1 60397
05-14 06:13:48.435 10947-10991/com.askey.firefly.zwave.control D/zgw: djnakata udp_send_wrap dtls ripaddr is 127.0.0.1 60397
05-14 06:13:48.436 10947-10997/com.askey.firefly.zwave.control I/ZWCONTROL: Receive frame from node:6, cmd:
05-14 06:13:48.436 10947-10997/com.askey.firefly.zwave.control I/ZWCONTROL: 86 14 5C 01 
05-14 06:13:48.436 10947-10997/com.askey.firefly.zwave.control I/ZWCONTROL: zwif_rep_hdlr, receives report from node:6, cmdclass: 86, cmd: 14
05-14 06:13:48.438 10947-10991/com.askey.firefly.zwave.control D/zgw: djnakata nodeId 6
05-14 06:13:48.438 10947-10991/com.askey.firefly.zwave.control D/zgw: djnakata124 udpconn.rport 60397, udpconn.lport 41230 uip_len is 63
05-14 06:13:48.439 10947-10991/com.askey.firefly.zwave.control D/zgw: zw.scheme: 255
05-14 06:13:48.439 10947-10991/com.askey.firefly.zwave.control D/zgw: Sending 4->6, class: 0x86, cmd: 0x13
05-14 06:13:48.439 10947-10991/com.askey.firefly.zwave.control I/zgw: Sending with scheme 255
05-14 06:13:48.489 10947-10991/com.askey.firefly.zwave.control D/zgw: unsolicited_senddata_callback status 0
05-14 06:13:48.489 10947-10991/com.askey.firefly.zwave.control D/zgw: djnakata udp_send_wrap dtls ripaddr is 127.0.0.1 60397
05-14 06:13:48.497 10947-10991/com.askey.firefly.zwave.control D/zgw: ApplicationCommandHandler 6->4 class 0x86 cmd 0x14 size 4
05-14 06:13:48.497 10947-10991/com.askey.firefly.zwave.control D/zgw: bridge_virtual_node_commandhandler Handled
05-14 06:13:48.498 10947-10991/com.askey.firefly.zwave.control D/zgw: Sending first attempt
05-14 06:13:48.498 10947-10991/com.askey.firefly.zwave.control D/zgw: DeMangled src 6 dst 4:0
05-14 06:13:48.498 10947-10991/com.askey.firefly.zwave.control D/zgw: Packet from Z-wave side (nodeid: 6) to port:60907 IP addr: 
05-14 06:13:48.498 10947-10991/com.askey.firefly.zwave.control D/zgw: djnakata udp_send_wrap dtls ripaddr is 127.0.0.1 60397
05-14 06:13:48.499 10947-10997/com.askey.firefly.zwave.control I/ZWCONTROL: Receive frame from node:6, cmd:
05-14 06:13:48.499 10947-10997/com.askey.firefly.zwave.control I/ZWCONTROL: 86 14 59 01 
05-14 06:13:48.499 10947-10997/com.askey.firefly.zwave.control I/ZWCONTROL: zwif_rep_hdlr, receives report from node:6, cmdclass: 86, cmd: 14
05-14 06:13:48.499 10947-10991/com.askey.firefly.zwave.control D/zgw: queue_send_done to node 6 queue 1
05-14 06:13:48.500 10947-10991/com.askey.firefly.zwave.control D/zgw: djnakata nodeId 6
05-14 06:13:48.501 10947-10991/com.askey.firefly.zwave.control D/zgw: djnakata124 udpconn.rport 60397, udpconn.lport 41230 uip_len is 63
05-14 06:13:48.501 10947-10991/com.askey.firefly.zwave.control D/zgw: zw.scheme: 255
05-14 06:13:48.501 10947-10991/com.askey.firefly.zwave.control D/zgw: Sending 4->6, class: 0x86, cmd: 0x13
05-14 06:13:48.501 10947-10991/com.askey.firefly.zwave.control I/zgw: Sending with scheme 255
05-14 06:13:48.550 10947-10991/com.askey.firefly.zwave.control D/zgw: unsolicited_senddata_callback status 0
05-14 06:13:48.551 10947-10991/com.askey.firefly.zwave.control D/zgw: djnakata udp_send_wrap dtls ripaddr is 127.0.0.1 60397
05-14 06:13:48.559 10947-10991/com.askey.firefly.zwave.control D/zgw: ApplicationCommandHandler 6->4 class 0x86 cmd 0x14 size 4
05-14 06:13:48.559 10947-10991/com.askey.firefly.zwave.control D/zgw: bridge_virtual_node_commandhandler Handled
05-14 06:13:48.561 10947-10991/com.askey.firefly.zwave.control D/zgw: Sending first attempt
05-14 06:13:48.561 10947-10991/com.askey.firefly.zwave.control D/zgw: DeMangled src 6 dst 4:0
05-14 06:13:48.561 10947-10991/com.askey.firefly.zwave.control D/zgw: Packet from Z-wave side (nodeid: 6) to port:60907 IP addr: 
05-14 06:13:48.561 10947-10991/com.askey.firefly.zwave.control D/zgw: djnakata udp_send_wrap dtls ripaddr is 127.0.0.1 60397
05-14 06:13:48.561 10947-10997/com.askey.firefly.zwave.control I/ZWCONTROL: Receive frame from node:6, cmd:
05-14 06:13:48.561 10947-10997/com.askey.firefly.zwave.control I/ZWCONTROL: 86 14 8E 03 
05-14 06:13:48.561 10947-10997/com.askey.firefly.zwave.control I/ZWCONTROL: zwif_rep_hdlr, receives report from node:6, cmdclass: 86, cmd: 14
05-14 06:13:48.562 10947-10991/com.askey.firefly.zwave.control D/zgw: queue_send_done to node 6 queue 1
05-14 06:13:48.563 10947-10991/com.askey.firefly.zwave.control D/zgw: djnakata nodeId 6
05-14 06:13:48.563 10947-10991/com.askey.firefly.zwave.control D/zgw: djnakata124 udpconn.rport 60397, udpconn.lport 41230 uip_len is 63
05-14 06:13:48.563 10947-10991/com.askey.firefly.zwave.control D/zgw: zw.scheme: 255
05-14 06:13:48.563 10947-10991/com.askey.firefly.zwave.control D/zgw: Sending 4->6, class: 0x86, cmd: 0x13
05-14 06:13:48.563 10947-10991/com.askey.firefly.zwave.control I/zgw: Sending with scheme 255
05-14 06:13:48.730 10947-10991/com.askey.firefly.zwave.control D/zgw: unsolicited_senddata_callback status 0
05-14 06:13:48.730 10947-10991/com.askey.firefly.zwave.control D/zgw: djnakata udp_send_wrap dtls ripaddr is 127.0.0.1 60397
05-14 06:13:48.732 10947-10991/com.askey.firefly.zwave.control D/zgw: ApplicationCommandHandler 6->4 class 0x86 cmd 0x14 size 4
05-14 06:13:48.732 10947-10991/com.askey.firefly.zwave.control D/zgw: bridge_virtual_node_commandhandler Handled
05-14 06:13:48.733 10947-10991/com.askey.firefly.zwave.control D/zgw: Sending first attempt
05-14 06:13:48.733 10947-10991/com.askey.firefly.zwave.control D/zgw: DeMangled src 6 dst 4:0
05-14 06:13:48.733 10947-10991/com.askey.firefly.zwave.control D/zgw: Packet from Z-wave side (nodeid: 6) to port:60907 IP addr: 
05-14 06:13:48.734 10947-10991/com.askey.firefly.zwave.control D/zgw: djnakata udp_send_wrap dtls ripaddr is 127.0.0.1 60397
05-14 06:13:48.734 10947-10997/com.askey.firefly.zwave.control I/ZWCONTROL: Receive frame from node:6, cmd:
05-14 06:13:48.734 10947-10997/com.askey.firefly.zwave.control I/ZWCONTROL: 86 14 60 04 
05-14 06:13:48.734 10947-10997/com.askey.firefly.zwave.control I/ZWCONTROL: zwif_rep_hdlr, receives report from node:6, cmdclass: 86, cmd: 14
05-14 06:13:48.735 10947-10991/com.askey.firefly.zwave.control D/zgw: queue_send_done to node 6 queue 1
05-14 06:13:48.736 10947-10991/com.askey.firefly.zwave.control D/zgw: djnakata nodeId 6
05-14 06:13:48.736 10947-10991/com.askey.firefly.zwave.control D/zgw: djnakata124 udpconn.rport 60397, udpconn.lport 41230 uip_len is 63
05-14 06:13:48.736 10947-10991/com.askey.firefly.zwave.control D/zgw: zw.scheme: 255
05-14 06:13:48.736 10947-10991/com.askey.firefly.zwave.control D/zgw: Sending 4->6, class: 0x86, cmd: 0x13
05-14 06:13:48.736 10947-10991/com.askey.firefly.zwave.control I/zgw: Sending with scheme 255
05-14 06:13:48.904 10947-10991/com.askey.firefly.zwave.control D/zgw: unsolicited_senddata_callback status 0
05-14 06:13:48.904 10947-10991/com.askey.firefly.zwave.control D/zgw: djnakata udp_send_wrap dtls ripaddr is 127.0.0.1 60397
05-14 06:13:48.906 10947-10991/com.askey.firefly.zwave.control D/zgw: ApplicationCommandHandler 6->4 class 0x86 cmd 0x14 size 4
05-14 06:13:48.906 10947-10991/com.askey.firefly.zwave.control D/zgw: bridge_virtual_node_commandhandler Handled
05-14 06:13:48.907 10947-10991/com.askey.firefly.zwave.control D/zgw: Sending first attempt
05-14 06:13:48.907 10947-10991/com.askey.firefly.zwave.control D/zgw: DeMangled src 6 dst 4:0
05-14 06:13:48.907 10947-10991/com.askey.firefly.zwave.control D/zgw: Packet from Z-wave side (nodeid: 6) to port:60907 IP addr: 
