05-14 06:10:37.850 10947-10947/com.askey.firefly.zwave.control I/MQTTBroker: Local MQTT Incoming [0123456789abcdef] : {"reported":{"Interface":"editNodeInfo","NodeId":7,"Result":"true"}}
05-14 06:10:43.279 10947-11032/com.askey.firefly.zwave.control I/MQTTBroker: TCP received , client ID = 48693 |  message : mobile_zwave:addDevice:Zwave
05-14 06:10:43.279 10947-11032/com.askey.firefly.zwave.control I/MQTTBroker: deviceService.addDevice(mCallback)
05-14 06:10:43.839 10947-10966/com.askey.firefly.zwave.control I/WelcomeActivity: deviceService.addDevice
05-14 06:10:43.839 10947-10966/com.askey.firefly.zwave.control D/ZWCONTROL: Controller supports security 2 inclusion.
05-14 06:10:43.841 10947-10991/com.askey.firefly.zwave.control D/zgw: djnakata nodeId 1
05-14 06:10:43.842 10947-10991/com.askey.firefly.zwave.control D/zgw: djnakata123 udpconn.rport 60397, udpconn.lport 41230 uip_len is 59
05-14 06:10:43.842 10947-10991/com.askey.firefly.zwave.control D/zgw: djnakata udp_send_wrap dtls ripaddr is 127.0.0.1 60397
05-14 06:10:43.842 10947-10991/com.askey.firefly.zwave.control D/zgw: nm_fsm_post_event event: NM_EV_FRAME_RECEIVED state: NM_IDLE
05-14 06:10:43.842 10947-10991/com.askey.firefly.zwave.control D/zgw: NetworkManagementCommandHandler 4d 8
05-14 06:10:43.842 10947-10991/com.askey.firefly.zwave.control D/zgw: DSK_GET for add
05-14 06:10:43.941 10947-10991/com.askey.firefly.zwave.control D/zgw: Sending network management reply
05-14 06:10:43.941 10947-10991/com.askey.firefly.zwave.control D/zgw: djnakata udp_send_wrap dtls ripaddr is 127.0.0.1 60397
05-14 06:10:43.947 10947-10991/com.askey.firefly.zwave.control D/zgw: djnakata nodeId 1
05-14 06:10:43.947 10947-10991/com.askey.firefly.zwave.control D/zgw: djnakata123 udpconn.rport 60397, udpconn.lport 41230 uip_len is 61
05-14 06:10:43.947 10947-10991/com.askey.firefly.zwave.control D/zgw: djnakata udp_send_wrap dtls ripaddr is 127.0.0.1 60397
05-14 06:10:43.947 10947-10991/com.askey.firefly.zwave.control D/zgw: nm_fsm_post_event event: NM_EV_FRAME_RECEIVED state: NM_IDLE
05-14 06:10:43.947 10947-10991/com.askey.firefly.zwave.control D/zgw: NetworkManagementCommandHandler 34 1
05-14 06:10:43.955 10947-10991/com.askey.firefly.zwave.control D/zgw: nm_fsm_post_event event: NM_EV_NODE_ADD_S2 state: NM_IDLE
05-14 06:10:43.966 10947-10991/com.askey.firefly.zwave.control D/zgw: nm_fsm_post_event event: NM_EV_ADD_LEARN_READY state: NM_WAITING_FOR_ADD
05-14 06:10:45.891 10947-10991/com.askey.firefly.zwave.control D/zgw: nm_fsm_post_event event: NM_EV_ADD_NODE_FOUND state: NM_WAITING_FOR_ADD
05-14 06:10:45.892 10947-10991/com.askey.firefly.zwave.control D/zgw: nm_fsm_post_event event: NM_EV_ADD_SLAVE state: NM_NODE_FOUND
05-14 06:10:45.893 10947-10991/com.askey.firefly.zwave.control D/zgw: nm_fsm_post_event event: NM_EV_ADD_PROTOCOL_DONE state: NM_WIAT_FOR_PROTOCOL
05-14 06:10:45.954 10947-10991/com.askey.firefly.zwave.control D/zgw: nm_fsm_post_event event: NM_EV_ADD_NODE_STATUS_DONE state: NM_WIAT_FOR_PROTOCOL
05-14 06:10:45.967 10947-10991/com.askey.firefly.zwave.control E/zgw: This node has already been included
05-14 06:10:45.968 10947-10991/com.askey.firefly.zwave.control D/zgw: nm_fsm_post_event event: NM_EV_SECURITY_DONE state: NM_WAIT_FOR_SECURE_ADD
05-14 06:10:45.968 10947-10991/com.askey.firefly.zwave.control D/zgw: nm_fsm_post_event event: NM_EV_NODE_PROBE_DONE state: NM_WAIT_FOR_PROBE_AFTER_ADD
05-14 06:10:45.968 10947-10991/com.askey.firefly.zwave.control W/zgw: Could not find provisioning list entry. Skipping name/location setting
05-14 06:10:45.968 10947-10991/com.askey.firefly.zwave.control D/zgw: Sending network management reply
05-14 06:10:45.968 10947-10991/com.askey.firefly.zwave.control D/zgw: djnakata udp_send_wrap dtls ripaddr is 127.0.0.1 60397
05-14 06:10:45.969 10947-10997/com.askey.firefly.zwave.control I/ZWCONTROL: add_node_nw_cb: status:9 (Added but insecure)
05-14 06:10:45.969 10947-10997/com.askey.firefly.zwave.control I/ZWCONTROL: node supported S2 CC
05-14 06:10:45.969 10947-10997/com.askey.firefly.zwave.control I/ZWCONTROL: Node added but insecure!
05-14 06:10:45.969 10947-10997/com.askey.firefly.zwave.control I/ZWCONTROL: This node has already added into network, now update node info.
05-14 06:10:45.969 10947-10997/com.askey.firefly.zwave.control I/ZWCONTROL: zwnet_node_cb, node_id:7, mode:0
05-14 06:10:45.969 10947-11002/com.askey.firefly.zwave.control I/ZWCONTROL: hl_nw_node_cb node:7 added
05-14 06:10:45.969 10947-11002/com.askey.firefly.zwave.control I/ZWCONTROL: hl_nw_notify_cb op:2, status:4
05-14 06:10:45.971 10947-11002/com.askey.firefly.zwave.control I/WelcomeActivity: class name = [addDevice]| result = {
                                                                                  	"MessageType":	"Node Add Status",
                                                                                  	"Status":	"Protocol Done"
                                                                                  }
05-14 06:10:45.972 10947-10991/com.askey.firefly.zwave.control D/zgw: Probe machine is unlocked
05-14 06:10:45.975 10947-10991/com.askey.firefly.zwave.control I/zgw: All nodes have been probed
05-14 06:10:45.975 10947-10991/com.askey.firefly.zwave.control D/zgw: nm_fsm_post_event event: NM_EV_ALL_PROBED state: NM_IDLE
05-14 06:10:45.975 10947-10991/com.askey.firefly.zwave.control D/zgw: update flag 2 134
05-14 06:10:45.981 10947-10991/com.askey.firefly.zwave.control D/zgw: djnakata nodeId 1
05-14 06:10:45.981 10947-10991/com.askey.firefly.zwave.control D/zgw: djnakata123 udpconn.rport 60397, udpconn.lport 41230 uip_len is 52
05-14 06:10:45.981 10947-10991/com.askey.firefly.zwave.control D/zgw: ND for ipv6 address
05-14 06:10:45.981 10947-10991/com.askey.firefly.zwave.control D/zgw: djnakata udp_send_wrap dtls ripaddr is 127.0.0.1 60397
05-14 06:10:45.982 10947-10997/com.askey.firefly.zwave.control I/ZWCONTROL: FD 00 BB BB 00 00 00 00 00 00 
05-14 06:10:45.982 10947-10997/com.askey.firefly.zwave.control I/ZWCONTROL: 00 00 00 00 00 07 
05-14 06:10:46.082 10947-11002/com.askey.firefly.zwave.control I/ZWCONTROL: hl_nw_notify_cb op:2, status:5
05-14 06:10:46.084 10947-11002/com.askey.firefly.zwave.control I/WelcomeActivity: class name = [addDevice]| result = {
                                                                                  	"MessageType":	"Node Add Status",
                                                                                  	"Status":	"Getting Node Information"
                                                                                  }
05-14 06:10:46.085 10947-10991/com.askey.firefly.zwave.control D/zgw: djnakata nodeId 1
05-14 06:10:46.085 10947-10991/com.askey.firefly.zwave.control D/zgw: djnakata123 udpconn.rport 60397, udpconn.lport 41230 uip_len is 59
05-14 06:10:46.085 10947-10991/com.askey.firefly.zwave.control D/zgw: djnakata udp_send_wrap dtls ripaddr is 127.0.0.1 60397
05-14 06:10:46.086 10947-10991/com.askey.firefly.zwave.control D/zgw: nm_fsm_post_event event: NM_EV_FRAME_RECEIVED state: NM_IDLE
05-14 06:10:46.086 10947-10991/com.askey.firefly.zwave.control D/zgw: NetworkManagementCommandHandler 4d 8
05-14 06:10:46.086 10947-10991/com.askey.firefly.zwave.control D/zgw: DSK_GET for add
05-14 06:10:46.116 10947-11032/com.askey.firefly.zwave.control I/MQTTBroker: TCP received , client ID = 48693 |  message : mobile_zwave:stopAddDevice:Zwave
05-14 06:10:46.116 10947-11032/com.askey.firefly.zwave.control I/MQTTBroker: deviceService.stopAddDevice(mCallback)
05-14 06:10:46.187 10947-10991/com.askey.firefly.zwave.control D/zgw: Sending network management reply
05-14 06:10:46.187 10947-10991/com.askey.firefly.zwave.control D/zgw: djnakata udp_send_wrap dtls ripaddr is 127.0.0.1 60397
05-14 06:10:46.631 10947-10991/com.askey.firefly.zwave.control D/zgw: djnakata nodeId 1
05-14 06:10:46.631 10947-10991/com.askey.firefly.zwave.control D/zgw: djnakata123 udpconn.rport 60397, udpconn.lport 41230 uip_len is 60
05-14 06:10:46.631 10947-10991/com.askey.firefly.zwave.control D/zgw: djnakata udp_send_wrap dtls ripaddr is 127.0.0.1 60397
05-14 06:10:46.631 10947-10991/com.askey.firefly.zwave.control D/zgw: nm_fsm_post_event event: NM_EV_FRAME_RECEIVED state: NM_IDLE
05-14 06:10:46.631 10947-10991/com.askey.firefly.zwave.control D/zgw: NetworkManagementCommandHandler 34 d
05-14 06:10:46.751 10947-10983/com.askey.firefly.zwave.control I/TCPServer: TCP sendMessage : [0]:{
                                                                            	"MessageType":	"Node Add Status",
                                                                            	"Status":	"Getting Node Information"
                                                                            } #index=-1
05-14 06:10:46.751 10947-10983/com.askey.firefly.zwave.control I/MQTTBroker: into addRemoveDevice
05-14 06:10:46.839 10947-10966/com.askey.firefly.zwave.control I/WelcomeActivity: deviceService.stopAddDevice
05-14 06:10:46.893 10947-10991/com.askey.firefly.zwave.control D/zgw: Sending network management reply
05-14 06:10:46.893 10947-10991/com.askey.firefly.zwave.control D/zgw: djnakata udp_send_wrap dtls ripaddr is 127.0.0.1 60397
05-14 06:10:51.734 10947-11190/com.askey.firefly.zwave.control I/ZWCONTROL: call zwnet_node_cb, node_id:1, sts:1
05-14 06:10:51.734 10947-11190/com.askey.firefly.zwave.control I/ZWCONTROL: zwnet_node_cb, node_id:1, mode:4
05-14 06:10:51.735 10947-11002/com.askey.firefly.zwave.control I/ZWCONTROL: hl_nw_node_cb node:1 status down
05-14 06:10:51.737 10947-10991/com.askey.firefly.zwave.control D/zgw: djnakata nodeId 1
05-14 06:10:51.737 10947-10991/com.askey.firefly.zwave.control D/zgw: djnakata123 udpconn.rport 60397, udpconn.lport 41230 uip_len is 61
05-14 06:10:51.737 10947-10991/com.askey.firefly.zwave.control D/zgw: djnakata udp_send_wrap dtls ripaddr is 127.0.0.1 60397
05-14 06:10:51.738 10947-10995/com.askey.firefly.zwave.control I/ZWCONTROL: call zwnet_node_cb, node_id:1, sts:0
05-14 06:10:51.738 10947-10995/com.askey.firefly.zwave.control I/ZWCONTROL: zwnet_node_cb, node_id:1, mode:3
05-14 06:10:51.738 10947-11002/com.askey.firefly.zwave.control I/ZWCONTROL: hl_nw_node_cb node:1 alive
05-14 06:10:51.738 10947-10991/com.askey.firefly.zwave.control D/zgw: nm_fsm_post_event event: NM_EV_FRAME_RECEIVED state: NM_IDLE
05-14 06:10:51.738 10947-10991/com.askey.firefly.zwave.control D/zgw: NetworkManagementCommandHandler 34 1
05-14 06:10:51.746 10947-10991/com.askey.firefly.zwave.control D/zgw: Add node stop
05-14 06:10:51.746 10947-10991/com.askey.firefly.zwave.control D/zgw: nm_fsm_post_event event: NM_NODE_ADD_STOP state: NM_IDLE
05-14 06:10:51.746 10947-10991/com.askey.firefly.zwave.control D/zgw: Event  NM_NODE_ADD_STOP in NM_IDLE state
05-14 06:10:51.746 10947-10991/com.askey.firefly.zwave.control D/zgw: Sending network management reply
05-14 06:10:51.746 10947-10991/com.askey.firefly.zwave.control D/zgw: djnakata udp_send_wrap dtls ripaddr is 127.0.0.1 60397
05-14 06:10:51.747 10947-10997/com.askey.firefly.zwave.control I/ZWCONTROL: add_node_nw_cb: status:7 (Failed)
05-14 06:10:51.747 10947-11002/com.askey.firefly.zwave.control I/ZWCONTROL: hl_nw_notify_cb op:2, status:255
05-14 06:10:51.747 10947-11002/com.askey.firefly.zwave.control I/WelcomeActivity: class name = [addDevice]| result = {
                                                                                  	"MessageType":	"Node Add Status",
                                                                                  	"Status":	"Failed"
                                                                                  }
05-14 06:10:51.753 10947-10983/com.askey.firefly.zwave.control I/TCPServer: TCP sendMessage : [0]:{
                                                                            	"MessageType":	"Node Add Status",
                                                                            	"Status":	"Failed"
                                                                            } #index=-1
05-14 06:10:51.753 10947-10983/com.askey.firefly.zwave.control I/MQTTBroker: into addRemoveDevice
05-14 06:11:13.547 10947-11032/com.askey.firefly.zwave.control I/MQTTBroker: TCP received , client ID = 48693 |  message : mobile_zwave:stopAddDevice:Zwave
05-14 06:11:13.547 10947-11032/com.askey.firefly.zwave.control I/MQTTBroker: deviceService.stopAddDevice(mCallback)
05-14 06:11:13.739 10947-10966/com.askey.firefly.zwave.control I/WelcomeActivity: deviceService.stopAddDevice
05-14 06:11:21.078 10947-11032/com.askey.firefly.zwave.control I/MQTTBroker: TCP received , client ID = 48693 |  message : mobile_zwave:addDevice:Zwave
05-14 06:11:21.078 10947-11032/com.askey.firefly.zwave.control I/MQTTBroker: deviceService.addDevice(mCallback)
05-14 06:11:21.740 10947-10966/com.askey.firefly.zwave.control I/WelcomeActivity: deviceService.addDevice
05-14 06:11:21.740 10947-10966/com.askey.firefly.zwave.control D/ZWCONTROL: Controller supports security 2 inclusion.
05-14 06:11:21.741 10947-10991/com.askey.firefly.zwave.control D/zgw: djnakata nodeId 1
05-14 06:11:21.741 10947-10991/com.askey.firefly.zwave.control D/zgw: djnakata123 udpconn.rport 60397, udpconn.lport 41230 uip_len is 59
05-14 06:11:21.741 10947-10991/com.askey.firefly.zwave.control D/zgw: djnakata udp_send_wrap dtls ripaddr is 127.0.0.1 60397
05-14 06:11:21.742 10947-10991/com.askey.firefly.zwave.control D/zgw: nm_fsm_post_event event: NM_EV_FRAME_RECEIVED state: NM_IDLE
05-14 06:11:21.742 10947-10991/com.askey.firefly.zwave.control D/zgw: NetworkManagementCommandHandler 4d 8
05-14 06:11:21.742 10947-10991/com.askey.firefly.zwave.control D/zgw: DSK_GET for add
05-14 06:11:21.837 10947-10991/com.askey.firefly.zwave.control D/zgw: Sending network management reply
05-14 06:11:21.837 10947-10991/com.askey.firefly.zwave.control D/zgw: djnakata udp_send_wrap dtls ripaddr is 127.0.0.1 60397
05-14 06:11:21.842 10947-10991/com.askey.firefly.zwave.control D/zgw: djnakata nodeId 1
05-14 06:11:21.842 10947-10991/com.askey.firefly.zwave.control D/zgw: djnakata123 udpconn.rport 60397, udpconn.lport 41230 uip_len is 61
05-14 06:11:21.842 10947-10991/com.askey.firefly.zwave.control D/zgw: djnakata udp_send_wrap dtls ripaddr is 127.0.0.1 60397
05-14 06:11:21.843 10947-10991/com.askey.firefly.zwave.control D/zgw: nm_fsm_post_event event: NM_EV_FRAME_RECEIVED state: NM_IDLE
05-14 06:11:21.843 10947-10991/com.askey.firefly.zwave.control D/zgw: NetworkManagementCommandHandler 34 1
05-14 06:11:21.852 10947-10991/com.askey.firefly.zwave.control D/zgw: nm_fsm_post_event event: NM_EV_NODE_ADD_S2 state: NM_IDLE
05-14 06:11:21.861 10947-10991/com.askey.firefly.zwave.control D/zgw: nm_fsm_post_event event: NM_EV_ADD_LEARN_READY state: NM_WAITING_FOR_ADD
05-14 06:11:23.525 10947-10991/com.askey.firefly.zwave.control D/zgw: nm_fsm_post_event event: NM_EV_ADD_NODE_FOUND state: NM_WAITING_FOR_ADD
05-14 06:11:23.527 10947-10991/com.askey.firefly.zwave.control D/zgw: nm_fsm_post_event event: NM_EV_ADD_SLAVE state: NM_NODE_FOUND
05-14 06:11:23.529 10947-10991/com.askey.firefly.zwave.control D/zgw: nm_fsm_post_event event: NM_EV_ADD_PROTOCOL_DONE state: NM_WIAT_FOR_PROTOCOL
05-14 06:11:23.589 10947-10991/com.askey.firefly.zwave.control D/zgw: nm_fsm_post_event event: NM_EV_ADD_NODE_STATUS_DONE state: NM_WIAT_FOR_PROTOCOL
05-14 06:11:23.601 10947-10991/com.askey.firefly.zwave.control E/zgw: This node has already been included
05-14 06:11:23.601 10947-10991/com.askey.firefly.zwave.control D/zgw: nm_fsm_post_event event: NM_EV_SECURITY_DONE state: NM_WAIT_FOR_SECURE_ADD
05-14 06:11:23.602 10947-10991/com.askey.firefly.zwave.control D/zgw: nm_fsm_post_event event: NM_EV_NODE_PROBE_DONE state: NM_WAIT_FOR_PROBE_AFTER_ADD
05-14 06:11:23.602 10947-10991/com.askey.firefly.zwave.control W/zgw: Could not find provisioning list entry. Skipping name/location setting
05-14 06:11:23.602 10947-10991/com.askey.firefly.zwave.control D/zgw: Sending network management reply
05-14 06:11:23.602 10947-10991/com.askey.firefly.zwave.control D/zgw: djnakata udp_send_wrap dtls ripaddr is 127.0.0.1 60397
05-14 06:11:23.602 10947-10997/com.askey.firefly.zwave.control I/ZWCONTROL: add_node_nw_cb: status:9 (Added but insecure)
05-14 06:11:23.602 10947-10997/com.askey.firefly.zwave.control I/ZWCONTROL: node supported S2 CC
05-14 06:11:23.602 10947-10997/com.askey.firefly.zwave.control I/ZWCONTROL: Node added but insecure!
05-14 06:11:23.602 10947-10997/com.askey.firefly.zwave.control I/ZWCONTROL: This node has already added into network, now update node info.
05-14 06:11:23.602 10947-10997/com.askey.firefly.zwave.control I/ZWCONTROL: zwnet_node_cb, node_id:7, mode:0
05-14 06:11:23.603 10947-11002/com.askey.firefly.zwave.control I/ZWCONTROL: hl_nw_node_cb node:7 added
05-14 06:11:23.603 10947-11002/com.askey.firefly.zwave.control I/ZWCONTROL: hl_nw_notify_cb op:2, status:4
05-14 06:11:23.604 10947-11002/com.askey.firefly.zwave.control I/WelcomeActivity: class name = [addDevice]| result = {
                                                                                  	"MessageType":	"Node Add Status",
                                                                                  	"Status":	"Protocol Done"
                                                                                  }
05-14 06:11:23.609 10947-10991/com.askey.firefly.zwave.control D/zgw: Probe machine is unlocked
05-14 06:11:23.610 10947-10991/com.askey.firefly.zwave.control I/zgw: All nodes have been probed
05-14 06:11:23.610 10947-10991/com.askey.firefly.zwave.control D/zgw: nm_fsm_post_event event: NM_EV_ALL_PROBED state: NM_IDLE
05-14 06:11:23.610 10947-10991/com.askey.firefly.zwave.control D/zgw: update flag 2 134
05-14 06:11:23.616 10947-10991/com.askey.firefly.zwave.control D/zgw: djnakata nodeId 1
05-14 06:11:23.616 10947-10991/com.askey.firefly.zwave.control D/zgw: djnakata123 udpconn.rport 60397, udpconn.lport 41230 uip_len is 52
05-14 06:11:23.616 10947-10991/com.askey.firefly.zwave.control D/zgw: ND for ipv6 address
05-14 06:11:23.616 10947-10991/com.askey.firefly.zwave.control D/zgw: djnakata udp_send_wrap dtls ripaddr is 127.0.0.1 60397
05-14 06:11:23.617 10947-10997/com.askey.firefly.zwave.control I/ZWCONTROL: FD 00 BB BB 00 00 00 00 00 00 
05-14 06:11:23.617 10947-10997/com.askey.firefly.zwave.control I/ZWCONTROL: 00 00 00 00 00 07 
05-14 06:11:23.717 10947-11002/com.askey.firefly.zwave.control I/ZWCONTROL: hl_nw_notify_cb op:2, status:5
05-14 06:11:23.718 10947-10991/com.askey.firefly.zwave.control D/zgw: djnakata nodeId 1
05-14 06:11:23.718 10947-10991/com.askey.firefly.zwave.control D/zgw: djnakata123 udpconn.rport 60397, udpconn.lport 41230 uip_len is 59
05-14 06:11:23.718 10947-10991/com.askey.firefly.zwave.control D/zgw: djnakata udp_send_wrap dtls ripaddr is 127.0.0.1 60397
05-14 06:11:23.718 10947-11002/com.askey.firefly.zwave.control I/WelcomeActivity: class name = [addDevice]| result = {
                                                                                  	"MessageType":	"Node Add Status",
                                                                                  	"Status":	"Getting Node Information"
                                                                                  }
05-14 06:11:23.720 10947-10991/com.askey.firefly.zwave.control D/zgw: nm_fsm_post_event event: NM_EV_FRAME_RECEIVED state: NM_IDLE
05-14 06:11:23.720 10947-10991/com.askey.firefly.zwave.control D/zgw: NetworkManagementCommandHandler 4d 8
05-14 06:11:23.720 10947-10991/com.askey.firefly.zwave.control D/zgw: DSK_GET for add
05-14 06:11:23.762 10947-10983/com.askey.firefly.zwave.control I/TCPServer: TCP sendMessage : [48693]:{
                                                                            	"MessageType":	"Node Add Status",
                                                                            	"Status":	"Getting Node Information"
                                                                            } #index=0
05-14 06:11:23.763 10947-10983/com.askey.firefly.zwave.control I/MQTTBroker: into addRemoveDevice
05-14 06:11:23.823 10947-10991/com.askey.firefly.zwave.control D/zgw: Sending network management reply
05-14 06:11:23.824 10947-10991/com.askey.firefly.zwave.control D/zgw: djnakata udp_send_wrap dtls ripaddr is 127.0.0.1 60397
05-14 06:11:24.267 10947-10991/com.askey.firefly.zwave.control D/zgw: djnakata nodeId 1
05-14 06:11:24.267 10947-10991/com.askey.firefly.zwave.control D/zgw: djnakata123 udpconn.rport 60397, udpconn.lport 41230 uip_len is 60
05-14 06:11:24.268 10947-10991/com.askey.firefly.zwave.control D/zgw: djnakata udp_send_wrap dtls ripaddr is 127.0.0.1 60397
05-14 06:11:24.268 10947-10991/com.askey.firefly.zwave.control D/zgw: nm_fsm_post_event event: NM_EV_FRAME_RECEIVED state: NM_IDLE
05-14 06:11:24.268 10947-10991/com.askey.firefly.zwave.control D/zgw: NetworkManagementCommandHandler 34 d
05-14 06:11:24.548 10947-10991/com.askey.firefly.zwave.control D/zgw: Sending network management reply
05-14 06:11:24.548 10947-10991/com.askey.firefly.zwave.control D/zgw: djnakata udp_send_wrap dtls ripaddr is 127.0.0.1 60397
05-14 06:11:24.554 10947-10991/com.askey.firefly.zwave.control D/zgw: djnakata nodeId 7
05-14 06:11:24.555 10947-10991/com.askey.firefly.zwave.control D/zgw: djnakata124 udpconn.rport 60397, udpconn.lport 41230 uip_len is 63
05-14 06:11:24.555 10947-10991/com.askey.firefly.zwave.control D/zgw: zw.scheme: 255
05-14 06:11:24.555 10947-10991/com.askey.firefly.zwave.control D/zgw: Sending 3->7, class: 0x86, cmd: 0x13
05-14 06:11:24.555 10947-10991/com.askey.firefly.zwave.control I/zgw: Sending with scheme 255
05-14 06:11:24.601 10947-10991/com.askey.firefly.zwave.control D/zgw: Route change
05-14 06:11:24.601 10947-10991/com.askey.firefly.zwave.control D/zgw: unsolicited_senddata_callback status 0
05-14 06:11:24.601 10947-10991/com.askey.firefly.zwave.control D/zgw: djnakata udp_send_wrap dtls ripaddr is 127.0.0.1 60397
05-14 06:11:24.616 10947-10991/com.askey.firefly.zwave.control D/zgw: ApplicationCommandHandler 7->3 class 0x86 cmd 0x14 size 4
05-14 06:11:24.616 10947-10991/com.askey.firefly.zwave.control D/zgw: bridge_virtual_node_commandhandler Handled
05-14 06:11:24.617 10947-10991/com.askey.firefly.zwave.control D/zgw: Sending first attempt
05-14 06:11:24.617 10947-10991/com.askey.firefly.zwave.control D/zgw: DeMangled src 7 dst 3:0
05-14 06:11:24.617 10947-10991/com.askey.firefly.zwave.control D/zgw: Packet from Z-wave side (nodeid: 7) to port:60907 IP addr: 
05-14 06:11:24.617 10947-10991/com.askey.firefly.zwave.control D/zgw: djnakata udp_send_wrap dtls ripaddr is 127.0.0.1 60397
05-14 06:11:24.618 10947-10991/com.askey.firefly.zwave.control D/zgw: queue_send_done to node 7 queue 1
05-14 06:11:24.618 10947-10997/com.askey.firefly.zwave.control I/ZWCONTROL: Receive frame from node:7, cmd:
05-14 06:11:24.618 10947-10997/com.askey.firefly.zwave.control I/ZWCONTROL: 86 14 5E 02 
05-14 06:11:24.618 10947-10997/com.askey.firefly.zwave.control I/ZWCONTROL: zwif_rep_hdlr, receives report from node:7, cmdclass: 86, cmd: 14
05-14 06:11:24.619 10947-10991/com.askey.firefly.zwave.control D/zgw: djnakata nodeId 7
05-14 06:11:24.619 10947-10991/com.askey.firefly.zwave.control D/zgw: djnakata124 udpconn.rport 60397, udpconn.lport 41230 uip_len is 63
05-14 06:11:24.619 10947-10991/com.askey.firefly.zwave.control D/zgw: zw.scheme: 255
05-14 06:11:24.619 10947-10991/com.askey.firefly.zwave.control D/zgw: Sending 3->7, class: 0x86, cmd: 0x13
05-14 06:11:24.620 10947-10991/com.askey.firefly.zwave.control I/zgw: Sending with scheme 255
05-14 06:11:24.666 10947-10991/com.askey.firefly.zwave.control D/zgw: unsolicited_senddata_callback status 0
05-14 06:11:24.666 10947-10991/com.askey.firefly.zwave.control D/zgw: djnakata udp_send_wrap dtls ripaddr is 127.0.0.1 60397
05-14 06:11:24.681 10947-10991/com.askey.firefly.zwave.control D/zgw: ApplicationCommandHandler 7->3 class 0x86 cmd 0x14 size 4
05-14 06:11:24.681 10947-10991/com.askey.firefly.zwave.control D/zgw: bridge_virtual_node_commandhandler Handled
05-14 06:11:24.682 10947-10991/com.askey.firefly.zwave.control D/zgw: Sending first attempt
05-14 06:11:24.682 10947-10991/com.askey.firefly.zwave.control D/zgw: DeMangled src 7 dst 3:0
05-14 06:11:24.682 10947-10991/com.askey.firefly.zwave.control D/zgw: Packet from Z-wave side (nodeid: 7) to port:60907 IP addr: 
05-14 06:11:24.682 10947-10991/com.askey.firefly.zwave.control D/zgw: djnakata udp_send_wrap dtls ripaddr is 127.0.0.1 60397
05-14 06:11:24.683 10947-10997/com.askey.firefly.zwave.control I/ZWCONTROL: Receive frame from node:7, cmd:
05-14 06:11:24.683 10947-10991/com.askey.firefly.zwave.control D/zgw: queue_send_done to node 7 queue 1
05-14 06:11:24.683 10947-10997/com.askey.firefly.zwave.control I/ZWCONTROL: 86 14 85 02 
05-14 06:11:24.683 10947-10997/com.askey.firefly.zwave.control I/ZWCONTROL: zwif_rep_hdlr, receives report from node:7, cmdclass: 86, cmd: 14
05-14 06:11:24.685 10947-10991/com.askey.firefly.zwave.control D/zgw: djnakata nodeId 7
05-14 06:11:24.685 10947-10991/com.askey.firefly.zwave.control D/zgw: djnakata124 udpconn.rport 60397, udpconn.lport 41230 uip_len is 63
05-14 06:11:24.685 10947-10991/com.askey.firefly.zwave.control D/zgw: zw.scheme: 255
05-14 06:11:24.685 10947-10991/com.askey.firefly.zwave.control D/zgw: djnakata udp_send_wrap dtls ripaddr is 127.0.0.1 60397
05-14 06:11:24.686 10947-10991/com.askey.firefly.zwave.control D/zgw: djnakata udp_send_wrap dtls ripaddr is 127.0.0.1 60397
05-14 06:11:24.686 10947-10997/com.askey.firefly.zwave.control I/ZWCONTROL: Receive frame from node:7, cmd:
05-14 06:11:24.687 10947-10997/com.askey.firefly.zwave.control I/ZWCONTROL: 86 14 5C 01 
05-14 06:11:24.687 10947-10997/com.askey.firefly.zwave.control I/ZWCONTROL: zwif_rep_hdlr, receives report from node:7, cmdclass: 86, cmd: 14
05-14 06:11:24.689 10947-10991/com.askey.firefly.zwave.control D/zgw: djnakata nodeId 7
05-14 06:11:24.689 10947-10991/com.askey.firefly.zwave.control D/zgw: djnakata124 udpconn.rport 60397, udpconn.lport 41230 uip_len is 63
05-14 06:11:24.689 10947-10991/com.askey.firefly.zwave.control D/zgw: zw.scheme: 255
05-14 06:11:24.689 10947-10991/com.askey.firefly.zwave.control D/zgw: Sending 3->7, class: 0x86, cmd: 0x13
05-14 06:11:24.689 10947-10991/com.askey.firefly.zwave.control I/zgw: Sending with scheme 255
05-14 06:11:24.735 10947-10991/com.askey.firefly.zwave.control D/zgw: unsolicited_senddata_callback status 0
05-14 06:11:24.735 10947-10991/com.askey.firefly.zwave.control D/zgw: djnakata udp_send_wrap dtls ripaddr is 127.0.0.1 60397
05-14 06:11:24.750 10947-10991/com.askey.firefly.zwave.control D/zgw: ApplicationCommandHandler 7->3 class 0x86 cmd 0x14 size 4
05-14 06:11:24.750 10947-10991/com.askey.firefly.zwave.control D/zgw: bridge_virtual_node_commandhandler Handled
05-14 06:11:24.751 10947-10991/com.askey.firefly.zwave.control D/zgw: Sending first attempt
05-14 06:11:24.751 10947-10991/com.askey.firefly.zwave.control D/zgw: DeMangled src 7 dst 3:0
05-14 06:11:24.751 10947-10991/com.askey.firefly.zwave.control D/zgw: Packet from Z-wave side (nodeid: 7) to port:60907 IP addr: 
05-14 06:11:24.751 10947-10991/com.askey.firefly.zwave.control D/zgw: djnakata udp_send_wrap dtls ripaddr is 127.0.0.1 60397
05-14 06:11:24.752 10947-10997/com.askey.firefly.zwave.control I/ZWCONTROL: Receive frame from node:7, cmd:
05-14 06:11:24.752 10947-10991/com.askey.firefly.zwave.control D/zgw: queue_send_done to node 7 queue 1
05-14 06:11:24.752 10947-10997/com.askey.firefly.zwave.control I/ZWCONTROL: 86 14 59 01 
05-14 06:11:24.752 10947-10997/com.askey.firefly.zwave.control I/ZWCONTROL: zwif_rep_hdlr, receives report from node:7, cmdclass: 86, cmd: 14
05-14 06:11:24.754 10947-10991/com.askey.firefly.zwave.control D/zgw: djnakata nodeId 7
05-14 06:11:24.754 10947-10991/com.askey.firefly.zwave.control D/zgw: djnakata124 udpconn.rport 60397, udpconn.lport 41230 uip_len is 63
05-14 06:11:24.754 10947-10991/com.askey.firefly.zwave.control D/zgw: zw.scheme: 255
05-14 06:11:24.754 10947-10991/com.askey.firefly.zwave.control D/zgw: Sending 3->7, class: 0x86, cmd: 0x13
05-14 06:11:24.754 10947-10991/com.askey.firefly.zwave.control I/zgw: Sending with scheme 255
05-14 06:11:24.800 10947-10991/com.askey.firefly.zwave.control D/zgw: unsolicited_senddata_callback status 0
05-14 06:11:24.800 10947-10991/com.askey.firefly.zwave.control D/zgw: djnakata udp_send_wrap dtls ripaddr is 127.0.0.1 60397
05-14 06:11:24.815 10947-10991/com.askey.firefly.zwave.control D/zgw: ApplicationCommandHandler 7->3 class 0x86 cmd 0x14 size 4
05-14 06:11:24.815 10947-10991/com.askey.firefly.zwave.control D/zgw: bridge_virtual_node_commandhandler Handled
05-14 06:11:24.816 10947-10991/com.askey.firefly.zwave.control D/zgw: Sending first attempt
05-14 06:11:24.816 10947-10991/com.askey.firefly.zwave.control D/zgw: DeMangled src 7 dst 3:0
05-14 06:11:24.816 10947-10991/com.askey.firefly.zwave.control D/zgw: Packet from Z-wave side (nodeid: 7) to port:60907 IP addr: 
05-14 06:11:24.816 10947-10991/com.askey.firefly.zwave.control D/zgw: djnakata udp_send_wrap dtls ripaddr is 127.0.0.1 60397
05-14 06:11:24.817 10947-10997/com.askey.firefly.zwave.control I/ZWCONTROL: Receive frame from node:7, cmd:
05-14 06:11:24.817 10947-10997/com.askey.firefly.zwave.control I/ZWCONTROL: 86 14 8E 03 
05-14 06:11:24.817 10947-10997/com.askey.firefly.zwave.control I/ZWCONTROL: zwif_rep_hdlr, receives report from node:7, cmdclass: 86, cmd: 14
05-14 06:11:24.817 10947-10991/com.askey.firefly.zwave.control D/zgw: queue_send_done to node 7 queue 1
05-14 06:11:24.819 10947-10991/com.askey.firefly.zwave.control D/zgw: djnakata nodeId 7
05-14 06:11:24.819 10947-10991/com.askey.firefly.zwave.control D/zgw: djnakata124 udpconn.rport 60397, udpconn.lport 41230 uip_len is 63
05-14 06:11:24.819 10947-10991/com.askey.firefly.zwave.control D/zgw: zw.scheme: 255
05-14 06:11:24.819 10947-10991/com.askey.firefly.zwave.control D/zgw: Sending 3->7, class: 0x86, cmd: 0x13
05-14 06:11:24.819 10947-10991/com.askey.firefly.zwave.control I/zgw: Sending with scheme 255
05-14 06:11:24.865 10947-10991/com.askey.firefly.zwave.control D/zgw: unsolicited_senddata_callback status 0
05-14 06:11:24.865 10947-10991/com.askey.firefly.zwave.control D/zgw: djnakata udp_send_wrap dtls ripaddr is 127.0.0.1 60397
05-14 06:11:24.880 10947-10991/com.askey.firefly.zwave.control D/zgw: ApplicationCommandHandler 7->3 class 0x86 cmd 0x14 size 4
05-14 06:11:24.880 10947-10991/com.askey.firefly.zwave.control D/zgw: bridge_virtual_node_commandhandler Handled
05-14 06:11:24.881 10947-10991/com.askey.firefly.zwave.control D/zgw: Sending first attempt
05-14 06:11:24.881 10947-10991/com.askey.firefly.zwave.control D/zgw: DeMangled src 7 dst 3:0
05-14 06:11:24.881 10947-10991/com.askey.firefly.zwave.control D/zgw: Packet from Z-wave side (nodeid: 7) to port:60907 IP addr: 
05-14 06:11:24.881 10947-10991/com.askey.firefly.zwave.control D/zgw: djnakata udp_send_wrap dtls ripaddr is 127.0.0.1 60397
05-14 06:11:24.882 10947-10991/com.askey.firefly.zwave.control D/zgw: queue_send_done to node 7 queue 1
05-14 06:11:24.882 10947-10997/com.askey.firefly.zwave.control I/ZWCONTROL: Receive frame from node:7, cmd:
05-14 06:11:24.882 10947-10997/com.askey.firefly.zwave.control I/ZWCONTROL: 86 14 60 04 
05-14 06:11:24.882 10947-10997/com.askey.firefly.zwave.control I/ZWCONTROL: zwif_rep_hdlr, receives report from node:7, cmdclass: 86, cmd: 14
05-14 06:11:24.883 10947-10991/com.askey.firefly.zwave.control D/zgw: djnakata nodeId 7
05-14 06:11:24.883 10947-10991/com.askey.firefly.zwave.control D/zgw: djnakata124 udpconn.rport 60397, udpconn.lport 41230 uip_len is 63
05-14 06:11:24.883 10947-10991/com.askey.firefly.zwave.control D/zgw: zw.scheme: 255
05-14 06:11:24.883 10947-10991/com.askey.firefly.zwave.control D/zgw: Sending 3->7, class: 0x86, cmd: 0x13
05-14 06:11:24.883 10947-10991/com.askey.firefly.zwave.control I/zgw: Sending with scheme 255
05-14 06:11:25.061 10947-10991/com.askey.firefly.zwave.control D/zgw: unsolicited_senddata_callback status 0
05-14 06:11:25.061 10947-10991/com.askey.firefly.zwave.control D/zgw: djnakata udp_send_wrap dtls ripaddr is 127.0.0.1 60397
05-14 06:11:25.064 10947-10991/com.askey.firefly.zwave.control D/zgw: ApplicationCommandHandler 7->3 class 0x86 cmd 0x14 size 4
05-14 06:11:25.064 10947-10991/com.askey.firefly.zwave.control D/zgw: bridge_virtual_node_commandhandler Handled
05-14 06:11:25.065 10947-10991/com.askey.firefly.zwave.control D/zgw: Sending first attempt
05-14 06:11:25.065 10947-10991/com.askey.firefly.zwave.control D/zgw: DeMangled src 7 dst 3:0
05-14 06:11:25.065 10947-10991/com.askey.firefly.zwave.control D/zgw: Packet from Z-wave side (nodeid: 7) to port:60907 IP addr: 
05-14 06:11:25.065 10947-10991/com.askey.firefly.zwave.control D/zgw: djnakata udp_send_wrap dtls ripaddr is 127.0.0.1 60397
05-14 06:11:25.065 10947-10991/com.askey.firefly.zwave.control D/zgw: queue_send_done to node 7 queue 1
05-14 06:11:25.066 10947-10997/com.askey.firefly.zwave.control I/ZWCONTROL: Receive frame from node:7, cmd:
05-14 06:11:25.066 10947-10997/com.askey.firefly.zwave.control I/ZWCONTROL: 86 14 55 02 
05-14 06:11:25.066 10947-10997/com.askey.firefly.zwave.control I/ZWCONTROL: zwif_rep_hdlr, receives report from node:7, cmdclass: 86, cmd: 14
05-14 06:11:25.067 10947-10991/com.askey.firefly.zwave.control D/zgw: djnakata nodeId 7
05-14 06:11:25.067 10947-10991/com.askey.firefly.zwave.control D/zgw: djnakata124 udpconn.rport 60397, udpconn.lport 41230 uip_len is 63
05-14 06:11:25.067 10947-10991/com.askey.firefly.zwave.control D/zgw: zw.scheme: 255
05-14 06:11:25.067 10947-10991/com.askey.firefly.zwave.control D/zgw: Sending 3->7, class: 0x86, cmd: 0x13
05-14 06:11:25.067 10947-10991/com.askey.firefly.zwave.control I/zgw: Sending with scheme 255
05-14 06:11:25.111 10947-10991/com.askey.firefly.zwave.control D/zgw: unsolicited_senddata_callback status 0
05-14 06:11:25.111 10947-10991/com.askey.firefly.zwave.control D/zgw: djnakata udp_send_wrap dtls ripaddr is 127.0.0.1 60397
05-14 06:11:25.128 10947-10991/com.askey.firefly.zwave.control D/zgw: ApplicationCommandHandler 7->3 class 0x86 cmd 0x14 size 4
05-14 06:11:25.128 10947-10991/com.askey.firefly.zwave.control D/zgw: bridge_virtual_node_commandhandler Handled
05-14 06:11:25.129 10947-10991/com.askey.firefly.zwave.control D/zgw: Sending first attempt
05-14 06:11:25.129 10947-10991/com.askey.firefly.zwave.control D/zgw: DeMangled src 7 dst 3:0
05-14 06:11:25.129 10947-10991/com.askey.firefly.zwave.control D/zgw: Packet from Z-wave side (nodeid: 7) to port:60907 IP addr: 
05-14 06:11:25.129 10947-10991/com.askey.firefly.zwave.control D/zgw: djnakata udp_send_wrap dtls ripaddr is 127.0.0.1 60397
05-14 06:11:25.130 10947-10991/com.askey.firefly.zwave.control D/zgw: queue_send_done to node 7 queue 1
05-14 06:11:25.130 10947-10997/com.askey.firefly.zwave.control I/ZWCONTROL: Receive frame from node:7, cmd:
05-14 06:11:25.130 10947-10997/com.askey.firefly.zwave.control I/ZWCONTROL: 86 14 86 03 
05-14 06:11:25.130 10947-10997/com.askey.firefly.zwave.control I/ZWCONTROL: zwif_rep_hdlr, receives report from node:7, cmdclass: 86, cmd: 14
05-14 06:11:25.131 10947-10991/com.askey.firefly.zwave.control D/zgw: djnakata nodeId 7
05-14 06:11:25.131 10947-10991/com.askey.firefly.zwave.control D/zgw: djnakata124 udpconn.rport 60397, udpconn.lport 41230 uip_len is 63
05-14 06:11:25.131 10947-10991/com.askey.firefly.zwave.control D/zgw: zw.scheme: 255
05-14 06:11:25.131 10947-10991/com.askey.firefly.zwave.control D/zgw: Sending 3->7, class: 0x86, cmd: 0x13
05-14 06:11:25.131 10947-10991/com.askey.firefly.zwave.control I/zgw: Sending with scheme 255
05-14 06:11:25.176 10947-10991/com.askey.firefly.zwave.control D/zgw: unsolicited_senddata_callback status 0
05-14 06:11:25.176 10947-10991/com.askey.firefly.zwave.control D/zgw: djnakata udp_send_wrap dtls ripaddr is 127.0.0.1 60397
05-14 06:11:25.191 10947-10991/com.askey.firefly.zwave.control D/zgw: ApplicationCommandHandler 7->3 class 0x86 cmd 0x14 size 4
05-14 06:11:25.191 10947-10991/com.askey.firefly.zwave.control D/zgw: bridge_virtual_node_commandhandler Handled
05-14 06:11:25.192 10947-10991/com.askey.firefly.zwave.control D/zgw: Sending first attempt
05-14 06:11:25.192 10947-10991/com.askey.firefly.zwave.control D/zgw: DeMangled src 7 dst 3:0
05-14 06:11:25.192 10947-10991/com.askey.firefly.zwave.control D/zgw: Packet from Z-wave side (nodeid: 7) to port:60907 IP addr: 
05-14 06:11:25.192 10947-10991/com.askey.firefly.zwave.control D/zgw: djnakata udp_send_wrap dtls ripaddr is 127.0.0.1 60397
05-14 06:11:25.193 10947-10991/com.askey.firefly.zwave.control D/zgw: queue_send_done to node 7 queue 1
05-14 06:11:25.193 10947-10997/com.askey.firefly.zwave.control I/ZWCONTROL: Receive frame from node:7, cmd:
05-14 06:11:25.193 10947-10997/com.askey.firefly.zwave.control I/ZWCONTROL: 86 14 72 02 
05-14 06:11:25.193 10947-10997/com.askey.firefly.zwave.control I/ZWCONTROL: zwif_rep_hdlr, receives report from node:7, cmdclass: 86, cmd: 14
05-14 06:11:25.195 10947-10991/com.askey.firefly.zwave.control D/zgw: djnakata nodeId 7
05-14 06:11:25.195 10947-10991/com.askey.firefly.zwave.control D/zgw: djnakata124 udpconn.rport 60397, udpconn.lport 41230 uip_len is 63
05-14 06:11:25.195 10947-10991/com.askey.firefly.zwave.control D/zgw: zw.scheme: 255
05-14 06:11:25.195 10947-10991/com.askey.firefly.zwave.control D/zgw: Sending 3->7, class: 0x86, cmd: 0x13
05-14 06:11:25.195 10947-10991/com.askey.firefly.zwave.control I/zgw: Sending with scheme 255
05-14 06:11:25.240 10947-10991/com.askey.firefly.zwave.control D/zgw: unsolicited_senddata_callback status 0
05-14 06:11:25.240 10947-10991/com.askey.firefly.zwave.control D/zgw: djnakata udp_send_wrap dtls ripaddr is 127.0.0.1 60397
05-14 06:11:25.255 10947-10991/com.askey.firefly.zwave.control D/zgw: ApplicationCommandHandler 7->3 class 0x86 cmd 0x14 size 4
05-14 06:11:25.255 10947-10991/com.askey.firefly.zwave.control D/zgw: bridge_virtual_node_commandhandler Handled
05-14 06:11:25.256 10947-10991/com.askey.firefly.zwave.control D/zgw: Sending first attempt
05-14 06:11:25.256 10947-10991/com.askey.firefly.zwave.control D/zgw: DeMangled src 7 dst 3:0
05-14 06:11:25.256 10947-10991/com.askey.firefly.zwave.control D/zgw: Packet from Z-wave side (nodeid: 7) to port:60907 IP addr: 
05-14 06:11:25.256 10947-10991/com.askey.firefly.zwave.control D/zgw: djnakata udp_send_wrap dtls ripaddr is 127.0.0.1 60397
05-14 06:11:25.257 10947-10997/com.askey.firefly.zwave.control I/ZWCONTROL: Receive frame from node:7, cmd:
05-14 06:11:25.257 10947-10997/com.askey.firefly.zwave.control I/ZWCONTROL: 86 14 5A 01 
05-14 06:11:25.257 10947-10997/com.askey.firefly.zwave.control I/ZWCONTROL: zwif_rep_hdlr, receives report from node:7, cmdclass: 86, cmd: 14
05-14 06:11:25.257 10947-10991/com.askey.firefly.zwave.control D/zgw: queue_send_done to node 7 queue 1
05-14 06:11:25.258 10947-10991/com.askey.firefly.zwave.control D/zgw: djnakata nodeId 7
05-14 06:11:25.258 10947-10991/com.askey.firefly.zwave.control D/zgw: djnakata124 udpconn.rport 60397, udpconn.lport 41230 uip_len is 63
05-14 06:11:25.258 10947-10991/com.askey.firefly.zwave.control D/zgw: zw.scheme: 255
05-14 06:11:25.258 10947-10991/com.askey.firefly.zwave.control D/zgw: Sending 3->7, class: 0x86, cmd: 0x13
05-14 06:11:25.258 10947-10991/com.askey.firefly.zwave.control I/zgw: Sending with scheme 255
05-14 06:11:25.302 10947-10991/com.askey.firefly.zwave.control D/zgw: unsolicited_senddata_callback status 0
05-14 06:11:25.302 10947-10991/com.askey.firefly.zwave.control D/zgw: djnakata udp_send_wrap dtls ripaddr is 127.0.0.1 60397
05-14 06:11:25.318 10947-10991/com.askey.firefly.zwave.control D/zgw: ApplicationCommandHandler 7->3 class 0x86 cmd 0x14 size 4
05-14 06:11:25.318 10947-10991/com.askey.firefly.zwave.control D/zgw: bridge_virtual_node_commandhandler Handled
05-14 06:11:25.319 10947-10991/com.askey.firefly.zwave.control D/zgw: Sending first attempt
05-14 06:11:25.319 10947-10991/com.askey.firefly.zwave.control D/zgw: DeMangled src 7 dst 3:0
05-14 06:11:25.319 10947-10991/com.askey.firefly.zwave.control D/zgw: Packet from Z-wave side (nodeid: 7) to port:60907 IP addr: 
05-14 06:11:25.319 10947-10991/com.askey.firefly.zwave.control D/zgw: djnakata udp_send_wrap dtls ripaddr is 127.0.0.1 60397
05-14 06:11:25.320 10947-10997/com.askey.firefly.zwave.control I/ZWCONTROL: Receive frame from node:7, cmd:
05-14 06:11:25.320 10947-10997/com.askey.firefly.zwave.control I/ZWCONTROL: 86 14 73 01 
05-14 06:11:25.320 10947-10997/com.askey.firefly.zwave.control I/ZWCONTROL: zwif_rep_hdlr, receives report from node:7, cmdclass: 86, cmd: 14
05-14 06:11:25.320 10947-10991/com.askey.firefly.zwave.control D/zgw: queue_send_done to node 7 queue 1
05-14 06:11:25.321 10947-10991/com.askey.firefly.zwave.control D/zgw: djnakata nodeId 7
05-14 06:11:25.321 10947-10991/com.askey.firefly.zwave.control D/zgw: djnakata124 udpconn.rport 60397, udpconn.lport 41230 uip_len is 63
05-14 06:11:25.321 10947-10991/com.askey.firefly.zwave.control D/zgw: zw.scheme: 255
05-14 06:11:25.321 10947-10991/com.askey.firefly.zwave.control D/zgw: Sending 3->7, class: 0x86, cmd: 0x13
05-14 06:11:25.321 10947-10991/com.askey.firefly.zwave.control I/zgw: Sending with scheme 255
05-14 06:11:25.367 10947-10991/com.askey.firefly.zwave.control D/zgw: unsolicited_senddata_callback status 0
05-14 06:11:25.367 10947-10991/com.askey.firefly.zwave.control D/zgw: djnakata udp_send_wrap dtls ripaddr is 127.0.0.1 60397
05-14 06:11:25.382 10947-10991/com.askey.firefly.zwave.control D/zgw: ApplicationCommandHandler 7->3 class 0x86 cmd 0x14 size 4
05-14 06:11:25.382 10947-10991/com.askey.firefly.zwave.control D/zgw: bridge_virtual_node_commandhandler Handled
05-14 06:11:25.383 10947-10991/com.askey.firefly.zwave.control D/zgw: Sending first attempt
05-14 06:11:25.383 10947-10991/com.askey.firefly.zwave.control D/zgw: DeMangled src 7 dst 3:0
05-14 06:11:25.383 10947-10991/com.askey.firefly.zwave.control D/zgw: Packet from Z-wave side (nodeid: 7) to port:60907 IP addr: 
05-14 06:11:25.383 10947-10991/com.askey.firefly.zwave.control D/zgw: djnakata udp_send_wrap dtls ripaddr is 127.0.0.1 60397
05-14 06:11:25.385 10947-10997/com.askey.firefly.zwave.control I/ZWCONTROL: Receive frame from node:7, cmd:
05-14 06:11:25.385 10947-10991/com.askey.firefly.zwave.control D/zgw: queue_send_done to node 7 queue 1
05-14 06:11:25.385 10947-10997/com.askey.firefly.zwave.control I/ZWCONTROL: 86 14 98 01 
05-14 06:11:25.385 10947-10997/com.askey.firefly.zwave.control I/ZWCONTROL: zwif_rep_hdlr, receives report from node:7, cmdclass: 86, cmd: 14
05-14 06:11:25.387 10947-10991/com.askey.firefly.zwave.control D/zgw: djnakata nodeId 7
05-14 06:11:25.387 10947-10991/com.askey.firefly.zwave.control D/zgw: djnakata124 udpconn.rport 60397, udpconn.lport 41230 uip_len is 63
05-14 06:11:25.387 10947-10991/com.askey.firefly.zwave.control D/zgw: zw.scheme: 255
05-14 06:11:25.387 10947-10991/com.askey.firefly.zwave.control D/zgw: Sending 3->7, class: 0x86, cmd: 0x13
05-14 06:11:25.387 10947-10991/com.askey.firefly.zwave.control I/zgw: Sending with scheme 255
05-14 06:11:25.432 10947-10991/com.askey.firefly.zwave.control D/zgw: unsolicited_senddata_callback status 0
05-14 06:11:25.432 10947-10991/com.askey.firefly.zwave.control D/zgw: djnakata udp_send_wrap dtls ripaddr is 127.0.0.1 60397
05-14 06:11:25.448 10947-10991/com.askey.firefly.zwave.control D/zgw: ApplicationCommandHandler 7->3 class 0x86 cmd 0x14 size 4
05-14 06:11:25.448 10947-10991/com.askey.firefly.zwave.control D/zgw: bridge_virtual_node_commandhandler Handled
05-14 06:11:25.449 10947-10991/com.askey.firefly.zwave.control D/zgw: Sending first attempt
05-14 06:11:25.449 10947-10991/com.askey.firefly.zwave.control D/zgw: DeMangled src 7 dst 3:0
05-14 06:11:25.449 10947-10991/com.askey.firefly.zwave.control D/zgw: Packet from Z-wave side (nodeid: 7) to port:60907 IP addr: 
05-14 06:11:25.449 10947-10991/com.askey.firefly.zwave.control D/zgw: djnakata udp_send_wrap dtls ripaddr is 127.0.0.1 60397
05-14 06:11:25.449 10947-10997/com.askey.firefly.zwave.control I/ZWCONTROL: Receive frame from node:7, cmd:
05-14 06:11:25.449 10947-10997/com.askey.firefly.zwave.control I/ZWCONTROL: 86 14 9F 01 
05-14 06:11:25.450 10947-10997/com.askey.firefly.zwave.control I/ZWCONTROL: zwif_rep_hdlr, receives report from node:7, cmdclass: 86, cmd: 14
05-14 06:11:25.450 10947-10991/com.askey.firefly.zwave.control D/zgw: queue_send_done to node 7 queue 1
05-14 06:11:25.451 10947-10991/com.askey.firefly.zwave.control D/zgw: djnakata nodeId 7
05-14 06:11:25.451 10947-10991/com.askey.firefly.zwave.control D/zgw: djnakata124 udpconn.rport 60397, udpconn.lport 41230 uip_len is 63
05-14 06:11:25.451 10947-10991/com.askey.firefly.zwave.control D/zgw: zw.scheme: 255
05-14 06:11:25.451 10947-10991/com.askey.firefly.zwave.control D/zgw: Sending 3->7, class: 0x86, cmd: 0x13
05-14 06:11:25.451 10947-10991/com.askey.firefly.zwave.control I/zgw: Sending with scheme 255
05-14 06:11:25.499 10947-10991/com.askey.firefly.zwave.control D/zgw: unsolicited_senddata_callback status 0
05-14 06:11:25.499 10947-10991/com.askey.firefly.zwave.control D/zgw: djnakata udp_send_wrap dtls ripaddr is 127.0.0.1 60397
05-14 06:11:25.514 10947-10991/com.askey.firefly.zwave.control D/zgw: ApplicationCommandHandler 7->3 class 0x86 cmd 0x14 size 4
05-14 06:11:25.514 10947-10991/com.askey.firefly.zwave.control D/zgw: bridge_virtual_node_commandhandler Handled
05-14 06:11:25.515 10947-10991/com.askey.firefly.zwave.control D/zgw: Sending first attempt
05-14 06:11:25.515 10947-10991/com.askey.firefly.zwave.control D/zgw: DeMangled src 7 dst 3:0
05-14 06:11:25.515 10947-10991/com.askey.firefly.zwave.control D/zgw: Packet from Z-wave side (nodeid: 7) to port:60907 IP addr: 
05-14 06:11:25.515 10947-10991/com.askey.firefly.zwave.control D/zgw: djnakata udp_send_wrap dtls ripaddr is 127.0.0.1 60397
05-14 06:11:25.516 10947-10991/com.askey.firefly.zwave.control D/zgw: queue_send_done to node 7 queue 1
05-14 06:11:25.516 10947-10997/com.askey.firefly.zwave.control I/ZWCONTROL: Receive frame from node:7, cmd:
05-14 06:11:25.516 10947-10997/com.askey.firefly.zwave.control I/ZWCONTROL: 86 14 6C 01 
05-14 06:11:25.516 10947-10997/com.askey.firefly.zwave.control I/ZWCONTROL: zwif_rep_hdlr, receives report from node:7, cmdclass: 86, cmd: 14
05-14 06:11:25.517 10947-10991/com.askey.firefly.zwave.control D/zgw: djnakata nodeId 7
05-14 06:11:25.518 10947-10991/com.askey.firefly.zwave.control D/zgw: djnakata124 udpconn.rport 60397, udpconn.lport 41230 uip_len is 63
05-14 06:11:25.518 10947-10991/com.askey.firefly.zwave.control D/zgw: zw.scheme: 255
05-14 06:11:25.518 10947-10991/com.askey.firefly.zwave.control D/zgw: Sending 3->7, class: 0x86, cmd: 0x13
05-14 06:11:25.518 10947-10991/com.askey.firefly.zwave.control I/zgw: Sending with scheme 255
05-14 06:11:25.563 10947-10991/com.askey.firefly.zwave.control D/zgw: unsolicited_senddata_callback status 0
05-14 06:11:25.564 10947-10991/com.askey.firefly.zwave.control D/zgw: djnakata udp_send_wrap dtls ripaddr is 127.0.0.1 60397
05-14 06:11:25.579 10947-10991/com.askey.firefly.zwave.control D/zgw: ApplicationCommandHandler 7->3 class 0x86 cmd 0x14 size 4
05-14 06:11:25.579 10947-10991/com.askey.firefly.zwave.control D/zgw: bridge_virtual_node_commandhandler Handled
05-14 06:11:25.580 10947-10991/com.askey.firefly.zwave.control D/zgw: Sending first attempt
05-14 06:11:25.580 10947-10991/com.askey.firefly.zwave.control D/zgw: DeMangled src 7 dst 3:0
05-14 06:11:25.580 10947-10991/com.askey.firefly.zwave.control D/zgw: Packet from Z-wave side (nodeid: 7) to port:60907 IP addr: 
05-14 06:11:25.580 10947-10991/com.askey.firefly.zwave.control D/zgw: djnakata udp_send_wrap dtls ripaddr is 127.0.0.1 60397
05-14 06:11:25.581 10947-10997/com.askey.firefly.zwave.control I/ZWCONTROL: Receive frame from node:7, cmd:
05-14 06:11:25.581 10947-10997/com.askey.firefly.zwave.control I/ZWCONTROL: 86 14 5B 03 
05-14 06:11:25.581 10947-10997/com.askey.firefly.zwave.control I/ZWCONTROL: zwif_rep_hdlr, receives report from node:7, cmdclass: 86, cmd: 14
05-14 06:11:25.581 10947-10991/com.askey.firefly.zwave.control D/zgw: queue_send_done to node 7 queue 1
05-14 06:11:25.583 10947-10991/com.askey.firefly.zwave.control D/zgw: djnakata nodeId 7
05-14 06:11:25.583 10947-10991/com.askey.firefly.zwave.control D/zgw: djnakata124 udpconn.rport 60397, udpconn.lport 41230 uip_len is 63
05-14 06:11:25.583 10947-10991/com.askey.firefly.zwave.control D/zgw: zw.scheme: 255
05-14 06:11:25.583 10947-10991/com.askey.firefly.zwave.control D/zgw: Sending 3->7, class: 0x86, cmd: 0x13
05-14 06:11:25.583 10947-10991/com.askey.firefly.zwave.control I/zgw: Sending with scheme 255
05-14 06:11:25.628 10947-10991/com.askey.firefly.zwave.control D/zgw: unsolicited_senddata_callback status 0
05-14 06:11:25.628 10947-10991/com.askey.firefly.zwave.control D/zgw: djnakata udp_send_wrap dtls ripaddr is 127.0.0.1 60397
05-14 06:11:25.643 10947-10991/com.askey.firefly.zwave.control D/zgw: ApplicationCommandHandler 7->3 class 0x86 cmd 0x14 size 4
05-14 06:11:25.643 10947-10991/com.askey.firefly.zwave.control D/zgw: bridge_virtual_node_commandhandler Handled
05-14 06:11:25.645 10947-10991/com.askey.firefly.zwave.control D/zgw: Sending first attempt
05-14 06:11:25.645 10947-10991/com.askey.firefly.zwave.control D/zgw: DeMangled src 7 dst 3:0
05-14 06:11:25.645 10947-10991/com.askey.firefly.zwave.control D/zgw: Packet from Z-wave side (nodeid: 7) to port:60907 IP addr: 
05-14 06:11:25.645 10947-10991/com.askey.firefly.zwave.control D/zgw: djnakata udp_send_wrap dtls ripaddr is 127.0.0.1 60397
05-14 06:11:25.646 10947-10991/com.askey.firefly.zwave.control D/zgw: queue_send_done to node 7 queue 1
05-14 06:11:25.646 10947-10997/com.askey.firefly.zwave.control I/ZWCONTROL: Receive frame from node:7, cmd:
