05-14 06:11:30.597 10947-10991/com.askey.firefly.zwave.control D/zgw: Sending first attempt
05-14 06:11:30.598 10947-10991/com.askey.firefly.zwave.control D/zgw: DeMangled src 7 dst 3:0
05-14 06:11:30.598 10947-10991/com.askey.firefly.zwave.control D/zgw: Packet from Z-wave side (nodeid: 7) to port:60907 IP addr: 
05-14 06:11:30.598 10947-10991/com.askey.firefly.zwave.control D/zgw: djnakata udp_send_wrap dtls ripaddr is 127.0.0.1 60397
05-14 06:11:30.598 10947-10991/com.askey.firefly.zwave.control D/zgw: queue_send_done to node 7 queue 1
05-14 06:11:30.599 10947-10997/com.askey.firefly.zwave.control I/ZWCONTROL: Receive frame from node:7, cmd:
05-14 06:11:30.599 10947-10997/com.askey.firefly.zwave.control I/ZWCONTROL: 59 02 09 09 42 75 74 74 6F 6E 
05-14 06:11:30.599 10947-10997/com.askey.firefly.zwave.control I/ZWCONTROL: 20 53 36 
05-14 06:11:30.599 10947-10997/com.askey.firefly.zwave.control I/ZWCONTROL: zwif_rep_hdlr, receives report from node:7, cmdclass: 59, cmd: 02
05-14 06:11:30.600 10947-10991/com.askey.firefly.zwave.control D/zgw: djnakata nodeId 7
05-14 06:11:30.600 10947-10991/com.askey.firefly.zwave.control D/zgw: djnakata124 udpconn.rport 60397, udpconn.lport 41230 uip_len is 64
05-14 06:11:30.600 10947-10991/com.askey.firefly.zwave.control D/zgw: zw.scheme: 255
05-14 06:11:30.600 10947-10991/com.askey.firefly.zwave.control D/zgw: Sending 3->7, class: 0x59, cmd: 0x3
05-14 06:11:30.600 10947-10991/com.askey.firefly.zwave.control I/zgw: Sending with scheme 255
05-14 06:11:30.646 10947-10991/com.askey.firefly.zwave.control D/zgw: unsolicited_senddata_callback status 0
05-14 06:11:30.646 10947-10991/com.askey.firefly.zwave.control D/zgw: djnakata udp_send_wrap dtls ripaddr is 127.0.0.1 60397
05-14 06:11:30.664 10947-10991/com.askey.firefly.zwave.control D/zgw: ApplicationCommandHandler 7->3 class 0x59 cmd 0x04 size 10
05-14 06:11:30.664 10947-10991/com.askey.firefly.zwave.control D/zgw: bridge_virtual_node_commandhandler Handled
05-14 06:11:30.665 10947-10991/com.askey.firefly.zwave.control D/zgw: Sending first attempt
05-14 06:11:30.665 10947-10991/com.askey.firefly.zwave.control D/zgw: DeMangled src 7 dst 3:0
05-14 06:11:30.665 10947-10991/com.askey.firefly.zwave.control D/zgw: Packet from Z-wave side (nodeid: 7) to port:60907 IP addr: 
05-14 06:11:30.665 10947-10991/com.askey.firefly.zwave.control D/zgw: djnakata udp_send_wrap dtls ripaddr is 127.0.0.1 60397
05-14 06:11:30.666 10947-10991/com.askey.firefly.zwave.control D/zgw: queue_send_done to node 7 queue 1
05-14 06:11:30.666 10947-10997/com.askey.firefly.zwave.control I/ZWCONTROL: Receive frame from node:7, cmd:
05-14 06:11:30.666 10947-10997/com.askey.firefly.zwave.control I/ZWCONTROL: 59 04 81 01 00 00 01 00 00 00 
05-14 06:11:30.666 10947-10997/com.askey.firefly.zwave.control I/ZWCONTROL: zwif_rep_hdlr, receives report from node:7, cmdclass: 59, cmd: 04
05-14 06:11:30.697 10947-10991/com.askey.firefly.zwave.control D/zgw: ApplicationCommandHandler 7->3 class 0x59 cmd 0x04 size 10
05-14 06:11:30.697 10947-10991/com.askey.firefly.zwave.control D/zgw: bridge_virtual_node_commandhandler Handled
05-14 06:11:30.698 10947-10991/com.askey.firefly.zwave.control D/zgw: Sending first attempt
05-14 06:11:30.699 10947-10991/com.askey.firefly.zwave.control D/zgw: DeMangled src 7 dst 3:0
05-14 06:11:30.699 10947-10991/com.askey.firefly.zwave.control D/zgw: Packet from Z-wave side (nodeid: 7) to port:60907 IP addr: 
05-14 06:11:30.699 10947-10991/com.askey.firefly.zwave.control D/zgw: djnakata udp_send_wrap dtls ripaddr is 127.0.0.1 60397
05-14 06:11:30.699 10947-10991/com.askey.firefly.zwave.control D/zgw: queue_send_done to node 7 queue 1
05-14 06:11:30.699 10947-10997/com.askey.firefly.zwave.control I/ZWCONTROL: Receive frame from node:7, cmd:
05-14 06:11:30.699 10947-10997/com.askey.firefly.zwave.control I/ZWCONTROL: 59 04 81 02 00 20 01 00 00 00 
05-14 06:11:30.699 10947-10997/com.askey.firefly.zwave.control I/ZWCONTROL: zwif_rep_hdlr, receives report from node:7, cmdclass: 59, cmd: 04
05-14 06:11:30.731 10947-10991/com.askey.firefly.zwave.control D/zgw: ApplicationCommandHandler 7->3 class 0x59 cmd 0x04 size 10
05-14 06:11:30.731 10947-10991/com.askey.firefly.zwave.control D/zgw: bridge_virtual_node_commandhandler Handled
05-14 06:11:30.733 10947-10991/com.askey.firefly.zwave.control D/zgw: Sending first attempt
05-14 06:11:30.733 10947-10991/com.askey.firefly.zwave.control D/zgw: DeMangled src 7 dst 3:0
05-14 06:11:30.733 10947-10991/com.askey.firefly.zwave.control D/zgw: Packet from Z-wave side (nodeid: 7) to port:60907 IP addr: 
05-14 06:11:30.733 10947-10991/com.askey.firefly.zwave.control D/zgw: djnakata udp_send_wrap dtls ripaddr is 127.0.0.1 60397
05-14 06:11:30.734 10947-10997/com.askey.firefly.zwave.control I/ZWCONTROL: Receive frame from node:7, cmd:
05-14 06:11:30.734 10947-10997/com.askey.firefly.zwave.control I/ZWCONTROL: 59 04 81 03 00 20 01 00 00 00 
05-14 06:11:30.734 10947-10997/com.askey.firefly.zwave.control I/ZWCONTROL: zwif_rep_hdlr, receives report from node:7, cmdclass: 59, cmd: 04
05-14 06:11:30.734 10947-10991/com.askey.firefly.zwave.control D/zgw: queue_send_done to node 7 queue 1
05-14 06:11:30.766 10947-10991/com.askey.firefly.zwave.control D/zgw: ApplicationCommandHandler 7->3 class 0x59 cmd 0x04 size 10
05-14 06:11:30.766 10947-10991/com.askey.firefly.zwave.control D/zgw: bridge_virtual_node_commandhandler Handled
05-14 06:11:30.767 10947-10991/com.askey.firefly.zwave.control D/zgw: Sending first attempt
05-14 06:11:30.767 10947-10991/com.askey.firefly.zwave.control D/zgw: DeMangled src 7 dst 3:0
05-14 06:11:30.767 10947-10991/com.askey.firefly.zwave.control D/zgw: Packet from Z-wave side (nodeid: 7) to port:60907 IP addr: 
05-14 06:11:30.767 10947-10991/com.askey.firefly.zwave.control D/zgw: djnakata udp_send_wrap dtls ripaddr is 127.0.0.1 60397
05-14 06:11:30.768 10947-10997/com.askey.firefly.zwave.control I/ZWCONTROL: Receive frame from node:7, cmd:
05-14 06:11:30.768 10947-10997/com.askey.firefly.zwave.control I/ZWCONTROL: 59 04 81 04 00 20 02 00 00 00 
05-14 06:11:30.768 10947-10997/com.askey.firefly.zwave.control I/ZWCONTROL: zwif_rep_hdlr, receives report from node:7, cmdclass: 59, cmd: 04
05-14 06:11:30.769 10947-10991/com.askey.firefly.zwave.control D/zgw: queue_send_done to node 7 queue 1
05-14 06:11:30.801 10947-10991/com.askey.firefly.zwave.control D/zgw: ApplicationCommandHandler 7->3 class 0x59 cmd 0x04 size 10
05-14 06:11:30.801 10947-10991/com.askey.firefly.zwave.control D/zgw: bridge_virtual_node_commandhandler Handled
05-14 06:11:30.803 10947-10991/com.askey.firefly.zwave.control D/zgw: Sending first attempt
05-14 06:11:30.803 10947-10991/com.askey.firefly.zwave.control D/zgw: DeMangled src 7 dst 3:0
05-14 06:11:30.803 10947-10991/com.askey.firefly.zwave.control D/zgw: Packet from Z-wave side (nodeid: 7) to port:60907 IP addr: 
05-14 06:11:30.803 10947-10991/com.askey.firefly.zwave.control D/zgw: djnakata udp_send_wrap dtls ripaddr is 127.0.0.1 60397
05-14 06:11:30.804 10947-10997/com.askey.firefly.zwave.control I/ZWCONTROL: Receive frame from node:7, cmd:
05-14 06:11:30.804 10947-10997/com.askey.firefly.zwave.control I/ZWCONTROL: 59 04 81 05 00 20 02 00 00 00 
05-14 06:11:30.804 10947-10991/com.askey.firefly.zwave.control D/zgw: queue_send_done to node 7 queue 1
05-14 06:11:30.804 10947-10997/com.askey.firefly.zwave.control I/ZWCONTROL: zwif_rep_hdlr, receives report from node:7, cmdclass: 59, cmd: 04
05-14 06:11:30.837 10947-10991/com.askey.firefly.zwave.control D/zgw: ApplicationCommandHandler 7->3 class 0x59 cmd 0x04 size 10
05-14 06:11:30.837 10947-10991/com.askey.firefly.zwave.control D/zgw: bridge_virtual_node_commandhandler Handled
05-14 06:11:30.838 10947-10991/com.askey.firefly.zwave.control D/zgw: Sending first attempt
05-14 06:11:30.838 10947-10991/com.askey.firefly.zwave.control D/zgw: DeMangled src 7 dst 3:0
05-14 06:11:30.838 10947-10991/com.askey.firefly.zwave.control D/zgw: Packet from Z-wave side (nodeid: 7) to port:60907 IP addr: 
05-14 06:11:30.838 10947-10991/com.askey.firefly.zwave.control D/zgw: djnakata udp_send_wrap dtls ripaddr is 127.0.0.1 60397
05-14 06:11:30.839 10947-10997/com.askey.firefly.zwave.control I/ZWCONTROL: Receive frame from node:7, cmd:
05-14 06:11:30.839 10947-10991/com.askey.firefly.zwave.control D/zgw: queue_send_done to node 7 queue 1
05-14 06:11:30.839 10947-10997/com.askey.firefly.zwave.control I/ZWCONTROL: 59 04 81 06 00 20 03 00 00 00 
05-14 06:11:30.839 10947-10997/com.askey.firefly.zwave.control I/ZWCONTROL: zwif_rep_hdlr, receives report from node:7, cmdclass: 59, cmd: 04
05-14 06:11:30.871 10947-10991/com.askey.firefly.zwave.control D/zgw: ApplicationCommandHandler 7->3 class 0x59 cmd 0x04 size 10
05-14 06:11:30.871 10947-10991/com.askey.firefly.zwave.control D/zgw: bridge_virtual_node_commandhandler Handled
05-14 06:11:30.872 10947-10991/com.askey.firefly.zwave.control D/zgw: Sending first attempt
05-14 06:11:30.872 10947-10991/com.askey.firefly.zwave.control D/zgw: DeMangled src 7 dst 3:0
05-14 06:11:30.872 10947-10991/com.askey.firefly.zwave.control D/zgw: Packet from Z-wave side (nodeid: 7) to port:60907 IP addr: 
05-14 06:11:30.872 10947-10991/com.askey.firefly.zwave.control D/zgw: djnakata udp_send_wrap dtls ripaddr is 127.0.0.1 60397
05-14 06:11:30.873 10947-10997/com.askey.firefly.zwave.control I/ZWCONTROL: Receive frame from node:7, cmd:
05-14 06:11:30.873 10947-10997/com.askey.firefly.zwave.control I/ZWCONTROL: 59 04 81 07 00 20 03 00 00 00 
05-14 06:11:30.873 10947-10997/com.askey.firefly.zwave.control I/ZWCONTROL: zwif_rep_hdlr, receives report from node:7, cmdclass: 59, cmd: 04
05-14 06:11:30.874 10947-10991/com.askey.firefly.zwave.control D/zgw: queue_send_done to node 7 queue 1
05-14 06:11:30.907 10947-10991/com.askey.firefly.zwave.control D/zgw: ApplicationCommandHandler 7->3 class 0x59 cmd 0x04 size 10
05-14 06:11:30.907 10947-10991/com.askey.firefly.zwave.control D/zgw: bridge_virtual_node_commandhandler Handled
05-14 06:11:30.908 10947-10991/com.askey.firefly.zwave.control D/zgw: Sending first attempt
05-14 06:11:30.908 10947-10991/com.askey.firefly.zwave.control D/zgw: DeMangled src 7 dst 3:0
05-14 06:11:30.908 10947-10991/com.askey.firefly.zwave.control D/zgw: Packet from Z-wave side (nodeid: 7) to port:60907 IP addr: 
05-14 06:11:30.908 10947-10991/com.askey.firefly.zwave.control D/zgw: djnakata udp_send_wrap dtls ripaddr is 127.0.0.1 60397
05-14 06:11:30.909 10947-10997/com.askey.firefly.zwave.control I/ZWCONTROL: Receive frame from node:7, cmd:
05-14 06:11:30.909 10947-10991/com.askey.firefly.zwave.control D/zgw: queue_send_done to node 7 queue 1
05-14 06:11:30.909 10947-10997/com.askey.firefly.zwave.control I/ZWCONTROL: 59 04 81 08 00 20 04 00 00 00 
05-14 06:11:30.909 10947-10997/com.askey.firefly.zwave.control I/ZWCONTROL: zwif_rep_hdlr, receives report from node:7, cmdclass: 59, cmd: 04
05-14 06:11:30.941 10947-10991/com.askey.firefly.zwave.control D/zgw: ApplicationCommandHandler 7->3 class 0x59 cmd 0x04 size 10
05-14 06:11:30.941 10947-10991/com.askey.firefly.zwave.control D/zgw: bridge_virtual_node_commandhandler Handled
05-14 06:11:30.943 10947-10991/com.askey.firefly.zwave.control D/zgw: Sending first attempt
05-14 06:11:30.943 10947-10991/com.askey.firefly.zwave.control D/zgw: DeMangled src 7 dst 3:0
05-14 06:11:30.943 10947-10991/com.askey.firefly.zwave.control D/zgw: Packet from Z-wave side (nodeid: 7) to port:60907 IP addr: 
05-14 06:11:30.943 10947-10991/com.askey.firefly.zwave.control D/zgw: djnakata udp_send_wrap dtls ripaddr is 127.0.0.1 60397
05-14 06:11:30.944 10947-10997/com.askey.firefly.zwave.control I/ZWCONTROL: Receive frame from node:7, cmd:
05-14 06:11:30.944 10947-10997/com.askey.firefly.zwave.control I/ZWCONTROL: 59 04 81 09 00 20 04 00 00 00 
05-14 06:11:30.944 10947-10991/com.askey.firefly.zwave.control D/zgw: queue_send_done to node 7 queue 1
05-14 06:11:30.944 10947-10997/com.askey.firefly.zwave.control I/ZWCONTROL: zwif_rep_hdlr, receives report from node:7, cmdclass: 59, cmd: 04
05-14 06:11:30.944 10947-11002/com.askey.firefly.zwave.control I/ZWCONTROL: hl_nw_notify_cb op:2, status:257
05-14 06:11:30.944 10947-11002/com.askey.firefly.zwave.control I/ZWCONTROL: hl_nw_notify_cb op:2, get node info 1/1 completed
05-14 06:11:30.946 10947-11002/com.askey.firefly.zwave.control I/WelcomeActivity: class name = [addDevice]| result = {
                                                                                  	"MessageType":	"Node Add Status"
                                                                                  }
05-14 06:11:30.946 10947-11002/com.askey.firefly.zwave.control I/ZWCONTROL: hl_nw_notify_cb op:2, status:0
05-14 06:11:30.949 10947-11002/com.askey.firefly.zwave.control I/WelcomeActivity: class name = [addDevice]| result = {
                                                                                  	"MessageType":	"Node Add Status",
                                                                                  	"NewAdded":	"No",
                                                                                  	"Status":	"Success"
                                                                                  }
05-14 06:11:30.949 10947-11002/com.askey.firefly.zwave.control I/ZwaveControlService: =======Node Add Status=Success=
05-14 06:11:30.949 10947-11002/com.askey.firefly.zwave.control D/ZWCONTROL: zwcontrol_save_nodeinfo started
05-14 06:11:30.951 10947-11002/com.askey.firefly.zwave.control D/ZWCONTROL: save nodeinfo successfully
05-14 06:11:30.951 10947-11002/com.askey.firefly.zwave.control I/ZWCONTROL: __________________________________________________________________________
05-14 06:11:30.951 10947-11002/com.askey.firefly.zwave.control I/ZWCONTROL: Node id:1[1], Home id:FD059E97
05-14 06:11:30.951 10947-11002/com.askey.firefly.zwave.control I/ZWCONTROL: Node security inclusion status:[S2]
05-14 06:11:30.951 10947-11002/com.askey.firefly.zwave.control I/ZWCONTROL: Vendor id:0000
05-14 06:11:30.951 10947-11002/com.askey.firefly.zwave.control I/ZWCONTROL: Product type id:0003
05-14 06:11:30.951 10947-11002/com.askey.firefly.zwave.control I/ZWCONTROL: Product id:0008
05-14 06:11:30.951 10947-11002/com.askey.firefly.zwave.control I/ZWCONTROL: Z-wave library type:7
05-14 06:11:30.951 10947-11002/com.askey.firefly.zwave.control I/ZWCONTROL: Z-wave protocol version:6.02
05-14 06:11:30.951 10947-11002/com.askey.firefly.zwave.control I/ZWCONTROL: Application version:6.01
05-14 06:11:30.951 10947-11002/com.askey.firefly.zwave.control I/ZWCONTROL: Hardware version:1
05-14 06:11:30.951 10947-11002/com.askey.firefly.zwave.control I/ZWCONTROL: Firmware 1 version:2.81
05-14 06:11:30.951 10947-11002/com.askey.firefly.zwave.control I/ZWCONTROL: Firmware 2 version:1.00
05-14 06:11:30.951 10947-11002/com.askey.firefly.zwave.control I/ZWCONTROL: Firmware 3 version:1.00
05-14 06:11:30.951 10947-11002/com.askey.firefly.zwave.control I/ZWCONTROL: Device serial number:h'00 1E 32 17 7C E0 
05-14 06:11:30.951 10947-11002/com.askey.firefly.zwave.control I/ZWCONTROL: Endpoint id:0[2]
05-14 06:11:30.951 10947-11002/com.askey.firefly.zwave.control I/ZWCONTROL: Device class: generic:02, specific:07
05-14 06:11:30.951 10947-11002/com.askey.firefly.zwave.control I/ZWCONTROL: __________________________________________________________________________
05-14 06:11:30.951 10947-11002/com.askey.firefly.zwave.control I/ZWCONTROL: Node id:7[202], Home id:FD059E97
05-14 06:11:30.951 10947-11002/com.askey.firefly.zwave.control I/ZWCONTROL: Node security inclusion status:Normal
05-14 06:11:30.951 10947-11002/com.askey.firefly.zwave.control I/ZWCONTROL: Vendor id:0000
05-14 06:11:30.951 10947-11002/com.askey.firefly.zwave.control I/ZWCONTROL: Product type id:0003
05-14 06:11:30.951 10947-11002/com.askey.firefly.zwave.control I/ZWCONTROL: Product id:000C
05-14 06:11:30.951 10947-11002/com.askey.firefly.zwave.control I/ZWCONTROL: Z-wave library type:3
05-14 06:11:30.951 10947-11002/com.askey.firefly.zwave.control I/ZWCONTROL: Z-wave protocol version:6.01
05-14 06:11:30.951 10947-11002/com.askey.firefly.zwave.control I/ZWCONTROL: Application version:4.01
05-14 06:11:30.951 10947-11002/com.askey.firefly.zwave.control I/ZWCONTROL: Hardware version:255
05-14 06:11:30.951 10947-11002/com.askey.firefly.zwave.control I/ZWCONTROL: Device id unknown type:h'FF FF FF FF FF FF FF FF 
05-14 06:11:30.951 10947-11002/com.askey.firefly.zwave.control I/ZWCONTROL: Endpoint id:0[203]
05-14 06:11:30.951 10947-11002/com.askey.firefly.zwave.control I/ZWCONTROL: Device class: generic:18, specific:01
05-14 06:11:30.951 10947-11002/com.askey.firefly.zwave.control I/ZWCONTROL: ZWave+ version:1
05-14 06:11:30.951 10947-11002/com.askey.firefly.zwave.control I/ZWCONTROL: ZWave+ node type:Z-Wave+ node
05-14 06:11:30.951 10947-11002/com.askey.firefly.zwave.control I/ZWCONTROL: ZWave+ role type:Always On Slave
05-14 06:11:30.951 10947-11002/com.askey.firefly.zwave.control I/ZWCONTROL: ZWave+ installer icon:1600h
05-14 06:11:30.951 10947-11002/com.askey.firefly.zwave.control I/ZWCONTROL: ZWave+ user icon:1600h
05-14 06:11:30.951 10947-11002/com.askey.firefly.zwave.control I/ZWCONTROL:               Interface: 20v2:COMMAND_CLASS_BASIC [204] ^ 
05-14 06:11:30.951 10947-11002/com.askey.firefly.zwave.control I/ZWCONTROL:               Interface: 5Ev2:COMMAND_CLASS_ZWAVEPLUS_INFO [205] ^ 
05-14 06:11:30.951 10947-11002/com.askey.firefly.zwave.control I/ZWCONTROL:               Interface: 85v2:COMMAND_CLASS_ASSOCIATION [206] ^ 
05-14 06:11:30.951 10947-11002/com.askey.firefly.zwave.control I/ZWCONTROL:               Interface: 5Cv1:COMMAND_CLASS_IP_ASSOCIATION [207] ^ 
05-14 06:11:30.951 10947-11002/com.askey.firefly.zwave.control I/ZWCONTROL:               Interface: 59v1:COMMAND_CLASS_ASSOCIATION_GRP_INFO [208] ^ 
05-14 06:11:30.951 10947-11002/com.askey.firefly.zwave.control I/ZWCONTROL:                         Group info type:static
05-14 06:11:30.952 10947-11002/com.askey.firefly.zwave.control I/ZWCONTROL:                         Maximum supported groups:9
05-14 06:11:30.952 10947-11002/com.askey.firefly.zwave.control I/ZWCONTROL:                         Valid groups:9
05-14 06:11:30.952 10947-11002/com.askey.firefly.zwave.control I/ZWCONTROL:                         --------------------------------------------
05-14 06:11:30.952 10947-11002/com.askey.firefly.zwave.control I/ZWCONTROL:                         Group id:1, profile:0001h, event code:0000h,
05-14 06:11:30.952 10947-11002/com.askey.firefly.zwave.control I/ZWCONTROL:                         name:Lifeline, command list:
05-14 06:11:30.952 10947-11002/com.askey.firefly.zwave.control I/ZWCONTROL:                         command class:005bh(COMMAND_CLASS_CENTRAL_SCENE), command:03h
05-14 06:11:30.952 10947-11002/com.askey.firefly.zwave.control I/ZWCONTROL:                         command class:005ah(COMMAND_CLASS_DEVICE_RESET_LOCALLY), command:01h
05-14 06:11:30.952 10947-11002/com.askey.firefly.zwave.control I/ZWCONTROL:                         --------------------------------------------
05-14 06:11:30.952 10947-11002/com.askey.firefly.zwave.control I/ZWCONTROL:                         Group id:2, profile:2001h, event code:0000h,
05-14 06:11:30.952 10947-11002/com.askey.firefly.zwave.control I/ZWCONTROL:                         name:Button S2, command list:
05-14 06:11:30.952 10947-11002/com.askey.firefly.zwave.control I/ZWCONTROL:                         command class:0020h(COMMAND_CLASS_BASIC), command:01h
05-14 06:11:30.952 10947-11002/com.askey.firefly.zwave.control I/ZWCONTROL:                         --------------------------------------------
05-14 06:11:30.952 10947-11002/com.askey.firefly.zwave.control I/ZWCONTROL:                         Group id:3, profile:2001h, event code:0000h,
05-14 06:11:30.952 10947-11002/com.askey.firefly.zwave.control I/ZWCONTROL:                         name:Button S2, command list:
05-14 06:11:30.952 10947-11002/com.askey.firefly.zwave.control I/ZWCONTROL:                         command class:0026h(COMMAND_CLASS_SWITCH_MULTILEVEL), command:01h
05-14 06:11:30.952 10947-11002/com.askey.firefly.zwave.control I/ZWCONTROL:                         --------------------------------------------
05-14 06:11:30.952 10947-11002/com.askey.firefly.zwave.control I/ZWCONTROL:                         Group id:4, profile:2002h, event code:0000h,
05-14 06:11:30.952 10947-11002/com.askey.firefly.zwave.control I/ZWCONTROL:                         name:NOT USED, command list:
05-14 06:11:30.952 10947-11002/com.askey.firefly.zwave.control I/ZWCONTROL:                         command class:0020h(COMMAND_CLASS_BASIC), command:01h
05-14 06:11:30.952 10947-11002/com.askey.firefly.zwave.control I/ZWCONTROL:                         --------------------------------------------
05-14 06:11:30.952 10947-11002/com.askey.firefly.zwave.control I/ZWCONTROL:                         Group id:5, profile:2002h, event code:0000h,
05-14 06:11:30.952 10947-11002/com.askey.firefly.zwave.control I/ZWCONTROL:                         name:NOT USED, command list:
05-14 06:11:30.952 10947-11002/com.askey.firefly.zwave.control I/ZWCONTROL:                         command class:0026h(COMMAND_CLASS_SWITCH_MULTILEVEL), command:01h
05-14 06:11:30.952 10947-11002/com.askey.firefly.zwave.control I/ZWCONTROL:                         --------------------------------------------
05-14 06:11:30.952 10947-11002/com.askey.firefly.zwave.control I/ZWCONTROL:                         Group id:6, profile:2003h, event code:0000h,
05-14 06:11:30.952 10947-11002/com.askey.firefly.zwave.control I/ZWCONTROL:                         name:Button S4, command list:
05-14 06:11:30.952 10947-11002/com.askey.firefly.zwave.control I/ZWCONTROL:                         command class:0020h(COMMAND_CLASS_BASIC), command:01h
05-14 06:11:30.952 10947-11002/com.askey.firefly.zwave.control I/ZWCONTROL:                         --------------------------------------------
05-14 06:11:30.952 10947-11002/com.askey.firefly.zwave.control I/ZWCONTROL:                         Group id:7, profile:2003h, event code:0000h,
05-14 06:11:30.952 10947-11002/com.askey.firefly.zwave.control I/ZWCONTROL:                         name:Button S4, command list:
05-14 06:11:30.952 10947-11002/com.askey.firefly.zwave.control I/ZWCONTROL:                         command class:0026h(COMMAND_CLASS_SWITCH_MULTILEVEL), command:01h
05-14 06:11:30.952 10947-11002/com.askey.firefly.zwave.control I/ZWCONTROL:                         --------------------------------------------
05-14 06:11:30.952 10947-11002/com.askey.firefly.zwave.control I/ZWCONTROL:                         Group id:8, profile:2004h, event code:0000h,
05-14 06:11:30.952 10947-11002/com.askey.firefly.zwave.control I/ZWCONTROL:                         name:Button S6, command list:
05-14 06:11:30.952 10947-11002/com.askey.firefly.zwave.control I/ZWCONTROL:                         command class:0020h(COMMAND_CLASS_BASIC), command:01h
05-14 06:11:30.952 10947-11002/com.askey.firefly.zwave.control I/ZWCONTROL:                         --------------------------------------------
05-14 06:11:30.952 10947-11002/com.askey.firefly.zwave.control I/ZWCONTROL:                         Group id:9, profile:2004h, event code:0000h,
05-14 06:11:30.952 10947-11002/com.askey.firefly.zwave.control I/ZWCONTROL:                         name:Button S6, command list:
05-14 06:11:30.952 10947-11002/com.askey.firefly.zwave.control I/ZWCONTROL:                         command class:0026h(COMMAND_CLASS_SWITCH_MULTILEVEL), command:01h
05-14 06:11:30.952 10947-11002/com.askey.firefly.zwave.control I/ZWCONTROL:               Interface: 8Ev3:COMMAND_CLASS_MULTI_CHANNEL_ASSOCIATION [209] ^ 
05-14 06:11:30.952 10947-11002/com.askey.firefly.zwave.control I/ZWCONTROL:               Interface: 60v4:COMMAND_CLASS_MULTI_CHANNEL [210] ^ 
05-14 06:11:30.952 10947-11002/com.askey.firefly.zwave.control I/ZWCONTROL:               Interface: 55v2:COMMAND_CLASS_TRANSPORT_SERVICE [211] ^ 
05-14 06:11:30.952 10947-11002/com.askey.firefly.zwave.control I/ZWCONTROL:               Interface: 86v3:COMMAND_CLASS_VERSION [212] ^ 
05-14 06:11:30.952 10947-11002/com.askey.firefly.zwave.control I/ZWCONTROL:               Interface: 72v2:COMMAND_CLASS_MANUFACTURER_SPECIFIC [213] ^ 
05-14 06:11:30.952 10947-11002/com.askey.firefly.zwave.control I/ZWCONTROL:               Interface: 5Av1:COMMAND_CLASS_DEVICE_RESET_LOCALLY [214] ^ 
05-14 06:11:30.952 10947-11002/com.askey.firefly.zwave.control I/ZWCONTROL:               Interface: 73v1:COMMAND_CLASS_POWERLEVEL [215] ^ 
05-14 06:11:30.952 10947-11002/com.askey.firefly.zwave.control I/ZWCONTROL:               Interface: 98v1:COMMAND_CLASS_SECURITY [216] ^ 
05-14 06:11:30.952 10947-11002/com.askey.firefly.zwave.control I/ZWCONTROL:               Interface: 9Fv1:COMMAND_CLASS_SECURITY_2 [217] ^ 
05-14 06:11:30.952 10947-11002/com.askey.firefly.zwave.control I/ZWCONTROL:               Interface: 6Cv1:COMMAND_CLASS_SUPERVISION [218] ^ 
05-14 06:11:30.952 10947-11002/com.askey.firefly.zwave.control I/ZWCONTROL:               Interface: 5Bv3:COMMAND_CLASS_CENTRAL_SCENE [219] ^ 
05-14 06:11:30.952 10947-11002/com.askey.firefly.zwave.control I/ZWCONTROL:               Interface: 7Av4:COMMAND_CLASS_FIRMWARE_UPDATE_MD [220] ^ 
05-14 06:11:30.952 10947-11002/com.askey.firefly.zwave.control I/ZWCONTROL:               Interface: 68v1:COMMAND_CLASS_ZIP_NAMING [221] ^ 
05-14 06:11:30.952 10947-11002/com.askey.firefly.zwave.control I/ZWCONTROL:               Interface: 23v3:COMMAND_CLASS_ZIP [222] ^ 
05-14 06:11:30.953 10947-11002/com.askey.firefly.zwave.control I/ZWCONTROL: Endpoint id:1[223]
05-14 06:11:30.953 10947-11002/com.askey.firefly.zwave.control I/ZWCONTROL: Device class: generic:18, specific:01
05-14 06:11:30.953 10947-11002/com.askey.firefly.zwave.control I/ZWCONTROL: ZWave+ version:1
05-14 06:11:30.953 10947-11002/com.askey.firefly.zwave.control I/ZWCONTROL: ZWave+ node type:Z-Wave+ node
05-14 06:11:30.953 10947-11002/com.askey.firefly.zwave.control I/ZWCONTROL: ZWave+ role type:Always On Slave
05-14 06:11:30.953 10947-11002/com.askey.firefly.zwave.control I/ZWCONTROL: ZWave+ installer icon:1600h
05-14 06:11:30.953 10947-11002/com.askey.firefly.zwave.control I/ZWCONTROL: ZWave+ user icon:1600h
05-14 06:11:30.953 10947-11002/com.askey.firefly.zwave.control I/ZWCONTROL:               Interface: 20v2:COMMAND_CLASS_BASIC [224] ^ 
05-14 06:11:30.953 10947-11002/com.askey.firefly.zwave.control I/ZWCONTROL:               Interface: 5Ev2:COMMAND_CLASS_ZWAVEPLUS_INFO [225] ^ 
05-14 06:11:30.953 10947-11002/com.askey.firefly.zwave.control I/ZWCONTROL:               Interface: 85v2:COMMAND_CLASS_ASSOCIATION [226] ^ 
05-14 06:11:30.953 10947-11002/com.askey.firefly.zwave.control I/ZWCONTROL:               Interface: 59v1:COMMAND_CLASS_ASSOCIATION_GRP_INFO [227] ^ 
05-14 06:11:30.953 10947-11002/com.askey.firefly.zwave.control I/ZWCONTROL:                         Group info type:static
05-14 06:11:30.953 10947-11002/com.askey.firefly.zwave.control I/ZWCONTROL:                         Maximum supported groups:3
05-14 06:11:30.953 10947-11002/com.askey.firefly.zwave.control I/ZWCONTROL:                         Valid groups:3
05-14 06:11:30.953 10947-11002/com.askey.firefly.zwave.control I/ZWCONTROL:                         --------------------------------------------
05-14 06:11:30.953 10947-11002/com.askey.firefly.zwave.control I/ZWCONTROL:                         Group id:1, profile:0001h, event code:0000h,
05-14 06:11:30.953 10947-11002/com.askey.firefly.zwave.control I/ZWCONTROL:                         name:EP1 switch, command list:
05-14 06:11:30.953 10947-11002/com.askey.firefly.zwave.control I/ZWCONTROL:                         command class:005bh(COMMAND_CLASS_CENTRAL_SCENE), command:03h
05-14 06:11:30.953 10947-11002/com.askey.firefly.zwave.control I/ZWCONTROL:                         --------------------------------------------
05-14 06:11:30.953 10947-11002/com.askey.firefly.zwave.control I/ZWCONTROL:                         Group id:2, profile:2001h, event code:0000h,
05-14 06:11:30.953 10947-11002/com.askey.firefly.zwave.control I/ZWCONTROL:                         name:Button S2, command list:
05-14 06:11:30.953 10947-11002/com.askey.firefly.zwave.control I/ZWCONTROL:                         command class:0020h(COMMAND_CLASS_BASIC), command:01h
05-14 06:11:30.953 10947-11002/com.askey.firefly.zwave.control I/ZWCONTROL:                         --------------------------------------------
05-14 06:11:30.953 10947-11002/com.askey.firefly.zwave.control I/ZWCONTROL:                         Group id:3, profile:2001h, event code:0000h,
05-14 06:11:30.953 10947-11002/com.askey.firefly.zwave.control I/ZWCONTROL:                         name:Button S2, command list:
05-14 06:11:30.953 10947-11002/com.askey.firefly.zwave.control I/ZWCONTROL:                         command class:0026h(COMMAND_CLASS_SWITCH_MULTILEVEL), command:01h
05-14 06:11:30.953 10947-11002/com.askey.firefly.zwave.control I/ZWCONTROL:               Interface: 8Ev3:COMMAND_CLASS_MULTI_CHANNEL_ASSOCIATION [228] ^ 
05-14 06:11:30.953 10947-11002/com.askey.firefly.zwave.control I/ZWCONTROL:               Interface: 6Cv1:COMMAND_CLASS_SUPERVISION [229] ^ 
05-14 06:11:30.953 10947-11002/com.askey.firefly.zwave.control I/ZWCONTROL: Endpoint id:2[230]
05-14 06:11:30.953 10947-11002/com.askey.firefly.zwave.control I/ZWCONTROL: Device class: generic:18, specific:01
05-14 06:11:30.953 10947-11002/com.askey.firefly.zwave.control I/ZWCONTROL: ZWave+ version:1
05-14 06:11:30.953 10947-11002/com.askey.firefly.zwave.control I/ZWCONTROL: ZWave+ node type:Z-Wave+ node
05-14 06:11:30.953 10947-11002/com.askey.firefly.zwave.control I/ZWCONTROL: ZWave+ role type:Always On Slave
05-14 06:11:30.953 10947-11002/com.askey.firefly.zwave.control I/ZWCONTROL: ZWave+ installer icon:1600h
05-14 06:11:30.953 10947-11002/com.askey.firefly.zwave.control I/ZWCONTROL: ZWave+ user icon:1600h
05-14 06:11:30.953 10947-11002/com.askey.firefly.zwave.control I/ZWCONTROL:               Interface: 20v2:COMMAND_CLASS_BASIC [231] ^ 
05-14 06:11:30.953 10947-11002/com.askey.firefly.zwave.control I/ZWCONTROL:               Interface: 5Ev2:COMMAND_CLASS_ZWAVEPLUS_INFO [232] ^ 
05-14 06:11:30.953 10947-11002/com.askey.firefly.zwave.control I/ZWCONTROL:               Interface: 85v2:COMMAND_CLASS_ASSOCIATION [233] ^ 
05-14 06:11:30.953 10947-11002/com.askey.firefly.zwave.control I/ZWCONTROL:               Interface: 59v1:COMMAND_CLASS_ASSOCIATION_GRP_INFO [234] ^ 
05-14 06:11:30.953 10947-11002/com.askey.firefly.zwave.control I/ZWCONTROL:                         Group info type:static
05-14 06:11:30.953 10947-11002/com.askey.firefly.zwave.control I/ZWCONTROL:                         Maximum supported groups:3
05-14 06:11:30.953 10947-11002/com.askey.firefly.zwave.control I/ZWCONTROL:                         Valid groups:3
05-14 06:11:30.953 10947-11002/com.askey.firefly.zwave.control I/ZWCONTROL:                         --------------------------------------------
05-14 06:11:30.953 10947-11002/com.askey.firefly.zwave.control I/ZWCONTROL:                         Group id:1, profile:0001h, event code:0000h,
05-14 06:11:30.953 10947-11002/com.askey.firefly.zwave.control I/ZWCONTROL:                         name:EP2 NOT USED, command list:
05-14 06:11:30.953 10947-11002/com.askey.firefly.zwave.control I/ZWCONTROL:                         command class:005bh(COMMAND_CLASS_CENTRAL_SCENE), command:03h
05-14 06:11:30.953 10947-11002/com.askey.firefly.zwave.control I/ZWCONTROL:                         --------------------------------------------
05-14 06:11:30.953 10947-11002/com.askey.firefly.zwave.control I/ZWCONTROL:                         Group id:2, profile:2002h, event code:0000h,
05-14 06:11:30.953 10947-11002/com.askey.firefly.zwave.control I/ZWCONTROL:                         name:NOT USED, command list:
05-14 06:11:30.953 10947-11002/com.askey.firefly.zwave.control I/ZWCONTROL:                         command class:0020h(COMMAND_CLASS_BASIC), command:01h
05-14 06:11:30.953 10947-11002/com.askey.firefly.zwave.control I/ZWCONTROL:                         --------------------------------------------
05-14 06:11:30.953 10947-11002/com.askey.firefly.zwave.control I/ZWCONTROL:                         Group id:3, profile:2002h, event code:0000h,
05-14 06:11:30.953 10947-11002/com.askey.firefly.zwave.control I/ZWCONTROL:                         name:NOT USED, command list:
05-14 06:11:30.953 10947-11002/com.askey.firefly.zwave.control I/ZWCONTROL:                         command class:0026h(COMMAND_CLASS_SWITCH_MULTILEVEL), command:01h
05-14 06:11:30.953 10947-11002/com.askey.firefly.zwave.control I/ZWCONTROL:               Interface: 8Ev3:COMMAND_CLASS_MULTI_CHANNEL_ASSOCIATION [235] ^ 
05-14 06:11:30.953 10947-11002/com.askey.firefly.zwave.control I/ZWCONTROL:               Interface: 6Cv1:COMMAND_CLASS_SUPERVISION [236] ^ 
05-14 06:11:30.953 10947-11002/com.askey.firefly.zwave.control I/ZWCONTROL: Endpoint id:3[237]
05-14 06:11:30.953 10947-11002/com.askey.firefly.zwave.control I/ZWCONTROL: Device class: generic:18, specific:01
05-14 06:11:30.954 10947-11002/com.askey.firefly.zwave.control I/ZWCONTROL: ZWave+ version:1
05-14 06:11:30.954 10947-11002/com.askey.firefly.zwave.control I/ZWCONTROL: ZWave+ node type:Z-Wave+ node
05-14 06:11:30.954 10947-11002/com.askey.firefly.zwave.control I/ZWCONTROL: ZWave+ role type:Always On Slave
05-14 06:11:30.954 10947-11002/com.askey.firefly.zwave.control I/ZWCONTROL: ZWave+ installer icon:1600h
05-14 06:11:30.954 10947-11002/com.askey.firefly.zwave.control I/ZWCONTROL: ZWave+ user icon:1600h
05-14 06:11:30.954 10947-11002/com.askey.firefly.zwave.control I/ZWCONTROL:               Interface: 20v2:COMMAND_CLASS_BASIC [238] ^ 
05-14 06:11:30.954 10947-11002/com.askey.firefly.zwave.control I/ZWCONTROL:               Interface: 5Ev2:COMMAND_CLASS_ZWAVEPLUS_INFO [239] ^ 
05-14 06:11:30.954 10947-11002/com.askey.firefly.zwave.control I/ZWCONTROL:               Interface: 85v2:COMMAND_CLASS_ASSOCIATION [240] ^ 
05-14 06:11:30.954 10947-11002/com.askey.firefly.zwave.control I/ZWCONTROL:               Interface: 59v1:COMMAND_CLASS_ASSOCIATION_GRP_INFO [241] ^ 
05-14 06:11:30.954 10947-11002/com.askey.firefly.zwave.control I/ZWCONTROL:                         Group info type:static
05-14 06:11:30.954 10947-11002/com.askey.firefly.zwave.control I/ZWCONTROL:                         Maximum supported groups:3
05-14 06:11:30.954 10947-11002/com.askey.firefly.zwave.control I/ZWCONTROL:                         Valid groups:3
05-14 06:11:30.954 10947-11002/com.askey.firefly.zwave.control I/ZWCONTROL:                         --------------------------------------------
05-14 06:11:30.954 10947-11002/com.askey.firefly.zwave.control I/ZWCONTROL:                         Group id:1, profile:0001h, event code:0000h,
05-14 06:11:30.954 10947-11002/com.askey.firefly.zwave.control I/ZWCONTROL:                         name:EP3 switch, command list:
05-14 06:11:30.954 10947-11002/com.askey.firefly.zwave.control I/ZWCONTROL:                         command class:005bh(COMMAND_CLASS_CENTRAL_SCENE), command:03h
05-14 06:11:30.954 10947-11002/com.askey.firefly.zwave.control I/ZWCONTROL:                         --------------------------------------------
05-14 06:11:30.954 10947-11002/com.askey.firefly.zwave.control I/ZWCONTROL:                         Group id:2, profile:2003h, event code:0000h,
05-14 06:11:30.954 10947-11002/com.askey.firefly.zwave.control I/ZWCONTROL:                         name:Button S4, command list:
05-14 06:11:30.954 10947-11002/com.askey.firefly.zwave.control I/ZWCONTROL:                         command class:0020h(COMMAND_CLASS_BASIC), command:01h
05-14 06:11:30.954 10947-11002/com.askey.firefly.zwave.control I/ZWCONTROL:                         --------------------------------------------
05-14 06:11:30.954 10947-11002/com.askey.firefly.zwave.control I/ZWCONTROL:                         Group id:3, profile:2003h, event code:0000h,
05-14 06:11:30.954 10947-11002/com.askey.firefly.zwave.control I/ZWCONTROL:                         name:Button S4, command list:
05-14 06:11:30.961 10947-11002/com.askey.firefly.zwave.control I/ZWCONTROL:                         command class:0026h(COMMAND_CLASS_SWITCH_MULTILEVEL), command:01h
05-14 06:11:30.961 10947-11002/com.askey.firefly.zwave.control I/ZWCONTROL:               Interface: 8Ev3:COMMAND_CLASS_MULTI_CHANNEL_ASSOCIATION [242] ^ 
05-14 06:11:30.961 10947-11002/com.askey.firefly.zwave.control I/ZWCONTROL:               Interface: 6Cv1:COMMAND_CLASS_SUPERVISION [243] ^ 
05-14 06:11:30.961 10947-11002/com.askey.firefly.zwave.control I/ZWCONTROL: Endpoint id:4[244]
05-14 06:11:30.961 10947-11002/com.askey.firefly.zwave.control I/ZWCONTROL: Device class: generic:18, specific:01
05-14 06:11:30.961 10947-11002/com.askey.firefly.zwave.control I/ZWCONTROL: ZWave+ version:1
05-14 06:11:30.961 10947-11002/com.askey.firefly.zwave.control I/ZWCONTROL: ZWave+ node type:Z-Wave+ node
05-14 06:11:30.961 10947-11002/com.askey.firefly.zwave.control I/ZWCONTROL: ZWave+ role type:Always On Slave
05-14 06:11:30.961 10947-11002/com.askey.firefly.zwave.control I/ZWCONTROL: ZWave+ installer icon:1600h
05-14 06:11:30.961 10947-11002/com.askey.firefly.zwave.control I/ZWCONTROL: ZWave+ user icon:1600h
05-14 06:11:30.961 10947-11002/com.askey.firefly.zwave.control I/ZWCONTROL:               Interface: 20v2:COMMAND_CLASS_BASIC [245] ^ 
05-14 06:11:30.962 10947-11002/com.askey.firefly.zwave.control I/ZWCONTROL:               Interface: 5Ev2:COMMAND_CLASS_ZWAVEPLUS_INFO [246] ^ 
05-14 06:11:30.962 10947-11002/com.askey.firefly.zwave.control I/ZWCONTROL:               Interface: 85v2:COMMAND_CLASS_ASSOCIATION [247] ^ 
05-14 06:11:30.962 10947-11002/com.askey.firefly.zwave.control I/ZWCONTROL:               Interface: 59v1:COMMAND_CLASS_ASSOCIATION_GRP_INFO [248] ^ 
05-14 06:11:30.962 10947-11002/com.askey.firefly.zwave.control I/ZWCONTROL:                         Group info type:static
05-14 06:11:30.962 10947-11002/com.askey.firefly.zwave.control I/ZWCONTROL:                         Maximum supported groups:3
05-14 06:11:30.962 10947-11002/com.askey.firefly.zwave.control I/ZWCONTROL:                         Valid groups:3
05-14 06:11:30.962 10947-11002/com.askey.firefly.zwave.control I/ZWCONTROL:                         --------------------------------------------
05-14 06:11:30.962 10947-11002/com.askey.firefly.zwave.control I/ZWCONTROL:                         Group id:1, profile:0001h, event code:0000h,
05-14 06:11:30.962 10947-11002/com.askey.firefly.zwave.control I/ZWCONTROL:                         name:EP4 switch, command list:
05-14 06:11:30.962 10947-11002/com.askey.firefly.zwave.control I/ZWCONTROL:                         command class:005bh(COMMAND_CLASS_CENTRAL_SCENE), command:03h
05-14 06:11:30.962 10947-11002/com.askey.firefly.zwave.control I/ZWCONTROL:                         --------------------------------------------
05-14 06:11:30.962 10947-11002/com.askey.firefly.zwave.control I/ZWCONTROL:                         Group id:2, profile:2004h, event code:0000h,
05-14 06:11:30.962 10947-11002/com.askey.firefly.zwave.control I/ZWCONTROL:                         name:Button S6, command list:
05-14 06:11:30.962 10947-11002/com.askey.firefly.zwave.control I/ZWCONTROL:                         command class:0020h(COMMAND_CLASS_BASIC), command:01h
05-14 06:11:30.962 10947-11002/com.askey.firefly.zwave.control I/ZWCONTROL:                         --------------------------------------------
05-14 06:11:30.962 10947-11002/com.askey.firefly.zwave.control I/ZWCONTROL:                         Group id:3, profile:2004h, event code:0000h,
05-14 06:11:30.962 10947-11002/com.askey.firefly.zwave.control I/ZWCONTROL:                         name:Button S6, command list:
05-14 06:11:30.962 10947-11002/com.askey.firefly.zwave.control I/ZWCONTROL:                         command class:0026h(COMMAND_CLASS_SWITCH_MULTILEVEL), command:01h
05-14 06:11:30.962 10947-11002/com.askey.firefly.zwave.control I/ZWCONTROL:               Interface: 8Ev3:COMMAND_CLASS_MULTI_CHANNEL_ASSOCIATION [249] ^ 
05-14 06:11:30.962 10947-11002/com.askey.firefly.zwave.control I/ZWCONTROL:               Interface: 6Cv1:COMMAND_CLASS_SUPERVISION [250] ^ 
05-14 06:11:30.962 10947-11002/com.askey.firefly.zwave.control I/ZWCONTROL: __________________________________________________________________________
05-14 06:11:30.969 10947-11002/com.askey.firefly.zwave.control I/ZwaveControlService: zwaveCallBack jniResult==={
                                                                                      	"MessageType":	"All Node Info Report",
                                                                                      	"Node Info List":	[{
                                                                                      			"Home id":	"FD059E97",
                                                                                      			"Node id":	1,
                                                                                      			"Node security inclusion status":	"[S2]",
                                                                                      			"Vendor id":	"0000",
                                                                                      			"Product type id":	"0003",
                                                                                      			"Product id":	"0008",
                                                                                      			"Z-wave library type":	7,
                                                                                      			"Z-wave protocol version":	"6.02",
                                                                                      			"Application version":	"6.01",
                                                                                      			"Hardware version":	1,
                                                                                      			"Firmware":	1,
                                                                                      			"Firmware version":	"2.81",
                                                                                      			"Firmware":	2,
                                                                                      			"Firmware version":	"1.00",
                                                                                      			"Firmware":	3,
                                                                                      			"Firmware version":	"1.00",
                                                                                      			"EndPoint List":	[{
                                                                                      					"Endpoint id":	0,
                                                                                      					"Endpoint interface id":	2,
                                                                                      					"Device class generic":	"02",
                                                                                      					"Device class specific":	"07",
                                                                                      					"Interface List":	[]
                                                                                      				}]
                                                                                      		}, {
                                                                                      			"Home id":	"FD059E97",
                                                                                      			"Node id":	7,
                                                                                      			"Node security inclusion status":	"Normal",
                                                                                      			"Vendor id":	"0000",
                                                                                      			"Product type id":	"0003",
                                                                                      			"Product id":	"000C",
                                                                                      			"Z-wave library type":	3,
                                                                                      			"Z-wave protocol version":	"6.01",
                                                                                      			"Application version":	"4.01",
                                                                                      			"Hardware version":	255,
                                                                                      			"EndPoint List":	[{
                                                                                      					"Endpoint id":	0,
                                                                                      					"Endpoint interface id":	203,
                                                                                      					"Device class generic":	"18",
                                                                                      					"Device class specific":	"01",
                                                                                      					"ZWave+ version":	1,
                                                                                      					"ZWave+ node type":	"Z-Wave+ node",
                                                                                      					"ZWave+ role type":	"Always On Slave",
                                                                                      					"ZWave+ installer icon":	"1600h",
                                                                                      					"ZWave+ device type":	"unknown device",
                                                                                      					"Interface List":	[{
                                                                                      							"Interface Class":	"COMMAND_CLASS_BASIC",
                                                                                      							"Interface Id":	204,
                                                                                      							"Interface security level":	"unsecure"
                                                                                      						}, {
                                                                                      							"Interface Class":	"COMMAND_CLASS_ZWAVEPLUS_INFO",
                                                                                      							"Interface Id":	205,
                                                                                      							"Interface security level":	"unsecure"
                                                                                      						}, {
                                                                                      							"Interface Class":	"COMMAND_CLASS_ASSOCIATION",
                                                                                      							"Interface Id":	206,
                                                                                      							"Interface security level":	"unsecure"
                                                                                      						}, {
                                                                                      							"Interface Class":	"COMMAND_CLASS_IP_ASSOCIATION",
                                                                                      							"Interface Id":	207,
                                                                                      							"Interface security level":	"unsecure"
                                                                                      						}, {
                                                                                      							"Interface Class":	"COMMAND_CLASS_ASSOCIATION_GRP_INFO",
                                                                                      							"Interface Id":	208,
                                                                                      							"Interface security level":	"unsecure",
                                                                                      							"Group info type":	"static",
                                                                                      							"Maximum supported groups":	9,
                                                                                      							"Valid groups":	9,
                                                                                      							"Group Info List":	[{
                                                                                      									"Group id":	1,
                                                                                      									"profile":	"0001h",
                                                                                      									"event code":	"0000h",
                                                                                      									"Cmd Info List":	[{
                                                                                      											"command class":	"COMMAND_CLASS_CENTRAL_SCENE",
                                                                                      											"command":	"03h"
                                                                                      										}, {
                                                                                      											"command class":	"COMMAND_CLASS_DEVICE_RESET_LOCALLY",
                                                                                      											"command":	"01h"
